Archive member included to satisfy reference by file (symbol)

/home/hsk/Desktop/devel/tee-tpm-hyp/optee_os/out/arm/export-ta_arm32/lib/libutils.a(trace.o)
                              ./acipher_ta.o (trace_printf)
/home/hsk/Desktop/devel/tee-tpm-hyp/optee_os/out/arm/export-ta_arm32/lib/libutils.a(aeabi_unwind.o)
                              ./acipher_ta.o (__aeabi_unwind_cpp_pr0)
/home/hsk/Desktop/devel/tee-tpm-hyp/optee_os/out/arm/export-ta_arm32/lib/libutils.a(snprintk.o)
                              /home/hsk/Desktop/devel/tee-tpm-hyp/optee_os/out/arm/export-ta_arm32/lib/libutils.a(trace.o) (snprintk)
/home/hsk/Desktop/devel/tee-tpm-hyp/optee_os/out/arm/export-ta_arm32/lib/libutils.a(memchr.o)
                              /home/hsk/Desktop/devel/tee-tpm-hyp/optee_os/out/arm/export-ta_arm32/lib/libutils.a(snprintk.o) (memchr)
/home/hsk/Desktop/devel/tee-tpm-hyp/optee_os/out/arm/export-ta_arm32/lib/libutils.a(strlen.o)
                              /home/hsk/Desktop/devel/tee-tpm-hyp/optee_os/out/arm/export-ta_arm32/lib/libutils.a(snprintk.o) (strlen)
/home/hsk/Desktop/devel/tee-tpm-hyp/optee_os/out/arm/export-ta_arm32/lib/libutils.a(arm32_aeabi_ldivmod_a32.o)
                              /home/hsk/Desktop/devel/tee-tpm-hyp/optee_os/out/arm/export-ta_arm32/lib/libutils.a(snprintk.o) (__aeabi_uldivmod)
/home/hsk/Desktop/devel/tee-tpm-hyp/optee_os/out/arm/export-ta_arm32/lib/libutils.a(arm32_aeabi_ldivmod.o)
                              /home/hsk/Desktop/devel/tee-tpm-hyp/optee_os/out/arm/export-ta_arm32/lib/libutils.a(arm32_aeabi_ldivmod_a32.o) (__ul_divmod)
/home/hsk/Desktop/devel/tee-tpm-hyp/optee_os/out/arm/export-ta_arm32/lib/libutee.a(trace_ext.o)
                              /home/hsk/Desktop/devel/tee-tpm-hyp/optee_os/out/arm/export-ta_arm32/lib/libutils.a(trace.o) (trace_ext_puts)
/home/hsk/Desktop/devel/tee-tpm-hyp/optee_os/out/arm/export-ta_arm32/lib/libutee.a(tee_api.o)
                              ./acipher_ta.o (TEE_Malloc)
/home/hsk/Desktop/devel/tee-tpm-hyp/optee_os/out/arm/export-ta_arm32/lib/libutee.a(tee_api_objects.o)
                              ./acipher_ta.o (TEE_GetObjectInfo1)
/home/hsk/Desktop/devel/tee-tpm-hyp/optee_os/out/arm/export-ta_arm32/lib/libutee.a(tee_api_operations.o)
                              ./acipher_ta.o (TEE_FreeOperation)
/home/hsk/Desktop/devel/tee-tpm-hyp/optee_os/out/arm/export-ta_arm32/lib/libutee.a(tee_api_panic.o)
                              /home/hsk/Desktop/devel/tee-tpm-hyp/optee_os/out/arm/export-ta_arm32/lib/libutee.a(tee_api.o) (TEE_Panic)
/home/hsk/Desktop/devel/tee-tpm-hyp/optee_os/out/arm/export-ta_arm32/lib/libutee.a(user_ta_entry.o)
                              ./user_ta_header.o (__utee_entry)
/home/hsk/Desktop/devel/tee-tpm-hyp/optee_os/out/arm/export-ta_arm32/lib/libutee.a(utee_syscalls_a32.o)
                              /home/hsk/Desktop/devel/tee-tpm-hyp/optee_os/out/arm/export-ta_arm32/lib/libutee.a(tee_api_panic.o) (utee_panic)
/home/hsk/Desktop/devel/tee-tpm-hyp/optee_os/out/arm/export-ta_arm32/lib/libutee.a(gprof_a32.o)
                              /home/hsk/Desktop/devel/tee-tpm-hyp/optee_os/out/arm/export-ta_arm32/lib/libutee.a(user_ta_entry.o) (__utee_mcount)
/home/hsk/Desktop/devel/tee-tpm-hyp/optee_os/out/arm/export-ta_arm32/lib/libutee.a(tee_api_arith_mpi.o)
                              /home/hsk/Desktop/devel/tee-tpm-hyp/optee_os/out/arm/export-ta_arm32/lib/libutee.a(user_ta_entry.o) (_TEE_MathAPI_Init)
/home/hsk/Desktop/devel/tee-tpm-hyp/optee_os/out/arm/export-ta_arm32/lib/libmbedtls.a(bignum.o)
                              /home/hsk/Desktop/devel/tee-tpm-hyp/optee_os/out/arm/export-ta_arm32/lib/libutee.a(tee_api_arith_mpi.o) (mbedtls_mpi_init_mempool)
/home/hsk/Desktop/devel/tee-tpm-hyp/optee_os/out/arm/export-ta_arm32/lib/libutils.a(bget_malloc.o)
                              /home/hsk/Desktop/devel/tee-tpm-hyp/optee_os/out/arm/export-ta_arm32/lib/libutee.a(tee_api.o) (malloc)
/home/hsk/Desktop/devel/tee-tpm-hyp/optee_os/out/arm/export-ta_arm32/lib/libutils.a(snprintf.o)
                              /home/hsk/Desktop/devel/tee-tpm-hyp/optee_os/out/arm/export-ta_arm32/lib/libutee.a(trace_ext.o) (vsnprintf)
/home/hsk/Desktop/devel/tee-tpm-hyp/optee_os/out/arm/export-ta_arm32/lib/libutils.a(memcmp.o)
                              /home/hsk/Desktop/devel/tee-tpm-hyp/optee_os/out/arm/export-ta_arm32/lib/libutee.a(tee_api.o) (memcmp)
/home/hsk/Desktop/devel/tee-tpm-hyp/optee_os/out/arm/export-ta_arm32/lib/libutils.a(memcpy.o)
                              /home/hsk/Desktop/devel/tee-tpm-hyp/optee_os/out/arm/export-ta_arm32/lib/libutee.a(tee_api_operations.o) (memcpy)
/home/hsk/Desktop/devel/tee-tpm-hyp/optee_os/out/arm/export-ta_arm32/lib/libutils.a(memmove.o)
                              /home/hsk/Desktop/devel/tee-tpm-hyp/optee_os/out/arm/export-ta_arm32/lib/libutee.a(tee_api.o) (memmove)
/home/hsk/Desktop/devel/tee-tpm-hyp/optee_os/out/arm/export-ta_arm32/lib/libutils.a(memset.o)
[...]
Memory Configuration

Name             Origin             Length             Attributes
*default*        0x0000000000000000 0xffffffffffffffff

Linker script and memory map


.ta_head        0x0000000000000000       0x20
 *(SORT(.ta_head))
 .ta_head       0x0000000000000000       0x20 ./user_ta_header.o
                0x0000000000000000                ta_head

.text           0x0000000000000020     0x7ba8
                0x0000000000000020                __text_start = .
 *(SORT(.text) SORT(.text.*))
 .text          0x0000000000000020      0x210 ./acipher_ta.o
                0x0000000000000020                TA_CreateEntryPoint
                0x0000000000000024                TA_DestroyEntryPoint
                0x0000000000000026                TA_OpenSessionEntryPoint
                0x0000000000000048                TA_CloseSessionEntryPoint
                0x000000000000005c                TA_InvokeCommandEntryPoint
 .text          0x0000000000000230      0x2b4 /home/hsk/Desktop/devel/tee-tpm-hyp/optee_os/out/arm/export-ta_arm32/lib/libutils.a(trace.o)
                0x000000000000027e                trace_set_level
                0x000000000000029c                trace_get_level
                0x00000000000002b0                trace_printf
                0x00000000000003ec                dhex_dump
 .text          0x00000000000004e4      0x724 /home/hsk/Desktop/devel/tee-tpm-hyp/optee_os/out/arm/export-ta_arm32/lib/libutils.a(snprintk.o)
                0x00000000000004e4                __vsnprintf
                0x0000000000000be0                vsnprintk
                0x0000000000000bee                snprintk
 .text.__aeabi_ldivmod
                0x0000000000000c08       0x18 /home/hsk/Desktop/devel/tee-tpm-hyp/optee_os/out/arm/export-ta_arm32/lib/libutils.a(arm32_aeabi_ldivmod_a32.o)
                0x0000000000000c08                __aeabi_ldivmod
 .text.__aeabi_uldivmod
                0x0000000000000c20       0x18 /home/hsk/Desktop/devel/tee-tpm-hyp/optee_os/out/arm/export-ta_arm32/lib/libutils.a(arm32_aeabi_ldivmod_a32.o)
                0x0000000000000c20                __aeabi_uldivmod
 .text          0x0000000000000c38       0x9c /home/hsk/Desktop/devel/tee-tpm-hyp/optee_os/out/arm/export-ta_arm32/lib/libutee.a(trace_ext.o)
                0x0000000000000c38                trace_ext_puts
                0x0000000000000c4c                trace_ext_get_thread_id
                0x0000000000000c52                printf
                0x0000000000000c8c                puts
                0x0000000000000cb0                putchar
 .text          0x0000000000000cd4      0x2e0 /home/hsk/Desktop/devel/tee-tpm-hyp/optee_os/out/arm/export-ta_arm32/lib/libutee.a(tee_api.o)
                0x0000000000000cd4                __utee_from_param
                0x0000000000000d22                __utee_to_param
                0x0000000000000d5e                TEE_OpenTASession
                0x0000000000000da2                TEE_CloseTASession
                0x0000000000000db6                TEE_InvokeTACommand
                0x0000000000000e1c                TEE_GetCancellationFlag
                0x0000000000000e38                TEE_UnmaskCancellation
                0x0000000000000e54                TEE_MaskCancellation
                0x0000000000000e70                TEE_CheckMemoryAccessRights
                0x0000000000000e7a                TEE_SetInstanceData
                0x0000000000000e88                TEE_GetInstanceData
                0x0000000000000e94                TEE_MemMove
                0x0000000000000e98                TEE_MemCompare
                0x0000000000000e9c                TEE_MemFill
                0x0000000000000ea0                TEE_GetSystemTime
                0x0000000000000eb6                TEE_Wait
                0x0000000000000ed4                TEE_GetTAPersistentTime
                0x0000000000000f10                TEE_SetTAPersistentTime
                0x0000000000000f38                TEE_GetREETime
                0x0000000000000f4e                TEE_Malloc
                0x0000000000000f98                TEE_Realloc
                0x0000000000000f9c                TEE_Free
                0x0000000000000fa0                TEE_CacheClean
                0x0000000000000fa6                TEE_CacheFlush
                0x0000000000000fac                TEE_CacheInvalidate
 .text          0x0000000000000fb4      0x7b0 /home/hsk/Desktop/devel/tee-tpm-hyp/optee_os/out/arm/export-ta_arm32/lib/libutee.a(tee_api_objects.o)
                0x0000000000000fb4                __utee_from_attr
                0x0000000000000fec                TEE_GetObjectInfo
                0x0000000000001018                TEE_GetObjectInfo1
                0x0000000000001038                TEE_RestrictObjectUsage1
                0x0000000000001058                TEE_RestrictObjectUsage
                0x0000000000001084                TEE_GetObjectBufferAttribute
                0x00000000000010f4                TEE_GetObjectValueAttribute
                0x0000000000001178                TEE_CloseObject
                0x000000000000118c                TEE_AllocateTransientObject
                0x00000000000011bc                TEE_FreeTransientObject
                0x00000000000011ec                TEE_ResetTransientObject
                0x000000000000121c                TEE_PopulateTransientObject
                0x000000000000128c                TEE_InitRefAttribute
                0x00000000000012ae                TEE_InitValueAttribute
                0x00000000000012d0                TEE_CopyObjectAttributes1
                0x0000000000001338                TEE_CopyObjectAttributes
                0x0000000000001368                TEE_GenerateKey
                0x00000000000013d4                TEE_OpenPersistentObject
                0x0000000000001438                TEE_CreatePersistentObject
                0x00000000000014d0                TEE_CloseAndDeletePersistentObject1
                0x00000000000014f4                TEE_CloseAndDeletePersistentObject
                0x000000000000150a                TEE_RenamePersistentObject
                0x0000000000001550                TEE_AllocatePersistentObjectEnumerator
                0x0000000000001588                TEE_FreePersistentObjectEnumerator
                0x000000000000159c                TEE_ResetPersistentObjectEnumerator
                0x00000000000015b0                TEE_StartPersistentObjectEnumerator
                0x00000000000015dc                TEE_GetNextPersistentObject
                0x0000000000001630                TEE_ReadObjectData
                0x0000000000001670                TEE_WriteObjectData
                0x00000000000016b0                TEE_TruncateObjectData
                0x00000000000016e8                TEE_SeekObjectData
 .text          0x0000000000001764     0x15b0 /home/hsk/Desktop/devel/tee-tpm-hyp/optee_os/out/arm/export-ta_arm32/lib/libutee.a(tee_api_operations.o)
                0x00000000000018b8                TEE_FreeOperation
                0x00000000000018de                TEE_AllocateOperation
                0x0000000000001e14                TEE_GetOperationInfo
                0x0000000000001e36                TEE_GetOperationInfoMultiple
                0x0000000000001eec                TEE_ResetOperation
                0x0000000000001f2c                TEE_SetOperationKey
                0x0000000000001fbc                TEE_SetOperationKey2
                0x00000000000020b0                TEE_CopyOperation
                0x0000000000002154                TEE_DigestUpdate
                0x0000000000002184                TEE_DigestDoFinal
                0x00000000000021f4                TEE_CipherInit
                0x000000000000224a                TEE_CipherUpdate
                0x0000000000002330                TEE_CipherDoFinal
                0x000000000000243c                TEE_MACInit
                0x0000000000002492                TEE_MACUpdate
                0x00000000000024e0                TEE_MACComputeFinal
                0x0000000000002548                TEE_MACCompareFinal
                0x00000000000025b0                TEE_AEInit
                0x0000000000002620                TEE_AEUpdateAAD
                0x0000000000002666                TEE_AEUpdate
                0x0000000000002734                TEE_AEEncryptFinal
                0x000000000000284c                TEE_AEDecryptFinal
                0x0000000000002954                TEE_AsymmetricEncrypt
                0x0000000000002a10                TEE_AsymmetricDecrypt
                0x0000000000002ad0                TEE_AsymmetricSignDigest
                0x0000000000002b84                TEE_AsymmetricVerifyDigest
                0x0000000000002c30                TEE_DeriveKey
                0x0000000000002cea                TEE_GenerateRandom
                0x0000000000002cfc                rand
 .text          0x0000000000002d14      0x210 /home/hsk/Desktop/devel/tee-tpm-hyp/optee_os/out/arm/export-ta_arm32/lib/libutee.a(user_ta_entry.o)
                0x0000000000002d98                __utee_entry
 .text          0x0000000000002f24        0x0 /home/hsk/Desktop/devel/tee-tpm-hyp/optee_os/out/arm/export-ta_arm32/lib/libutee.a(utee_syscalls_a32.o)
 .text.utee_panic
                0x0000000000002f24       0x14 /home/hsk/Desktop/devel/tee-tpm-hyp/optee_os/out/arm/export-ta_arm32/lib/libutee.a(utee_syscalls_a32.o)
                0x0000000000002f24                utee_panic
 .text.utee_return
                0x0000000000002f38       0x14 /home/hsk/Desktop/devel/tee-tpm-hyp/optee_os/out/arm/export-ta_arm32/lib/libutee.a(utee_syscalls_a32.o)
                0x0000000000002f38                utee_return
 .text.utee_log
                0x0000000000002f4c       0x14 /home/hsk/Desktop/devel/tee-tpm-hyp/optee_os/out/arm/export-ta_arm32/lib/libutee.a(utee_syscalls_a32.o)
                0x0000000000002f4c                utee_log
 .text.__utee_panic
                0x0000000000002f60       0x14 /home/hsk/Desktop/devel/tee-tpm-hyp/optee_os/out/arm/export-ta_arm32/lib/libutee.a(utee_syscalls_a32.o)
                0x0000000000002f60                __utee_panic
 .text.utee_get_property
                0x0000000000002f74       0x18 /home/hsk/Desktop/devel/tee-tpm-hyp/optee_os/out/arm/export-ta_arm32/lib/libutee.a(utee_syscalls_a32.o)
                0x0000000000002f74                utee_get_property
 .text.utee_get_property_name_to_index
                0x0000000000002f8c       0x14 /home/hsk/Desktop/devel/tee-tpm-hyp/optee_os/out/arm/export-ta_arm32/lib/libutee.a(utee_syscalls_a32.o)
                0x0000000000002f8c                utee_get_property_name_to_index
 .text.utee_open_ta_session
                0x0000000000002fa0       0x18 /home/hsk/Desktop/devel/tee-tpm-hyp/optee_os/out/arm/export-ta_arm32/lib/libutee.a(utee_syscalls_a32.o)
                0x0000000000002fa0                utee_open_ta_session
 .text.utee_close_ta_session
                0x0000000000002fb8       0x14 /home/hsk/Desktop/devel/tee-tpm-hyp/optee_os/out/arm/export-ta_arm32/lib/libutee.a(utee_syscalls_a32.o)
                0x0000000000002fb8                utee_close_ta_session
 .text.utee_invoke_ta_command
                0x0000000000002fcc       0x18 /home/hsk/Desktop/devel/tee-tpm-hyp/optee_os/out/arm/export-ta_arm32/lib/libutee.a(utee_syscalls_a32.o)
                0x0000000000002fcc                utee_invoke_ta_command
 .text.utee_get_cancellation_flag
                0x0000000000002fe4       0x14 /home/hsk/Desktop/devel/tee-tpm-hyp/optee_os/out/arm/export-ta_arm32/lib/libutee.a(utee_syscalls_a32.o)
                0x0000000000002fe4                utee_get_cancellation_flag
 .text.utee_check_access_rights
                0x0000000000002ff8       0x14 /home/hsk/Desktop/devel/tee-tpm-hyp/optee_os/out/arm/export-ta_arm32/lib/libutee.a(utee_syscalls_a32.o)
                0x0000000000002ff8                utee_check_access_rights
 .text.utee_unmask_cancellation
                0x000000000000300c       0x14 /home/hsk/Desktop/devel/tee-tpm-hyp/optee_os/out/arm/export-ta_arm32/lib/libutee.a(utee_syscalls_a32.o)
                0x000000000000300c                utee_unmask_cancellation
 .text.utee_mask_cancellation
                0x0000000000003020       0x14 /home/hsk/Desktop/devel/tee-tpm-hyp/optee_os/out/arm/export-ta_arm32/lib/libutee.a(utee_syscalls_a32.o)
                0x0000000000003020                utee_mask_cancellation
 .text.utee_wait
                0x0000000000003034       0x14 /home/hsk/Desktop/devel/tee-tpm-hyp/optee_os/out/arm/export-ta_arm32/lib/libutee.a(utee_syscalls_a32.o)
                0x0000000000003034                utee_wait
 .text.utee_get_time
                0x0000000000003048       0x14 /home/hsk/Desktop/devel/tee-tpm-hyp/optee_os/out/arm/export-ta_arm32/lib/libutee.a(utee_syscalls_a32.o)
                0x0000000000003048                utee_get_time
 .text.utee_set_ta_time
                0x000000000000305c       0x14 /home/hsk/Desktop/devel/tee-tpm-hyp/optee_os/out/arm/export-ta_arm32/lib/libutee.a(utee_syscalls_a32.o)
                0x000000000000305c                utee_set_ta_time
 .text.utee_cryp_state_alloc
                0x0000000000003070       0x18 /home/hsk/Desktop/devel/tee-tpm-hyp/optee_os/out/arm/export-ta_arm32/lib/libutee.a(utee_syscalls_a32.o)
                0x0000000000003070                utee_cryp_state_alloc
 .text.utee_cryp_state_copy
                0x0000000000003088       0x14 /home/hsk/Desktop/devel/tee-tpm-hyp/optee_os/out/arm/export-ta_arm32/lib/libutee.a(utee_syscalls_a32.o)
                0x0000000000003088                utee_cryp_state_copy
 .text.utee_cryp_state_free
                0x000000000000309c       0x14 /home/hsk/Desktop/devel/tee-tpm-hyp/optee_os/out/arm/export-ta_arm32/lib/libutee.a(utee_syscalls_a32.o)
                0x000000000000309c                utee_cryp_state_free
 .text.utee_hash_init
                0x00000000000030b0       0x14 /home/hsk/Desktop/devel/tee-tpm-hyp/optee_os/out/arm/export-ta_arm32/lib/libutee.a(utee_syscalls_a32.o)
                0x00000000000030b0                utee_hash_init
 .text.utee_hash_update
                0x00000000000030c4       0x14 /home/hsk/Desktop/devel/tee-tpm-hyp/optee_os/out/arm/export-ta_arm32/lib/libutee.a(utee_syscalls_a32.o)
                0x00000000000030c4                utee_hash_update
 .text.utee_hash_final
                0x00000000000030d8       0x18 /home/hsk/Desktop/devel/tee-tpm-hyp/optee_os/out/arm/export-ta_arm32/lib/libutee.a(utee_syscalls_a32.o)
                0x00000000000030d8                utee_hash_final
 .text.utee_cipher_init
                0x00000000000030f0       0x14 /home/hsk/Desktop/devel/tee-tpm-hyp/optee_os/out/arm/export-ta_arm32/lib/libutee.a(utee_syscalls_a32.o)
                0x00000000000030f0                utee_cipher_init
 .text.utee_cipher_update
                0x0000000000003104       0x18 /home/hsk/Desktop/devel/tee-tpm-hyp/optee_os/out/arm/export-ta_arm32/lib/libutee.a(utee_syscalls_a32.o)
                0x0000000000003104                utee_cipher_update
 .text.utee_cipher_final
                0x000000000000311c       0x18 /home/hsk/Desktop/devel/tee-tpm-hyp/optee_os/out/arm/export-ta_arm32/lib/libutee.a(utee_syscalls_a32.o)
                0x000000000000311c                utee_cipher_final
 .text.utee_cryp_obj_get_info
                0x0000000000003134       0x14 /home/hsk/Desktop/devel/tee-tpm-hyp/optee_os/out/arm/export-ta_arm32/lib/libutee.a(utee_syscalls_a32.o)
                0x0000000000003134                utee_cryp_obj_get_info
 .text.utee_cryp_obj_restrict_usage
                0x0000000000003148       0x14 /home/hsk/Desktop/devel/tee-tpm-hyp/optee_os/out/arm/export-ta_arm32/lib/libutee.a(utee_syscalls_a32.o)
                0x0000000000003148                utee_cryp_obj_restrict_usage
 .text.utee_cryp_obj_get_attr
                0x000000000000315c       0x14 /home/hsk/Desktop/devel/tee-tpm-hyp/optee_os/out/arm/export-ta_arm32/lib/libutee.a(utee_syscalls_a32.o)
                0x000000000000315c                utee_cryp_obj_get_attr
 .text.utee_cryp_obj_alloc
                0x0000000000003170       0x14 /home/hsk/Desktop/devel/tee-tpm-hyp/optee_os/out/arm/export-ta_arm32/lib/libutee.a(utee_syscalls_a32.o)
                0x0000000000003170                utee_cryp_obj_alloc
 .text.utee_cryp_obj_close
                0x0000000000003184       0x14 /home/hsk/Desktop/devel/tee-tpm-hyp/optee_os/out/arm/export-ta_arm32/lib/libutee.a(utee_syscalls_a32.o)
                0x0000000000003184                utee_cryp_obj_close
 .text.utee_cryp_obj_reset
                0x0000000000003198       0x14 /home/hsk/Desktop/devel/tee-tpm-hyp/optee_os/out/arm/export-ta_arm32/lib/libutee.a(utee_syscalls_a32.o)
                0x0000000000003198                utee_cryp_obj_reset
 .text.utee_cryp_obj_populate
                0x00000000000031ac       0x14 /home/hsk/Desktop/devel/tee-tpm-hyp/optee_os/out/arm/export-ta_arm32/lib/libutee.a(utee_syscalls_a32.o)
                0x00000000000031ac                utee_cryp_obj_populate
 .text.utee_cryp_obj_copy
                0x00000000000031c0       0x14 /home/hsk/Desktop/devel/tee-tpm-hyp/optee_os/out/arm/export-ta_arm32/lib/libutee.a(utee_syscalls_a32.o)
                0x00000000000031c0                utee_cryp_obj_copy
 .text.utee_cryp_derive_key
                0x00000000000031d4       0x14 /home/hsk/Desktop/devel/tee-tpm-hyp/optee_os/out/arm/export-ta_arm32/lib/libutee.a(utee_syscalls_a32.o)
                0x00000000000031d4                utee_cryp_derive_key
 .text.utee_cryp_random_number_generate
                0x00000000000031e8       0x14 /home/hsk/Desktop/devel/tee-tpm-hyp/optee_os/out/arm/export-ta_arm32/lib/libutee.a(utee_syscalls_a32.o)
                0x00000000000031e8                utee_cryp_random_number_generate
 .text.utee_authenc_init
                0x00000000000031fc       0x18 /home/hsk/Desktop/devel/tee-tpm-hyp/optee_os/out/arm/export-ta_arm32/lib/libutee.a(utee_syscalls_a32.o)
                0x00000000000031fc                utee_authenc_init
 .text.utee_authenc_update_aad
                0x0000000000003214       0x14 /home/hsk/Desktop/devel/tee-tpm-hyp/optee_os/out/arm/export-ta_arm32/lib/libutee.a(utee_syscalls_a32.o)
                0x0000000000003214                utee_authenc_update_aad
 .text.utee_authenc_update_payload
                0x0000000000003228       0x18 /home/hsk/Desktop/devel/tee-tpm-hyp/optee_os/out/arm/export-ta_arm32/lib/libutee.a(utee_syscalls_a32.o)
                0x0000000000003228                utee_authenc_update_payload
 .text.utee_authenc_enc_final
                0x0000000000003240       0x18 /home/hsk/Desktop/devel/tee-tpm-hyp/optee_os/out/arm/export-ta_arm32/lib/libutee.a(utee_syscalls_a32.o)
                0x0000000000003240                utee_authenc_enc_final
 .text.utee_authenc_dec_final
                0x0000000000003258       0x18 /home/hsk/Desktop/devel/tee-tpm-hyp/optee_os/out/arm/export-ta_arm32/lib/libutee.a(utee_syscalls_a32.o)
                0x0000000000003258                utee_authenc_dec_final
 .text.utee_asymm_operate
                0x0000000000003270       0x18 /home/hsk/Desktop/devel/tee-tpm-hyp/optee_os/out/arm/export-ta_arm32/lib/libutee.a(utee_syscalls_a32.o)
                0x0000000000003270                utee_asymm_operate
 .text.utee_asymm_verify
                0x0000000000003288       0x18 /home/hsk/Desktop/devel/tee-tpm-hyp/optee_os/out/arm/export-ta_arm32/lib/libutee.a(utee_syscalls_a32.o)
                0x0000000000003288                utee_asymm_verify
 .text.utee_storage_obj_open
                0x00000000000032a0       0x18 /home/hsk/Desktop/devel/tee-tpm-hyp/optee_os/out/arm/export-ta_arm32/lib/libutee.a(utee_syscalls_a32.o)
                0x00000000000032a0                utee_storage_obj_open
 .text.utee_storage_obj_create
                0x00000000000032b8       0x18 /home/hsk/Desktop/devel/tee-tpm-hyp/optee_os/out/arm/export-ta_arm32/lib/libutee.a(utee_syscalls_a32.o)
                0x00000000000032b8                utee_storage_obj_create
 .text.utee_storage_obj_del
                0x00000000000032d0       0x14 /home/hsk/Desktop/devel/tee-tpm-hyp/optee_os/out/arm/export-ta_arm32/lib/libutee.a(utee_syscalls_a32.o)
                0x00000000000032d0                utee_storage_obj_del
 .text.utee_storage_obj_rename
                0x00000000000032e4       0x14 /home/hsk/Desktop/devel/tee-tpm-hyp/optee_os/out/arm/export-ta_arm32/lib/libutee.a(utee_syscalls_a32.o)
                0x00000000000032e4                utee_storage_obj_rename
 .text.utee_storage_alloc_enum
                0x00000000000032f8       0x14 /home/hsk/Desktop/devel/tee-tpm-hyp/optee_os/out/arm/export-ta_arm32/lib/libutee.a(utee_syscalls_a32.o)
                0x00000000000032f8                utee_storage_alloc_enum
 .text.utee_storage_free_enum
                0x000000000000330c       0x14 /home/hsk/Desktop/devel/tee-tpm-hyp/optee_os/out/arm/export-ta_arm32/lib/libutee.a(utee_syscalls_a32.o)
                0x000000000000330c                utee_storage_free_enum
 .text.utee_storage_reset_enum
                0x0000000000003320       0x14 /home/hsk/Desktop/devel/tee-tpm-hyp/optee_os/out/arm/export-ta_arm32/lib/libutee.a(utee_syscalls_a32.o)
                0x0000000000003320                utee_storage_reset_enum
 .text.utee_storage_start_enum
                0x0000000000003334       0x14 /home/hsk/Desktop/devel/tee-tpm-hyp/optee_os/out/arm/export-ta_arm32/lib/libutee.a(utee_syscalls_a32.o)
                0x0000000000003334                utee_storage_start_enum
 .text.utee_storage_next_enum
                0x0000000000003348       0x14 /home/hsk/Desktop/devel/tee-tpm-hyp/optee_os/out/arm/export-ta_arm32/lib/libutee.a(utee_syscalls_a32.o)
                0x0000000000003348                utee_storage_next_enum
 .text.utee_storage_obj_read
                0x000000000000335c       0x14 /home/hsk/Desktop/devel/tee-tpm-hyp/optee_os/out/arm/export-ta_arm32/lib/libutee.a(utee_syscalls_a32.o)
                0x000000000000335c                utee_storage_obj_read
 .text.utee_storage_obj_write
                0x0000000000003370       0x14 /home/hsk/Desktop/devel/tee-tpm-hyp/optee_os/out/arm/export-ta_arm32/lib/libutee.a(utee_syscalls_a32.o)
                0x0000000000003370                utee_storage_obj_write
 .text.utee_storage_obj_trunc
                0x0000000000003384       0x14 /home/hsk/Desktop/devel/tee-tpm-hyp/optee_os/out/arm/export-ta_arm32/lib/libutee.a(utee_syscalls_a32.o)
                0x0000000000003384                utee_storage_obj_trunc
 .text.utee_storage_obj_seek
                0x0000000000003398       0x14 /home/hsk/Desktop/devel/tee-tpm-hyp/optee_os/out/arm/export-ta_arm32/lib/libutee.a(utee_syscalls_a32.o)
                0x0000000000003398                utee_storage_obj_seek
 .text.utee_cryp_obj_generate_key
                0x00000000000033ac       0x14 /home/hsk/Desktop/devel/tee-tpm-hyp/optee_os/out/arm/export-ta_arm32/lib/libutee.a(utee_syscalls_a32.o)
                0x00000000000033ac                utee_cryp_obj_generate_key
 .text.utee_cache_operation
                0x00000000000033c0       0x14 /home/hsk/Desktop/devel/tee-tpm-hyp/optee_os/out/arm/export-ta_arm32/lib/libutee.a(utee_syscalls_a32.o)
                0x00000000000033c0                utee_cache_operation
 .text.__utee_mcount
                0x00000000000033d4        0xc /home/hsk/Desktop/devel/tee-tpm-hyp/optee_os/out/arm/export-ta_arm32/lib/libutee.a(gprof_a32.o)
                0x00000000000033d4                __utee_mcount
 .text          0x00000000000033e0     0x1010 /home/hsk/Desktop/devel/tee-tpm-hyp/optee_os/out/arm/export-ta_arm32/lib/libutee.a(tee_api_arith_mpi.o)
                0x000000000000398c                _TEE_MathAPI_Init
                0x00000000000039d0                TEE_BigIntInit
                0x0000000000003a10                TEE_BigIntConvertFromOctetString
                0x0000000000003a50                TEE_BigIntConvertToOctetString
                0x0000000000003aa8                TEE_BigIntConvertFromS32
                0x0000000000003ae0                TEE_BigIntConvertToS32
                0x0000000000003b38                TEE_BigIntCmp
                0x0000000000003b6e                TEE_BigIntCmpS32
                0x0000000000003c7c                TEE_BigIntShiftRight
                0x0000000000003d70                TEE_BigIntGetBit
                0x0000000000003d9a                TEE_BigIntGetBitCount
                0x0000000000003dbc                TEE_BigIntAdd
                0x0000000000003dd8                TEE_BigIntSub
                0x0000000000003df4                TEE_BigIntNeg
                0x0000000000003e4c                TEE_BigIntMul
                0x0000000000003ef0                TEE_BigIntSquare
                0x0000000000003ef6                TEE_BigIntDiv
                0x0000000000003fa4                TEE_BigIntMod
                0x0000000000003ff4                TEE_BigIntAddMod
                0x0000000000004010                TEE_BigIntSubMod
                0x000000000000402c                TEE_BigIntMulMod
                0x0000000000004048                TEE_BigIntSquareMod
                0x0000000000004050                TEE_BigIntInvMod
                0x00000000000040f4                TEE_BigIntRelativePrime
                0x0000000000004170                TEE_BigIntComputeExtendedGcd
                0x00000000000042c0                TEE_BigIntIsProbablePrime
                0x00000000000042f0                TEE_BigIntInitFMM
                0x00000000000042f4                TEE_BigIntInitFMMContext
                0x00000000000042f6                TEE_BigIntFMMSizeInU32
                0x00000000000042fe                TEE_BigIntFMMContextSizeInU32
                0x0000000000004302                TEE_BigIntConvertToFMM
                0x0000000000004306                TEE_BigIntConvertFromFMM
                0x0000000000004350                TEE_BigIntComputeFMM
 .text.unlikely
                0x00000000000043f0       0x20 /home/hsk/Desktop/devel/tee-tpm-hyp/optee_os/out/arm/export-ta_arm32/lib/libutee.a(tee_api_arith_mpi.o)
 .text          0x0000000000004410     0x27dc /home/hsk/Desktop/devel/tee-tpm-hyp/optee_os/out/arm/export-ta_arm32/lib/libmbedtls.a(bignum.o)
                0x0000000000004986                mbedtls_mpi_init
                0x0000000000004994                mbedtls_mpi_init_mempool
                0x00000000000049b8                mbedtls_mpi_init_static
                0x00000000000049ca                mbedtls_mpi_free
                0x0000000000004a18                mbedtls_mpi_grow
                0x0000000000004ac0                mbedtls_mpi_shrink
                0x0000000000004b8c                mbedtls_mpi_copy
                0x0000000000004be2                mbedtls_mpi_swap
                0x0000000000004c10                mbedtls_mpi_safe_cond_assign
                0x0000000000004c7c                mbedtls_mpi_safe_cond_swap
                0x0000000000004d02                mbedtls_mpi_lset
                0x0000000000004d3a                mbedtls_mpi_get_bit
                0x0000000000004d5a                mbedtls_mpi_set_bit
                0x0000000000004dac                mbedtls_mpi_lsb
                0x0000000000004dde                mbedtls_mpi_bitlen
                0x0000000000004e20                mbedtls_mpi_size
                0x0000000000004e2c                mbedtls_mpi_read_binary
                0x0000000000004e92                mbedtls_mpi_write_binary
                0x0000000000004ed8                mbedtls_mpi_shift_l
                0x0000000000004f68                mbedtls_mpi_shift_r
                0x0000000000004fe4                mbedtls_mpi_cmp_abs
                0x000000000000504c                mbedtls_mpi_cmp_mpi
                0x00000000000050de                mbedtls_mpi_cmp_int
                0x000000000000510e                mbedtls_mpi_add_abs
                0x00000000000051c6                mbedtls_mpi_sub_abs
                0x0000000000005240                mbedtls_mpi_add_mpi
                0x0000000000005286                mbedtls_mpi_sub_mpi
                0x00000000000052d0                mbedtls_mpi_add_int
                0x0000000000005300                mbedtls_mpi_sub_int
                0x0000000000005330                mbedtls_mpi_mul_mpi
                0x0000000000005408                mbedtls_mpi_mul_int
                0x0000000000005426                mbedtls_mpi_read_string
                0x0000000000005552                mbedtls_mpi_div_mpi
                0x00000000000058e8                mbedtls_mpi_div_int
                0x0000000000005916                mbedtls_mpi_mod_mpi
                0x000000000000597a                mbedtls_mpi_mod_int
                0x0000000000005a22                mbedtls_mpi_write_string
                0x0000000000005ba0                mbedtls_mpi_montg_init
                0x0000000000005bc8                mbedtls_mpi_montmul
                0x0000000000005c8c                mbedtls_mpi_montred
                0x0000000000005cb0                mbedtls_mpi_exp_mod
                0x0000000000006104                mbedtls_mpi_gcd
                0x0000000000006216                mbedtls_mpi_fill_random
                0x0000000000006460                mbedtls_mpi_inv_mod
                0x000000000000672e                mbedtls_mpi_is_prime
                0x000000000000678a                mbedtls_mpi_gen_prime
                0x00000000000068c0                mbedtls_mpi_self_test
 .text          0x0000000000006bec      0xbf8 /home/hsk/Desktop/devel/tee-tpm-hyp/optee_os/out/arm/export-ta_arm32/lib/libutils.a(bget_malloc.o)
                0x0000000000006cf4                bget
                0x0000000000006e28                bgetz
                0x0000000000006e84                brel
                0x000000000000707c                bgetr
                0x00000000000070f8                bpool
                0x0000000000007194                bstats
                0x00000000000071f8                malloc_reset_stats
                0x000000000000720c                malloc_get_stats
                0x000000000000722c                malloc
                0x0000000000007264                free
                0x0000000000007274                calloc
                0x00000000000072bc                realloc
                0x00000000000072f4                memalign
                0x00000000000075c4                malloc_add_pool
                0x00000000000076bc                malloc_buffer_is_within_alloced
                0x0000000000007798                malloc_buffer_overlaps_heap
 .text          0x00000000000077e4      0x104 /home/hsk/Desktop/devel/tee-tpm-hyp/optee_os/out/arm/export-ta_arm32/lib/libutils.a(mempool.o)
                0x00000000000077e4                mempool_alloc_pool
                0x0000000000007828                mempool_alloc
                0x0000000000007894                mempool_calloc
                0x00000000000078b8                mempool_free
 .text          0x00000000000078e8       0x38 /home/hsk/Desktop/devel/tee-tpm-hyp/optee_os/out/arm/export-ta_arm32/lib/libutee.a(assert.o)
                0x00000000000078e8                _assert_log
                0x0000000000007910                _assert_break
 .text          0x0000000000007920        0x4 ./user_ta_header.o
                0x0000000000007920                tahead_get_trace_level
 .text          0x0000000000007924        0x6 /home/hsk/Desktop/devel/tee-tpm-hyp/optee_os/out/arm/export-ta_arm32/lib/libutils.a(aeabi_unwind.o)
                0x0000000000007924                __aeabi_unwind_cpp_pr0
                0x0000000000007926                __aeabi_unwind_cpp_pr1
                0x0000000000007928                __aeabi_unwind_cpp_pr2
 .text          0x000000000000792a       0x1c /home/hsk/Desktop/devel/tee-tpm-hyp/optee_os/out/arm/export-ta_arm32/lib/libutils.a(memchr.o)
                0x000000000000792a                memchr
 .text          0x0000000000007946       0x10 /home/hsk/Desktop/devel/tee-tpm-hyp/optee_os/out/arm/export-ta_arm32/lib/libutils.a(strlen.o)
                0x0000000000007946                strlen
 .text          0x0000000000007956      0x15e /home/hsk/Desktop/devel/tee-tpm-hyp/optee_os/out/arm/export-ta_arm32/lib/libutils.a(arm32_aeabi_ldivmod.o)
                0x0000000000007956                __ul_divmod
                0x00000000000079cc                __l_divmod
 .text          0x0000000000007ab4        0x4 /home/hsk/Desktop/devel/tee-tpm-hyp/optee_os/out/arm/export-ta_arm32/lib/libutee.a(tee_api_panic.o)
                0x0000000000007ab4                TEE_Panic
 .text          0x0000000000007ab8       0x2c /home/hsk/Desktop/devel/tee-tpm-hyp/optee_os/out/arm/export-ta_arm32/lib/libutils.a(snprintf.o)
                0x0000000000007ab8                snprintf
                0x0000000000007ad6                vsnprintf
 .text          0x0000000000007ae4       0x1e /home/hsk/Desktop/devel/tee-tpm-hyp/optee_os/out/arm/export-ta_arm32/lib/libutils.a(memcmp.o)
                0x0000000000007ae4                memcmp
 .text          0x0000000000007b02       0x16 /home/hsk/Desktop/devel/tee-tpm-hyp/optee_os/out/arm/export-ta_arm32/lib/libutils.a(memcpy.o)
                0x0000000000007b02                memcpy
 .text          0x0000000000007b18       0x32 /home/hsk/Desktop/devel/tee-tpm-hyp/optee_os/out/arm/export-ta_arm32/lib/libutils.a(memmove.o)
                0x0000000000007b18                memmove
 .text          0x0000000000007b4a       0x10 /home/hsk/Desktop/devel/tee-tpm-hyp/optee_os/out/arm/export-ta_arm32/lib/libutils.a(memset.o)
                0x0000000000007b4a                memset
 .text          0x0000000000007b5a       0x2c /home/hsk/Desktop/devel/tee-tpm-hyp/optee_os/out/arm/export-ta_arm32/lib/libutils.a(buf_compare_ct.o)
                0x0000000000007b5a                buf_compare_ct
 .text          0x0000000000007b86        0x0 /home/hsk/Desktop/devel/tee-tpm-hyp/optee_os/out/arm/export-ta_arm32/lib/libutils.a(arm32_aeabi_ldivmod_a32.o)
 .text          0x0000000000007b86        0x0 /home/hsk/Desktop/devel/tee-tpm-hyp/optee_os/out/arm/export-ta_arm32/lib/libutee.a(gprof_a32.o)
 *fill*         0x0000000000007b86        0x2 
 .text.__stub   0x0000000000007b88       0x40 linker stubs
 *(SORT(.stub))
 *(SORT(.glue_7))
 .glue_7        0x0000000000007bc8        0x0 linker stubs
 *(SORT(.glue_7t))
 .glue_7t       0x0000000000007bc8        0x0 linker stubs
 *(SORT(.gnu.linkonce.t.*))
 *(SORT(.vfp11_veneer))
 .vfp11_veneer  0x0000000000007bc8        0x0 linker stubs
                [!provide]                        PROVIDE (__gnu_mcount_nc, __utee_mcount)
                0x0000000000007bc8                __text_end = .

.v4_bx          0x0000000000007bc8        0x0
 .v4_bx         0x0000000000007bc8        0x0 linker stubs

.iplt           0x0000000000007bc8        0x0
 .iplt          0x0000000000007bc8        0x0 ./acipher_ta.o

.plt            0x0000000000007bc8        0x0
 *(SORT(.plt))
 .plt           0x0000000000007bc8        0x0 ./acipher_ta.o

.eh_frame
 *(SORT(.eh_frame))

.rodata         0x0000000000007bc8     0x1177
 *(SORT(.gnu.linkonce.r.*))
 *(SORT(.rodata) SORT(.rodata.*))
 .rodata.user_ta_header.c
                0x0000000000007bc8       0x1b ./user_ta_header.o
                0x0000000000007bc8                ta_num_props
                0x0000000000007bdc                ta_heap_size
                0x0000000000007be0                trace_ext_prefix
 *fill*         0x0000000000007be3        0x1 
 .rodata.lib/libmbedtls/mbedtls/library/bignum.c
                0x0000000000007be4      0x2c4 /home/hsk/Desktop/devel/tee-tpm-hyp/optee_os/out/arm/export-ta_arm32/lib/libmbedtls.a(bignum.o)
 .rodata.acipher_ta.c
                0x0000000000007ea8       0x2f ./acipher_ta.o
 .rodata.str1.1.acipher_ta.c
                0x0000000000007ed7       0xed ./acipher_ta.o
 .rodata.str1.1.user_ta_header.c
                0x0000000000007fc4       0xf4 ./user_ta_header.o
 .rodata.lib/libutils/ext/trace.c
                0x00000000000080b8        0xf /home/hsk/Desktop/devel/tee-tpm-hyp/optee_os/out/arm/export-ta_arm32/lib/libutils.a(trace.o)
 .rodata.str1.1.lib/libutils/ext/trace.c
                0x00000000000080c7       0x3a /home/hsk/Desktop/devel/tee-tpm-hyp/optee_os/out/arm/export-ta_arm32/lib/libutils.a(trace.o)
                                         0x3d (size before relaxing)
 .rodata.lib/libutils/ext/snprintk.c
                0x0000000000008101       0x22 /home/hsk/Desktop/devel/tee-tpm-hyp/optee_os/out/arm/export-ta_arm32/lib/libutils.a(snprintk.o)
 .rodata.str1.1.lib/libutils/ext/snprintk.c
                0x0000000000008123       0x38 /home/hsk/Desktop/devel/tee-tpm-hyp/optee_os/out/arm/export-ta_arm32/lib/libutils.a(snprintk.o)
 .rodata.str1.1.lib/libutee/trace_ext.c
                0x000000000000815b       0x38 /home/hsk/Desktop/devel/tee-tpm-hyp/optee_os/out/arm/export-ta_arm32/lib/libutee.a(trace_ext.o)
                                          0x2 (size before relaxing)
 .rodata.lib/libutee/tee_api.c
                0x000000000000815b        0xb /home/hsk/Desktop/devel/tee-tpm-hyp/optee_os/out/arm/export-ta_arm32/lib/libutee.a(tee_api.o)
 .rodata.str1.1.lib/libutee/tee_api.c
                0x0000000000008166       0x11 /home/hsk/Desktop/devel/tee-tpm-hyp/optee_os/out/arm/export-ta_arm32/lib/libutee.a(tee_api.o)
 .rodata.lib/libutee/tee_api_objects.c
                0x0000000000008177       0x10 /home/hsk/Desktop/devel/tee-tpm-hyp/optee_os/out/arm/export-ta_arm32/lib/libutee.a(tee_api_objects.o)
 .rodata.str1.1.lib/libutee/tee_api_objects.c
                0x0000000000008187       0x10 /home/hsk/Desktop/devel/tee-tpm-hyp/optee_os/out/arm/export-ta_arm32/lib/libutee.a(tee_api_objects.o)
 .rodata.lib/libutee/tee_api_arith_mpi.c
                0x0000000000008197      0x143 /home/hsk/Desktop/devel/tee-tpm-hyp/optee_os/out/arm/export-ta_arm32/lib/libutee.a(tee_api_arith_mpi.o)
 .rodata.str1.1.lib/libutee/tee_api_arith_mpi.c
                0x00000000000082da       0xb7 /home/hsk/Desktop/devel/tee-tpm-hyp/optee_os/out/arm/export-ta_arm32/lib/libutee.a(tee_api_arith_mpi.o)
 .rodata.str1.1.lib/libmbedtls/mbedtls/library/bignum.c
                0x0000000000008391      0x45d /home/hsk/Desktop/devel/tee-tpm-hyp/optee_os/out/arm/export-ta_arm32/lib/libmbedtls.a(bignum.o)
 .rodata.lib/libutils/isoc/bget_malloc.c
                0x00000000000087ee       0x8a /home/hsk/Desktop/devel/tee-tpm-hyp/optee_os/out/arm/export-ta_arm32/lib/libutils.a(bget_malloc.o)
 .rodata.str1.1.lib/libutils/isoc/bget_malloc.c
                0x0000000000008878      0x408 /home/hsk/Desktop/devel/tee-tpm-hyp/optee_os/out/arm/export-ta_arm32/lib/libutils.a(bget_malloc.o)
                                        0x411 (size before relaxing)
 .rodata.lib/libutils/ext/mempool.c
                0x0000000000008c80       0x21 /home/hsk/Desktop/devel/tee-tpm-hyp/optee_os/out/arm/export-ta_arm32/lib/libutils.a(mempool.o)
 .rodata.str1.1.lib/libutils/ext/mempool.c
                0x0000000000008ca1       0x77 /home/hsk/Desktop/devel/tee-tpm-hyp/optee_os/out/arm/export-ta_arm32/lib/libutils.a(mempool.o)
 .rodata.str1.1.lib/libutee/assert.c
                0x0000000000008d18       0x27 /home/hsk/Desktop/devel/tee-tpm-hyp/optee_os/out/arm/export-ta_arm32/lib/libutee.a(assert.o)

.ARM.extab      0x0000000000008d40       0xfc
 .ARM.extab     0x0000000000008d40        0x0 ./acipher_ta.o
 .ARM.extab     0x0000000000008d40        0x0 ./user_ta_header.o
 .ARM.extab     0x0000000000008d40        0xc /home/hsk/Desktop/devel/tee-tpm-hyp/optee_os/out/arm/export-ta_arm32/lib/libutils.a(trace.o)
 .ARM.extab     0x0000000000008d4c        0x0 /home/hsk/Desktop/devel/tee-tpm-hyp/optee_os/out/arm/export-ta_arm32/lib/libutils.a(aeabi_unwind.o)
 .ARM.extab     0x0000000000008d4c        0xc /home/hsk/Desktop/devel/tee-tpm-hyp/optee_os/out/arm/export-ta_arm32/lib/libutils.a(snprintk.o)
 .ARM.extab     0x0000000000008d58        0x0 /home/hsk/Desktop/devel/tee-tpm-hyp/optee_os/out/arm/export-ta_arm32/lib/libutils.a(memchr.o)
 .ARM.extab     0x0000000000008d58        0x0 /home/hsk/Desktop/devel/tee-tpm-hyp/optee_os/out/arm/export-ta_arm32/lib/libutils.a(strlen.o)
 .ARM.extab     0x0000000000008d58        0x0 /home/hsk/Desktop/devel/tee-tpm-hyp/optee_os/out/arm/export-ta_arm32/lib/libutils.a(arm32_aeabi_ldivmod.o)
 .ARM.extab     0x0000000000008d58        0xc /home/hsk/Desktop/devel/tee-tpm-hyp/optee_os/out/arm/export-ta_arm32/lib/libutee.a(trace_ext.o)
 .ARM.extab     0x0000000000008d64       0x24 /home/hsk/Desktop/devel/tee-tpm-hyp/optee_os/out/arm/export-ta_arm32/lib/libutee.a(tee_api.o)
 .ARM.extab     0x0000000000008d88       0x30 /home/hsk/Desktop/devel/tee-tpm-hyp/optee_os/out/arm/export-ta_arm32/lib/libutee.a(tee_api_objects.o)
 .ARM.extab     0x0000000000008db8        0xc /home/hsk/Desktop/devel/tee-tpm-hyp/optee_os/out/arm/export-ta_arm32/lib/libutee.a(tee_api_operations.o)
 .ARM.extab     0x0000000000008dc4        0x0 /home/hsk/Desktop/devel/tee-tpm-hyp/optee_os/out/arm/export-ta_arm32/lib/libutee.a(tee_api_panic.o)
 .ARM.extab     0x0000000000008dc4        0x0 /home/hsk/Desktop/devel/tee-tpm-hyp/optee_os/out/arm/export-ta_arm32/lib/libutee.a(user_ta_entry.o)
 .ARM.extab     0x0000000000008dc4       0x24 /home/hsk/Desktop/devel/tee-tpm-hyp/optee_os/out/arm/export-ta_arm32/lib/libutee.a(tee_api_arith_mpi.o)
 .ARM.extab     0x0000000000008de8       0x24 /home/hsk/Desktop/devel/tee-tpm-hyp/optee_os/out/arm/export-ta_arm32/lib/libmbedtls.a(bignum.o)
 .ARM.extab     0x0000000000008e0c       0x18 /home/hsk/Desktop/devel/tee-tpm-hyp/optee_os/out/arm/export-ta_arm32/lib/libutils.a(bget_malloc.o)
 .ARM.extab     0x0000000000008e24        0xc /home/hsk/Desktop/devel/tee-tpm-hyp/optee_os/out/arm/export-ta_arm32/lib/libutils.a(snprintf.o)
 .ARM.extab     0x0000000000008e30        0x0 /home/hsk/Desktop/devel/tee-tpm-hyp/optee_os/out/arm/export-ta_arm32/lib/libutils.a(memcmp.o)
 .ARM.extab     0x0000000000008e30        0x0 /home/hsk/Desktop/devel/tee-tpm-hyp/optee_os/out/arm/export-ta_arm32/lib/libutils.a(memcpy.o)
 .ARM.extab     0x0000000000008e30        0x0 /home/hsk/Desktop/devel/tee-tpm-hyp/optee_os/out/arm/export-ta_arm32/lib/libutils.a(memmove.o)
 .ARM.extab     0x0000000000008e30        0x0 /home/hsk/Desktop/devel/tee-tpm-hyp/optee_os/out/arm/export-ta_arm32/lib/libutils.a(memset.o)
 .ARM.extab     0x0000000000008e30        0x0 /home/hsk/Desktop/devel/tee-tpm-hyp/optee_os/out/arm/export-ta_arm32/lib/libutils.a(buf_compare_ct.o)
 .ARM.extab     0x0000000000008e30        0x0 /home/hsk/Desktop/devel/tee-tpm-hyp/optee_os/out/arm/export-ta_arm32/lib/libutils.a(mempool.o)
 .ARM.extab     0x0000000000008e30        0xc /home/hsk/Desktop/devel/tee-tpm-hyp/optee_os/out/arm/export-ta_arm32/lib/libutee.a(assert.o)

.gnu.version_d  0x0000000000008e3c        0x0
 .gnu.version_d
                0x0000000000008e3c        0x0 ./acipher_ta.o

.gnu.version    0x0000000000008e3c        0x0
 .gnu.version   0x0000000000008e3c        0x0 ./acipher_ta.o

.gnu.version_r  0x0000000000008e3c        0x0
 .gnu.version_r
                0x0000000000008e3c        0x0 ./acipher_ta.o

.ARM.extab.text.__aeabi_ldivmod
                0x0000000000008e3c        0xc
 .ARM.extab.text.__aeabi_ldivmod
                0x0000000000008e3c        0xc /home/hsk/Desktop/devel/tee-tpm-hyp/optee_os/out/arm/export-ta_arm32/lib/libutils.a(arm32_aeabi_ldivmod_a32.o)

.ARM.extab.text.__aeabi_uldivmod
                0x0000000000008e48        0xc
 .ARM.extab.text.__aeabi_uldivmod
                0x0000000000008e48        0xc /home/hsk/Desktop/devel/tee-tpm-hyp/optee_os/out/arm/export-ta_arm32/lib/libutils.a(arm32_aeabi_ldivmod_a32.o)

.ARM.extab.text.utee_panic
                0x0000000000008e54        0xc
 .ARM.extab.text.utee_panic
                0x0000000000008e54        0xc /home/hsk/Desktop/devel/tee-tpm-hyp/optee_os/out/arm/export-ta_arm32/lib/libutee.a(utee_syscalls_a32.o)

.ARM.extab.text.utee_return
                0x0000000000008e60        0x0
 .ARM.extab.text.utee_return
                0x0000000000008e60        0x0 /home/hsk/Desktop/devel/tee-tpm-hyp/optee_os/out/arm/export-ta_arm32/lib/libutee.a(utee_syscalls_a32.o)

.ARM.extab.text.utee_log
                0x0000000000008e60        0x0
 .ARM.extab.text.utee_log
                0x0000000000008e60        0x0 /home/hsk/Desktop/devel/tee-tpm-hyp/optee_os/out/arm/export-ta_arm32/lib/libutee.a(utee_syscalls_a32.o)

.ARM.extab.text.__utee_panic
                0x0000000000008e60        0x0
 .ARM.extab.text.__utee_panic
                0x0000000000008e60        0x0 /home/hsk/Desktop/devel/tee-tpm-hyp/optee_os/out/arm/export-ta_arm32/lib/libutee.a(utee_syscalls_a32.o)

.ARM.extab.text.utee_get_property
                0x0000000000008e60        0x0
 .ARM.extab.text.utee_get_property
                0x0000000000008e60        0x0 /home/hsk/Desktop/devel/tee-tpm-hyp/optee_os/out/arm/export-ta_arm32/lib/libutee.a(utee_syscalls_a32.o)

.ARM.extab.text.utee_get_property_name_to_index
                0x0000000000008e60        0x0
 .ARM.extab.text.utee_get_property_name_to_index
                0x0000000000008e60        0x0 /home/hsk/Desktop/devel/tee-tpm-hyp/optee_os/out/arm/export-ta_arm32/lib/libutee.a(utee_syscalls_a32.o)

.ARM.extab.text.utee_open_ta_session
                0x0000000000008e60        0x0
 .ARM.extab.text.utee_open_ta_session
                0x0000000000008e60        0x0 /home/hsk/Desktop/devel/tee-tpm-hyp/optee_os/out/arm/export-ta_arm32/lib/libutee.a(utee_syscalls_a32.o)

.ARM.extab.text.utee_close_ta_session
                0x0000000000008e60        0x0
 .ARM.extab.text.utee_close_ta_session
                0x0000000000008e60        0x0 /home/hsk/Desktop/devel/tee-tpm-hyp/optee_os/out/arm/export-ta_arm32/lib/libutee.a(utee_syscalls_a32.o)

.ARM.extab.text.utee_invoke_ta_command
                0x0000000000008e60        0x0
 .ARM.extab.text.utee_invoke_ta_command
                0x0000000000008e60        0x0 /home/hsk/Desktop/devel/tee-tpm-hyp/optee_os/out/arm/export-ta_arm32/lib/libutee.a(utee_syscalls_a32.o)

.ARM.extab.text.utee_get_cancellation_flag
                0x0000000000008e60        0x0
 .ARM.extab.text.utee_get_cancellation_flag
                0x0000000000008e60        0x0 /home/hsk/Desktop/devel/tee-tpm-hyp/optee_os/out/arm/export-ta_arm32/lib/libutee.a(utee_syscalls_a32.o)

.ARM.extab.text.utee_check_access_rights
                0x0000000000008e60        0x0
 .ARM.extab.text.utee_check_access_rights
                0x0000000000008e60        0x0 /home/hsk/Desktop/devel/tee-tpm-hyp/optee_os/out/arm/export-ta_arm32/lib/libutee.a(utee_syscalls_a32.o)

.ARM.extab.text.utee_unmask_cancellation
                0x0000000000008e60        0x0
 .ARM.extab.text.utee_unmask_cancellation
                0x0000000000008e60        0x0 /home/hsk/Desktop/devel/tee-tpm-hyp/optee_os/out/arm/export-ta_arm32/lib/libutee.a(utee_syscalls_a32.o)

.ARM.extab.text.utee_mask_cancellation
                0x0000000000008e60        0x0
 .ARM.extab.text.utee_mask_cancellation
                0x0000000000008e60        0x0 /home/hsk/Desktop/devel/tee-tpm-hyp/optee_os/out/arm/export-ta_arm32/lib/libutee.a(utee_syscalls_a32.o)

.ARM.extab.text.utee_wait
                0x0000000000008e60        0x0
 .ARM.extab.text.utee_wait
                0x0000000000008e60        0x0 /home/hsk/Desktop/devel/tee-tpm-hyp/optee_os/out/arm/export-ta_arm32/lib/libutee.a(utee_syscalls_a32.o)

.ARM.extab.text.utee_get_time
                0x0000000000008e60        0x0
 .ARM.extab.text.utee_get_time
                0x0000000000008e60        0x0 /home/hsk/Desktop/devel/tee-tpm-hyp/optee_os/out/arm/export-ta_arm32/lib/libutee.a(utee_syscalls_a32.o)

.ARM.extab.text.utee_set_ta_time
                0x0000000000008e60        0x0
 .ARM.extab.text.utee_set_ta_time
                0x0000000000008e60        0x0 /home/hsk/Desktop/devel/tee-tpm-hyp/optee_os/out/arm/export-ta_arm32/lib/libutee.a(utee_syscalls_a32.o)

.ARM.extab.text.utee_cryp_state_alloc
                0x0000000000008e60        0x0
 .ARM.extab.text.utee_cryp_state_alloc
                0x0000000000008e60        0x0 /home/hsk/Desktop/devel/tee-tpm-hyp/optee_os/out/arm/export-ta_arm32/lib/libutee.a(utee_syscalls_a32.o)

.ARM.extab.text.utee_cryp_state_copy
                0x0000000000008e60        0x0
 .ARM.extab.text.utee_cryp_state_copy
                0x0000000000008e60        0x0 /home/hsk/Desktop/devel/tee-tpm-hyp/optee_os/out/arm/export-ta_arm32/lib/libutee.a(utee_syscalls_a32.o)

.ARM.extab.text.utee_cryp_state_free
                0x0000000000008e60        0x0
 .ARM.extab.text.utee_cryp_state_free
                0x0000000000008e60        0x0 /home/hsk/Desktop/devel/tee-tpm-hyp/optee_os/out/arm/export-ta_arm32/lib/libutee.a(utee_syscalls_a32.o)

.ARM.extab.text.utee_hash_init
                0x0000000000008e60        0x0
 .ARM.extab.text.utee_hash_init
                0x0000000000008e60        0x0 /home/hsk/Desktop/devel/tee-tpm-hyp/optee_os/out/arm/export-ta_arm32/lib/libutee.a(utee_syscalls_a32.o)

.ARM.extab.text.utee_hash_update
                0x0000000000008e60        0x0
 .ARM.extab.text.utee_hash_update
                0x0000000000008e60        0x0 /home/hsk/Desktop/devel/tee-tpm-hyp/optee_os/out/arm/export-ta_arm32/lib/libutee.a(utee_syscalls_a32.o)

.ARM.extab.text.utee_hash_final
                0x0000000000008e60        0x0
 .ARM.extab.text.utee_hash_final
                0x0000000000008e60        0x0 /home/hsk/Desktop/devel/tee-tpm-hyp/optee_os/out/arm/export-ta_arm32/lib/libutee.a(utee_syscalls_a32.o)

.ARM.extab.text.utee_cipher_init
                0x0000000000008e60        0x0
 .ARM.extab.text.utee_cipher_init
                0x0000000000008e60        0x0 /home/hsk/Desktop/devel/tee-tpm-hyp/optee_os/out/arm/export-ta_arm32/lib/libutee.a(utee_syscalls_a32.o)

.ARM.extab.text.utee_cipher_update
                0x0000000000008e60        0x0
 .ARM.extab.text.utee_cipher_update
                0x0000000000008e60        0x0 /home/hsk/Desktop/devel/tee-tpm-hyp/optee_os/out/arm/export-ta_arm32/lib/libutee.a(utee_syscalls_a32.o)

.ARM.extab.text.utee_cipher_final
                0x0000000000008e60        0x0
 .ARM.extab.text.utee_cipher_final
                0x0000000000008e60        0x0 /home/hsk/Desktop/devel/tee-tpm-hyp/optee_os/out/arm/export-ta_arm32/lib/libutee.a(utee_syscalls_a32.o)

.ARM.extab.text.utee_cryp_obj_get_info
                0x0000000000008e60        0x0
 .ARM.extab.text.utee_cryp_obj_get_info
                0x0000000000008e60        0x0 /home/hsk/Desktop/devel/tee-tpm-hyp/optee_os/out/arm/export-ta_arm32/lib/libutee.a(utee_syscalls_a32.o)

.ARM.extab.text.utee_cryp_obj_restrict_usage
                0x0000000000008e60        0x0
 .ARM.extab.text.utee_cryp_obj_restrict_usage
                0x0000000000008e60        0x0 /home/hsk/Desktop/devel/tee-tpm-hyp/optee_os/out/arm/export-ta_arm32/lib/libutee.a(utee_syscalls_a32.o)

.ARM.extab.text.utee_cryp_obj_get_attr
                0x0000000000008e60        0x0
 .ARM.extab.text.utee_cryp_obj_get_attr
                0x0000000000008e60        0x0 /home/hsk/Desktop/devel/tee-tpm-hyp/optee_os/out/arm/export-ta_arm32/lib/libutee.a(utee_syscalls_a32.o)

.ARM.extab.text.utee_cryp_obj_alloc
                0x0000000000008e60        0x0
 .ARM.extab.text.utee_cryp_obj_alloc
                0x0000000000008e60        0x0 /home/hsk/Desktop/devel/tee-tpm-hyp/optee_os/out/arm/export-ta_arm32/lib/libutee.a(utee_syscalls_a32.o)

.ARM.extab.text.utee_cryp_obj_close
                0x0000000000008e60        0x0
 .ARM.extab.text.utee_cryp_obj_close
                0x0000000000008e60        0x0 /home/hsk/Desktop/devel/tee-tpm-hyp/optee_os/out/arm/export-ta_arm32/lib/libutee.a(utee_syscalls_a32.o)

.ARM.extab.text.utee_cryp_obj_reset
                0x0000000000008e60        0x0
 .ARM.extab.text.utee_cryp_obj_reset
                0x0000000000008e60        0x0 /home/hsk/Desktop/devel/tee-tpm-hyp/optee_os/out/arm/export-ta_arm32/lib/libutee.a(utee_syscalls_a32.o)

.ARM.extab.text.utee_cryp_obj_populate
                0x0000000000008e60        0x0
 .ARM.extab.text.utee_cryp_obj_populate
                0x0000000000008e60        0x0 /home/hsk/Desktop/devel/tee-tpm-hyp/optee_os/out/arm/export-ta_arm32/lib/libutee.a(utee_syscalls_a32.o)

.ARM.extab.text.utee_cryp_obj_copy
                0x0000000000008e60        0x0
 .ARM.extab.text.utee_cryp_obj_copy
                0x0000000000008e60        0x0 /home/hsk/Desktop/devel/tee-tpm-hyp/optee_os/out/arm/export-ta_arm32/lib/libutee.a(utee_syscalls_a32.o)

.ARM.extab.text.utee_cryp_derive_key
                0x0000000000008e60        0x0
 .ARM.extab.text.utee_cryp_derive_key
                0x0000000000008e60        0x0 /home/hsk/Desktop/devel/tee-tpm-hyp/optee_os/out/arm/export-ta_arm32/lib/libutee.a(utee_syscalls_a32.o)

.ARM.extab.text.utee_cryp_random_number_generate
                0x0000000000008e60        0x0
 .ARM.extab.text.utee_cryp_random_number_generate
                0x0000000000008e60        0x0 /home/hsk/Desktop/devel/tee-tpm-hyp/optee_os/out/arm/export-ta_arm32/lib/libutee.a(utee_syscalls_a32.o)

.ARM.extab.text.utee_authenc_init
                0x0000000000008e60        0x0
 .ARM.extab.text.utee_authenc_init
                0x0000000000008e60        0x0 /home/hsk/Desktop/devel/tee-tpm-hyp/optee_os/out/arm/export-ta_arm32/lib/libutee.a(utee_syscalls_a32.o)

.ARM.extab.text.utee_authenc_update_aad
                0x0000000000008e60        0x0
 .ARM.extab.text.utee_authenc_update_aad
                0x0000000000008e60        0x0 /home/hsk/Desktop/devel/tee-tpm-hyp/optee_os/out/arm/export-ta_arm32/lib/libutee.a(utee_syscalls_a32.o)

.ARM.extab.text.utee_authenc_update_payload
                0x0000000000008e60        0x0
 .ARM.extab.text.utee_authenc_update_payload
                0x0000000000008e60        0x0 /home/hsk/Desktop/devel/tee-tpm-hyp/optee_os/out/arm/export-ta_arm32/lib/libutee.a(utee_syscalls_a32.o)

.ARM.extab.text.utee_authenc_enc_final
                0x0000000000008e60        0x0
 .ARM.extab.text.utee_authenc_enc_final
                0x0000000000008e60        0x0 /home/hsk/Desktop/devel/tee-tpm-hyp/optee_os/out/arm/export-ta_arm32/lib/libutee.a(utee_syscalls_a32.o)

.ARM.extab.text.utee_authenc_dec_final
                0x0000000000008e60        0x0
 .ARM.extab.text.utee_authenc_dec_final
                0x0000000000008e60        0x0 /home/hsk/Desktop/devel/tee-tpm-hyp/optee_os/out/arm/export-ta_arm32/lib/libutee.a(utee_syscalls_a32.o)

.ARM.extab.text.utee_asymm_operate
                0x0000000000008e60        0x0
 .ARM.extab.text.utee_asymm_operate
                0x0000000000008e60        0x0 /home/hsk/Desktop/devel/tee-tpm-hyp/optee_os/out/arm/export-ta_arm32/lib/libutee.a(utee_syscalls_a32.o)

.ARM.extab.text.utee_asymm_verify
                0x0000000000008e60        0x0
 .ARM.extab.text.utee_asymm_verify
                0x0000000000008e60        0x0 /home/hsk/Desktop/devel/tee-tpm-hyp/optee_os/out/arm/export-ta_arm32/lib/libutee.a(utee_syscalls_a32.o)

.ARM.extab.text.utee_storage_obj_open
                0x0000000000008e60        0x0
 .ARM.extab.text.utee_storage_obj_open
                0x0000000000008e60        0x0 /home/hsk/Desktop/devel/tee-tpm-hyp/optee_os/out/arm/export-ta_arm32/lib/libutee.a(utee_syscalls_a32.o)

.ARM.extab.text.utee_storage_obj_create
                0x0000000000008e60        0x0
 .ARM.extab.text.utee_storage_obj_create
                0x0000000000008e60        0x0 /home/hsk/Desktop/devel/tee-tpm-hyp/optee_os/out/arm/export-ta_arm32/lib/libutee.a(utee_syscalls_a32.o)

.ARM.extab.text.utee_storage_obj_del
                0x0000000000008e60        0x0
 .ARM.extab.text.utee_storage_obj_del
                0x0000000000008e60        0x0 /home/hsk/Desktop/devel/tee-tpm-hyp/optee_os/out/arm/export-ta_arm32/lib/libutee.a(utee_syscalls_a32.o)

.ARM.extab.text.utee_storage_obj_rename
                0x0000000000008e60        0x0
 .ARM.extab.text.utee_storage_obj_rename
                0x0000000000008e60        0x0 /home/hsk/Desktop/devel/tee-tpm-hyp/optee_os/out/arm/export-ta_arm32/lib/libutee.a(utee_syscalls_a32.o)

.ARM.extab.text.utee_storage_alloc_enum
                0x0000000000008e60        0x0
 .ARM.extab.text.utee_storage_alloc_enum
                0x0000000000008e60        0x0 /home/hsk/Desktop/devel/tee-tpm-hyp/optee_os/out/arm/export-ta_arm32/lib/libutee.a(utee_syscalls_a32.o)

.ARM.extab.text.utee_storage_free_enum
                0x0000000000008e60        0x0
 .ARM.extab.text.utee_storage_free_enum
                0x0000000000008e60        0x0 /home/hsk/Desktop/devel/tee-tpm-hyp/optee_os/out/arm/export-ta_arm32/lib/libutee.a(utee_syscalls_a32.o)

.ARM.extab.text.utee_storage_reset_enum
                0x0000000000008e60        0x0
 .ARM.extab.text.utee_storage_reset_enum
                0x0000000000008e60        0x0 /home/hsk/Desktop/devel/tee-tpm-hyp/optee_os/out/arm/export-ta_arm32/lib/libutee.a(utee_syscalls_a32.o)

.ARM.extab.text.utee_storage_start_enum
                0x0000000000008e60        0x0
 .ARM.extab.text.utee_storage_start_enum
                0x0000000000008e60        0x0 /home/hsk/Desktop/devel/tee-tpm-hyp/optee_os/out/arm/export-ta_arm32/lib/libutee.a(utee_syscalls_a32.o)

.ARM.extab.text.utee_storage_next_enum
                0x0000000000008e60        0x0
 .ARM.extab.text.utee_storage_next_enum
                0x0000000000008e60        0x0 /home/hsk/Desktop/devel/tee-tpm-hyp/optee_os/out/arm/export-ta_arm32/lib/libutee.a(utee_syscalls_a32.o)

.ARM.extab.text.utee_storage_obj_read
                0x0000000000008e60        0x0
 .ARM.extab.text.utee_storage_obj_read
                0x0000000000008e60        0x0 /home/hsk/Desktop/devel/tee-tpm-hyp/optee_os/out/arm/export-ta_arm32/lib/libutee.a(utee_syscalls_a32.o)

.ARM.extab.text.utee_storage_obj_write
                0x0000000000008e60        0x0
 .ARM.extab.text.utee_storage_obj_write
                0x0000000000008e60        0x0 /home/hsk/Desktop/devel/tee-tpm-hyp/optee_os/out/arm/export-ta_arm32/lib/libutee.a(utee_syscalls_a32.o)

.ARM.extab.text.utee_storage_obj_trunc
                0x0000000000008e60        0x0
 .ARM.extab.text.utee_storage_obj_trunc
                0x0000000000008e60        0x0 /home/hsk/Desktop/devel/tee-tpm-hyp/optee_os/out/arm/export-ta_arm32/lib/libutee.a(utee_syscalls_a32.o)

.ARM.extab.text.utee_storage_obj_seek
                0x0000000000008e60        0x0
 .ARM.extab.text.utee_storage_obj_seek
                0x0000000000008e60        0x0 /home/hsk/Desktop/devel/tee-tpm-hyp/optee_os/out/arm/export-ta_arm32/lib/libutee.a(utee_syscalls_a32.o)

.ARM.extab.text.utee_cryp_obj_generate_key
                0x0000000000008e60        0x0
 .ARM.extab.text.utee_cryp_obj_generate_key
                0x0000000000008e60        0x0 /home/hsk/Desktop/devel/tee-tpm-hyp/optee_os/out/arm/export-ta_arm32/lib/libutee.a(utee_syscalls_a32.o)

.ARM.extab.text.utee_cache_operation
                0x0000000000008e60        0x0
 .ARM.extab.text.utee_cache_operation
                0x0000000000008e60        0x0 /home/hsk/Desktop/devel/tee-tpm-hyp/optee_os/out/arm/export-ta_arm32/lib/libutee.a(utee_syscalls_a32.o)

.ARM.extab.text.unlikely
                0x0000000000008e60        0xc
 .ARM.extab.text.unlikely
                0x0000000000008e60        0xc /home/hsk/Desktop/devel/tee-tpm-hyp/optee_os/out/arm/export-ta_arm32/lib/libutee.a(tee_api_arith_mpi.o)

.ARM.exidx      0x0000000000008e6c      0x648
 *(SORT(.ARM.exidx*) SORT(.gnu.linkonce.armexidx.*))
 .ARM.exidx     0x0000000000008e6c       0x18 ./acipher_ta.o
                                         0x28 (size before relaxing)
 .ARM.exidx     0x0000000000009454        0x8 ./user_ta_header.o
 .ARM.exidx     0x0000000000008e84       0x20 /home/hsk/Desktop/devel/tee-tpm-hyp/optee_os/out/arm/export-ta_arm32/lib/libutils.a(trace.o)
                                         0x28 (size before relaxing)
 .ARM.exidx     0x000000000000945c        0x0 /home/hsk/Desktop/devel/tee-tpm-hyp/optee_os/out/arm/export-ta_arm32/lib/libutils.a(aeabi_unwind.o)
                                         0x18 (size before relaxing)
 .ARM.exidx     0x0000000000008ea4       0x18 /home/hsk/Desktop/devel/tee-tpm-hyp/optee_os/out/arm/export-ta_arm32/lib/libutils.a(snprintk.o)
 .ARM.exidx     0x000000000000945c        0x8 /home/hsk/Desktop/devel/tee-tpm-hyp/optee_os/out/arm/export-ta_arm32/lib/libutils.a(memchr.o)
 .ARM.exidx     0x0000000000009464        0x8 /home/hsk/Desktop/devel/tee-tpm-hyp/optee_os/out/arm/export-ta_arm32/lib/libutils.a(strlen.o)
 .ARM.exidx.text.__aeabi_ldivmod
                0x0000000000008ebc        0x8 /home/hsk/Desktop/devel/tee-tpm-hyp/optee_os/out/arm/export-ta_arm32/lib/libutils.a(arm32_aeabi_ldivmod_a32.o)
 .ARM.exidx.text.__aeabi_uldivmod
                0x0000000000008ec4        0x8 /home/hsk/Desktop/devel/tee-tpm-hyp/optee_os/out/arm/export-ta_arm32/lib/libutils.a(arm32_aeabi_ldivmod_a32.o)
 .ARM.exidx     0x000000000000946c        0x8 /home/hsk/Desktop/devel/tee-tpm-hyp/optee_os/out/arm/export-ta_arm32/lib/libutils.a(arm32_aeabi_ldivmod.o)
                                         0x10 (size before relaxing)
 .ARM.exidx     0x0000000000008ecc       0x28 /home/hsk/Desktop/devel/tee-tpm-hyp/optee_os/out/arm/export-ta_arm32/lib/libutee.a(trace_ext.o)
 .ARM.exidx     0x0000000000008ef4       0x68 /home/hsk/Desktop/devel/tee-tpm-hyp/optee_os/out/arm/export-ta_arm32/lib/libutee.a(tee_api.o)
                                         0xc8 (size before relaxing)
 .ARM.exidx     0x0000000000008f5c       0xd0 /home/hsk/Desktop/devel/tee-tpm-hyp/optee_os/out/arm/export-ta_arm32/lib/libutee.a(tee_api_objects.o)
                                         0xf8 (size before relaxing)
 .ARM.exidx     0x000000000000902c       0xd8 /home/hsk/Desktop/devel/tee-tpm-hyp/optee_os/out/arm/export-ta_arm32/lib/libutee.a(tee_api_operations.o)
                                         0xf0 (size before relaxing)
 .ARM.exidx     0x0000000000009474        0x8 /home/hsk/Desktop/devel/tee-tpm-hyp/optee_os/out/arm/export-ta_arm32/lib/libutee.a(tee_api_panic.o)
 .ARM.exidx     0x0000000000009104       0x18 /home/hsk/Desktop/devel/tee-tpm-hyp/optee_os/out/arm/export-ta_arm32/lib/libutee.a(user_ta_entry.o)
 .ARM.exidx.text.utee_panic
                0x000000000000911c        0x8 /home/hsk/Desktop/devel/tee-tpm-hyp/optee_os/out/arm/export-ta_arm32/lib/libutee.a(utee_syscalls_a32.o)
 .ARM.exidx.text.utee_return
                0x0000000000009124        0x8 /home/hsk/Desktop/devel/tee-tpm-hyp/optee_os/out/arm/export-ta_arm32/lib/libutee.a(utee_syscalls_a32.o)
 .ARM.exidx.text.utee_log
                0x000000000000912c        0x0 /home/hsk/Desktop/devel/tee-tpm-hyp/optee_os/out/arm/export-ta_arm32/lib/libutee.a(utee_syscalls_a32.o)
                                          0x8 (size before relaxing)
 .ARM.exidx.text.__utee_panic
                0x000000000000912c        0x0 /home/hsk/Desktop/devel/tee-tpm-hyp/optee_os/out/arm/export-ta_arm32/lib/libutee.a(utee_syscalls_a32.o)
                                          0x8 (size before relaxing)
 .ARM.exidx.text.utee_get_property
                0x000000000000912c        0x0 /home/hsk/Desktop/devel/tee-tpm-hyp/optee_os/out/arm/export-ta_arm32/lib/libutee.a(utee_syscalls_a32.o)
                                          0x8 (size before relaxing)
 .ARM.exidx.text.utee_get_property_name_to_index
                0x000000000000912c        0x0 /home/hsk/Desktop/devel/tee-tpm-hyp/optee_os/out/arm/export-ta_arm32/lib/libutee.a(utee_syscalls_a32.o)
                                          0x8 (size before relaxing)
 .ARM.exidx.text.utee_open_ta_session
                0x000000000000912c        0x0 /home/hsk/Desktop/devel/tee-tpm-hyp/optee_os/out/arm/export-ta_arm32/lib/libutee.a(utee_syscalls_a32.o)
                                          0x8 (size before relaxing)
 .ARM.exidx.text.utee_close_ta_session
                0x000000000000912c        0x0 /home/hsk/Desktop/devel/tee-tpm-hyp/optee_os/out/arm/export-ta_arm32/lib/libutee.a(utee_syscalls_a32.o)
                                          0x8 (size before relaxing)
 .ARM.exidx.text.utee_invoke_ta_command
                0x000000000000912c        0x0 /home/hsk/Desktop/devel/tee-tpm-hyp/optee_os/out/arm/export-ta_arm32/lib/libutee.a(utee_syscalls_a32.o)
                                          0x8 (size before relaxing)
 .ARM.exidx.text.utee_get_cancellation_flag
                0x000000000000912c        0x0 /home/hsk/Desktop/devel/tee-tpm-hyp/optee_os/out/arm/export-ta_arm32/lib/libutee.a(utee_syscalls_a32.o)
                                          0x8 (size before relaxing)
 .ARM.exidx.text.utee_check_access_rights
                0x000000000000912c        0x0 /home/hsk/Desktop/devel/tee-tpm-hyp/optee_os/out/arm/export-ta_arm32/lib/libutee.a(utee_syscalls_a32.o)
                                          0x8 (size before relaxing)
 .ARM.exidx.text.utee_unmask_cancellation
                0x000000000000912c        0x0 /home/hsk/Desktop/devel/tee-tpm-hyp/optee_os/out/arm/export-ta_arm32/lib/libutee.a(utee_syscalls_a32.o)
                                          0x8 (size before relaxing)
 .ARM.exidx.text.utee_mask_cancellation
                0x000000000000912c        0x0 /home/hsk/Desktop/devel/tee-tpm-hyp/optee_os/out/arm/export-ta_arm32/lib/libutee.a(utee_syscalls_a32.o)
                                          0x8 (size before relaxing)
 .ARM.exidx.text.utee_wait
                0x000000000000912c        0x0 /home/hsk/Desktop/devel/tee-tpm-hyp/optee_os/out/arm/export-ta_arm32/lib/libutee.a(utee_syscalls_a32.o)
                                          0x8 (size before relaxing)
 .ARM.exidx.text.utee_get_time
                0x000000000000912c        0x0 /home/hsk/Desktop/devel/tee-tpm-hyp/optee_os/out/arm/export-ta_arm32/lib/libutee.a(utee_syscalls_a32.o)
                                          0x8 (size before relaxing)
 .ARM.exidx.text.utee_set_ta_time
                0x000000000000912c        0x0 /home/hsk/Desktop/devel/tee-tpm-hyp/optee_os/out/arm/export-ta_arm32/lib/libutee.a(utee_syscalls_a32.o)
                                          0x8 (size before relaxing)
 .ARM.exidx.text.utee_cryp_state_alloc
                0x000000000000912c        0x0 /home/hsk/Desktop/devel/tee-tpm-hyp/optee_os/out/arm/export-ta_arm32/lib/libutee.a(utee_syscalls_a32.o)
                                          0x8 (size before relaxing)
 .ARM.exidx.text.utee_cryp_state_copy
                0x000000000000912c        0x0 /home/hsk/Desktop/devel/tee-tpm-hyp/optee_os/out/arm/export-ta_arm32/lib/libutee.a(utee_syscalls_a32.o)
                                          0x8 (size before relaxing)
 .ARM.exidx.text.utee_cryp_state_free
                0x000000000000912c        0x0 /home/hsk/Desktop/devel/tee-tpm-hyp/optee_os/out/arm/export-ta_arm32/lib/libutee.a(utee_syscalls_a32.o)
                                          0x8 (size before relaxing)
 .ARM.exidx.text.utee_hash_init
                0x000000000000912c        0x0 /home/hsk/Desktop/devel/tee-tpm-hyp/optee_os/out/arm/export-ta_arm32/lib/libutee.a(utee_syscalls_a32.o)
                                          0x8 (size before relaxing)
 .ARM.exidx.text.utee_hash_update
                0x000000000000912c        0x0 /home/hsk/Desktop/devel/tee-tpm-hyp/optee_os/out/arm/export-ta_arm32/lib/libutee.a(utee_syscalls_a32.o)
                                          0x8 (size before relaxing)
 .ARM.exidx.text.utee_hash_final
                0x000000000000912c        0x0 /home/hsk/Desktop/devel/tee-tpm-hyp/optee_os/out/arm/export-ta_arm32/lib/libutee.a(utee_syscalls_a32.o)
                                          0x8 (size before relaxing)
 .ARM.exidx.text.utee_cipher_init
                0x000000000000912c        0x0 /home/hsk/Desktop/devel/tee-tpm-hyp/optee_os/out/arm/export-ta_arm32/lib/libutee.a(utee_syscalls_a32.o)
                                          0x8 (size before relaxing)
 .ARM.exidx.text.utee_cipher_update
                0x000000000000912c        0x0 /home/hsk/Desktop/devel/tee-tpm-hyp/optee_os/out/arm/export-ta_arm32/lib/libutee.a(utee_syscalls_a32.o)
                                          0x8 (size before relaxing)
 .ARM.exidx.text.utee_cipher_final
                0x000000000000912c        0x0 /home/hsk/Desktop/devel/tee-tpm-hyp/optee_os/out/arm/export-ta_arm32/lib/libutee.a(utee_syscalls_a32.o)
                                          0x8 (size before relaxing)
 .ARM.exidx.text.utee_cryp_obj_get_info
                0x000000000000912c        0x0 /home/hsk/Desktop/devel/tee-tpm-hyp/optee_os/out/arm/export-ta_arm32/lib/libutee.a(utee_syscalls_a32.o)
                                          0x8 (size before relaxing)
 .ARM.exidx.text.utee_cryp_obj_restrict_usage
                0x000000000000912c        0x0 /home/hsk/Desktop/devel/tee-tpm-hyp/optee_os/out/arm/export-ta_arm32/lib/libutee.a(utee_syscalls_a32.o)
                                          0x8 (size before relaxing)
 .ARM.exidx.text.utee_cryp_obj_get_attr
                0x000000000000912c        0x0 /home/hsk/Desktop/devel/tee-tpm-hyp/optee_os/out/arm/export-ta_arm32/lib/libutee.a(utee_syscalls_a32.o)
                                          0x8 (size before relaxing)
 .ARM.exidx.text.utee_cryp_obj_alloc
                0x000000000000912c        0x0 /home/hsk/Desktop/devel/tee-tpm-hyp/optee_os/out/arm/export-ta_arm32/lib/libutee.a(utee_syscalls_a32.o)
                                          0x8 (size before relaxing)
 .ARM.exidx.text.utee_cryp_obj_close
                0x000000000000912c        0x0 /home/hsk/Desktop/devel/tee-tpm-hyp/optee_os/out/arm/export-ta_arm32/lib/libutee.a(utee_syscalls_a32.o)
                                          0x8 (size before relaxing)
 .ARM.exidx.text.utee_cryp_obj_reset
                0x000000000000912c        0x0 /home/hsk/Desktop/devel/tee-tpm-hyp/optee_os/out/arm/export-ta_arm32/lib/libutee.a(utee_syscalls_a32.o)
                                          0x8 (size before relaxing)
 .ARM.exidx.text.utee_cryp_obj_populate
                0x000000000000912c        0x0 /home/hsk/Desktop/devel/tee-tpm-hyp/optee_os/out/arm/export-ta_arm32/lib/libutee.a(utee_syscalls_a32.o)
                                          0x8 (size before relaxing)
 .ARM.exidx.text.utee_cryp_obj_copy
                0x000000000000912c        0x0 /home/hsk/Desktop/devel/tee-tpm-hyp/optee_os/out/arm/export-ta_arm32/lib/libutee.a(utee_syscalls_a32.o)
                                          0x8 (size before relaxing)
 .ARM.exidx.text.utee_cryp_derive_key
                0x000000000000912c        0x0 /home/hsk/Desktop/devel/tee-tpm-hyp/optee_os/out/arm/export-ta_arm32/lib/libutee.a(utee_syscalls_a32.o)
                                          0x8 (size before relaxing)
 .ARM.exidx.text.utee_cryp_random_number_generate
                0x000000000000912c        0x0 /home/hsk/Desktop/devel/tee-tpm-hyp/optee_os/out/arm/export-ta_arm32/lib/libutee.a(utee_syscalls_a32.o)
                                          0x8 (size before relaxing)
 .ARM.exidx.text.utee_authenc_init
                0x000000000000912c        0x0 /home/hsk/Desktop/devel/tee-tpm-hyp/optee_os/out/arm/export-ta_arm32/lib/libutee.a(utee_syscalls_a32.o)
                                          0x8 (size before relaxing)
 .ARM.exidx.text.utee_authenc_update_aad
                0x000000000000912c        0x0 /home/hsk/Desktop/devel/tee-tpm-hyp/optee_os/out/arm/export-ta_arm32/lib/libutee.a(utee_syscalls_a32.o)
                                          0x8 (size before relaxing)
 .ARM.exidx.text.utee_authenc_update_payload
                0x000000000000912c        0x0 /home/hsk/Desktop/devel/tee-tpm-hyp/optee_os/out/arm/export-ta_arm32/lib/libutee.a(utee_syscalls_a32.o)
                                          0x8 (size before relaxing)
 .ARM.exidx.text.utee_authenc_enc_final
                0x000000000000912c        0x0 /home/hsk/Desktop/devel/tee-tpm-hyp/optee_os/out/arm/export-ta_arm32/lib/libutee.a(utee_syscalls_a32.o)
                                          0x8 (size before relaxing)
 .ARM.exidx.text.utee_authenc_dec_final
                0x000000000000912c        0x0 /home/hsk/Desktop/devel/tee-tpm-hyp/optee_os/out/arm/export-ta_arm32/lib/libutee.a(utee_syscalls_a32.o)
                                          0x8 (size before relaxing)
 .ARM.exidx.text.utee_asymm_operate
                0x000000000000912c        0x0 /home/hsk/Desktop/devel/tee-tpm-hyp/optee_os/out/arm/export-ta_arm32/lib/libutee.a(utee_syscalls_a32.o)
                                          0x8 (size before relaxing)
 .ARM.exidx.text.utee_asymm_verify
                0x000000000000912c        0x0 /home/hsk/Desktop/devel/tee-tpm-hyp/optee_os/out/arm/export-ta_arm32/lib/libutee.a(utee_syscalls_a32.o)
                                          0x8 (size before relaxing)
 .ARM.exidx.text.utee_storage_obj_open
                0x000000000000912c        0x0 /home/hsk/Desktop/devel/tee-tpm-hyp/optee_os/out/arm/export-ta_arm32/lib/libutee.a(utee_syscalls_a32.o)
                                          0x8 (size before relaxing)
 .ARM.exidx.text.utee_storage_obj_create
                0x000000000000912c        0x0 /home/hsk/Desktop/devel/tee-tpm-hyp/optee_os/out/arm/export-ta_arm32/lib/libutee.a(utee_syscalls_a32.o)
                                          0x8 (size before relaxing)
 .ARM.exidx.text.utee_storage_obj_del
                0x000000000000912c        0x0 /home/hsk/Desktop/devel/tee-tpm-hyp/optee_os/out/arm/export-ta_arm32/lib/libutee.a(utee_syscalls_a32.o)
                                          0x8 (size before relaxing)
 .ARM.exidx.text.utee_storage_obj_rename
                0x000000000000912c        0x0 /home/hsk/Desktop/devel/tee-tpm-hyp/optee_os/out/arm/export-ta_arm32/lib/libutee.a(utee_syscalls_a32.o)
                                          0x8 (size before relaxing)
 .ARM.exidx.text.utee_storage_alloc_enum
                0x000000000000912c        0x0 /home/hsk/Desktop/devel/tee-tpm-hyp/optee_os/out/arm/export-ta_arm32/lib/libutee.a(utee_syscalls_a32.o)
                                          0x8 (size before relaxing)
 .ARM.exidx.text.utee_storage_free_enum
                0x000000000000912c        0x0 /home/hsk/Desktop/devel/tee-tpm-hyp/optee_os/out/arm/export-ta_arm32/lib/libutee.a(utee_syscalls_a32.o)
                                          0x8 (size before relaxing)
 .ARM.exidx.text.utee_storage_reset_enum
                0x000000000000912c        0x0 /home/hsk/Desktop/devel/tee-tpm-hyp/optee_os/out/arm/export-ta_arm32/lib/libutee.a(utee_syscalls_a32.o)
                                          0x8 (size before relaxing)
 .ARM.exidx.text.utee_storage_start_enum
                0x000000000000912c        0x0 /home/hsk/Desktop/devel/tee-tpm-hyp/optee_os/out/arm/export-ta_arm32/lib/libutee.a(utee_syscalls_a32.o)
                                          0x8 (size before relaxing)
 .ARM.exidx.text.utee_storage_next_enum
                0x000000000000912c        0x0 /home/hsk/Desktop/devel/tee-tpm-hyp/optee_os/out/arm/export-ta_arm32/lib/libutee.a(utee_syscalls_a32.o)
                                          0x8 (size before relaxing)
 .ARM.exidx.text.utee_storage_obj_read
                0x000000000000912c        0x0 /home/hsk/Desktop/devel/tee-tpm-hyp/optee_os/out/arm/export-ta_arm32/lib/libutee.a(utee_syscalls_a32.o)
                                          0x8 (size before relaxing)
 .ARM.exidx.text.utee_storage_obj_write
                0x000000000000912c        0x0 /home/hsk/Desktop/devel/tee-tpm-hyp/optee_os/out/arm/export-ta_arm32/lib/libutee.a(utee_syscalls_a32.o)
                                          0x8 (size before relaxing)
 .ARM.exidx.text.utee_storage_obj_trunc
                0x000000000000912c        0x0 /home/hsk/Desktop/devel/tee-tpm-hyp/optee_os/out/arm/export-ta_arm32/lib/libutee.a(utee_syscalls_a32.o)
                                          0x8 (size before relaxing)
 .ARM.exidx.text.utee_storage_obj_seek
                0x000000000000912c        0x0 /home/hsk/Desktop/devel/tee-tpm-hyp/optee_os/out/arm/export-ta_arm32/lib/libutee.a(utee_syscalls_a32.o)
                                          0x8 (size before relaxing)
 .ARM.exidx.text.utee_cryp_obj_generate_key
                0x000000000000912c        0x0 /home/hsk/Desktop/devel/tee-tpm-hyp/optee_os/out/arm/export-ta_arm32/lib/libutee.a(utee_syscalls_a32.o)
                                          0x8 (size before relaxing)
 .ARM.exidx.text.utee_cache_operation
                0x000000000000912c        0x8 /home/hsk/Desktop/devel/tee-tpm-hyp/optee_os/out/arm/export-ta_arm32/lib/libutee.a(utee_syscalls_a32.o)
 .ARM.exidx.text.unlikely
                0x0000000000009224        0x8 /home/hsk/Desktop/devel/tee-tpm-hyp/optee_os/out/arm/export-ta_arm32/lib/libutee.a(tee_api_arith_mpi.o)
 .ARM.exidx     0x0000000000009134       0xf0 /home/hsk/Desktop/devel/tee-tpm-hyp/optee_os/out/arm/export-ta_arm32/lib/libutee.a(tee_api_arith_mpi.o)
                                        0x150 (size before relaxing)
 .ARM.exidx     0x000000000000922c      0x168 /home/hsk/Desktop/devel/tee-tpm-hyp/optee_os/out/arm/export-ta_arm32/lib/libmbedtls.a(bignum.o)
                                        0x1b0 (size before relaxing)
 .ARM.exidx     0x0000000000009394       0x90 /home/hsk/Desktop/devel/tee-tpm-hyp/optee_os/out/arm/export-ta_arm32/lib/libutils.a(bget_malloc.o)
 .ARM.exidx     0x000000000000947c       0x10 /home/hsk/Desktop/devel/tee-tpm-hyp/optee_os/out/arm/export-ta_arm32/lib/libutils.a(snprintf.o)
 .ARM.exidx     0x000000000000948c        0x8 /home/hsk/Desktop/devel/tee-tpm-hyp/optee_os/out/arm/export-ta_arm32/lib/libutils.a(memcmp.o)
 .ARM.exidx     0x0000000000009494        0x8 /home/hsk/Desktop/devel/tee-tpm-hyp/optee_os/out/arm/export-ta_arm32/lib/libutils.a(memcpy.o)
 .ARM.exidx     0x000000000000949c        0x0 /home/hsk/Desktop/devel/tee-tpm-hyp/optee_os/out/arm/export-ta_arm32/lib/libutils.a(memmove.o)
                                          0x8 (size before relaxing)
 .ARM.exidx     0x000000000000949c        0x8 /home/hsk/Desktop/devel/tee-tpm-hyp/optee_os/out/arm/export-ta_arm32/lib/libutils.a(memset.o)
 .ARM.exidx     0x00000000000094a4       0x10 /home/hsk/Desktop/devel/tee-tpm-hyp/optee_os/out/arm/export-ta_arm32/lib/libutils.a(buf_compare_ct.o)
                                          0x8 (size before relaxing)
 .ARM.exidx     0x0000000000009424       0x20 /home/hsk/Desktop/devel/tee-tpm-hyp/optee_os/out/arm/export-ta_arm32/lib/libutils.a(mempool.o)
 .ARM.exidx     0x0000000000009444       0x10 /home/hsk/Desktop/devel/tee-tpm-hyp/optee_os/out/arm/export-ta_arm32/lib/libutee.a(assert.o)

.ctors
 *(SORT(.ctors))

.dtors
 *(SORT(.dtors))

.got            0x00000000000094b4       0x3c
 *(SORT(.got.plt))
 .got.plt       0x00000000000094b4        0xc ./acipher_ta.o
                0x00000000000094b4                _GLOBAL_OFFSET_TABLE_
 *(SORT(.got))
 .got           0x00000000000094c0       0x30 ./acipher_ta.o

.rel.text
 *(SORT(.rel.text))
 *(SORT(.rel.gnu.linkonce.t*))

.rela.text
 *(SORT(.rela.text))
 *(SORT(.rela.gnu.linkonce.t*))

.rel.data
 *(SORT(.rel.data))
 *(SORT(.rel.gnu.linkonce.d*))

.rela.data
 *(SORT(.rela.data))
 *(SORT(.rela.gnu.linkonce.d*))

.rel.rodata
 *(SORT(.rel.rodata))
 *(SORT(.rel.gnu.linkonce.r*))

.rela.rodata
 *(SORT(.rela.rodata))
 *(SORT(.rela.gnu.linkonce.r*))

.rel.dyn        0x00000000000094f0       0xb8
 *(SORT(.rel.dyn))
 .rel.data.rel.ro
                0x00000000000094f0        0x0 ./acipher_ta.o
 .rel.iplt      0x00000000000094f0        0x0 ./acipher_ta.o
 .rel.data.rel.ro.local
                0x00000000000094f0       0x90 ./acipher_ta.o
 .rel.ta_head   0x0000000000009580        0x8 ./acipher_ta.o
 .rel.data.rel  0x0000000000009588        0x8 ./acipher_ta.o
 .rel.data.rel.local
                0x0000000000009590       0x18 ./acipher_ta.o

.rel.got        0x00000000000095a8       0x60
 *(SORT(.rel.got))
 .rel.got       0x00000000000095a8       0x60 ./acipher_ta.o

.rela.got
 *(SORT(.rela.got))

.rel.ctors
 *(SORT(.rel.ctors))

.rela.ctors
 *(SORT(.rela.ctors))

.rel.dtors
 *(SORT(.rel.dtors))

.rela.dtors
 *(SORT(.rela.dtors))

.rel.init
 *(SORT(.rel.init))

.rela.init
 *(SORT(.rela.init))

.rel.fini
 *(SORT(.rel.fini))

.rela.fini
 *(SORT(.rela.fini))

.rel.bss        0x0000000000009608        0x0
 *(SORT(.rel.bss))
 .rel.bss       0x0000000000009608        0x0 ./acipher_ta.o

.rela.bss
 *(SORT(.rela.bss))

.rel.plt        0x0000000000009608        0x0
 *(SORT(.rel.plt))
 .rel.plt       0x0000000000009608        0x0 ./acipher_ta.o

.rela.plt
 *(SORT(.rela.plt))

.dynamic        0x0000000000009608       0x80
 *(SORT(.dynamic))
 .dynamic       0x0000000000009608       0x80 ./acipher_ta.o
                0x0000000000009608                _DYNAMIC

.dynsym         0x0000000000009688       0xf0
 *(SORT(.dynsym))
 .dynsym        0x0000000000009688       0xf0 ./acipher_ta.o

.dynstr         0x0000000000009778       0xce
 *(SORT(.dynstr))
 .dynstr        0x0000000000009778       0xce ./acipher_ta.o

.hash           0x0000000000009848       0x50
 *(SORT(.hash))
 .hash          0x0000000000009848       0x50 ./acipher_ta.o
                0x000000000000a000                . = ALIGN (0x1000)

.data           0x000000000000a000       0x98
 *(SORT(.data) SORT(.data.*) SORT(.gnu.linkonce.d.*))
 .data          0x000000000000a000        0x4 ./user_ta_header.o
                0x000000000000a000                trace_level
 .data.rel.ro.local
                0x000000000000a004       0x6c ./user_ta_header.o
                0x000000000000a004                ta_props
 .data.rel      0x000000000000a070        0x4 /home/hsk/Desktop/devel/tee-tpm-hyp/optee_os/out/arm/export-ta_arm32/lib/libutee.a(user_ta_entry.o)
                0x000000000000a070                _ref__utee_mcount
 .data.rel.local
                0x000000000000a074        0x8 /home/hsk/Desktop/devel/tee-tpm-hyp/optee_os/out/arm/export-ta_arm32/lib/libutee.a(user_ta_entry.o)
 .data.rel.local
                0x000000000000a07c       0x1c /home/hsk/Desktop/devel/tee-tpm-hyp/optee_os/out/arm/export-ta_arm32/lib/libutils.a(bget_malloc.o)
 .data          0x000000000000a098        0x0 ./acipher_ta.o
 .data.rel.ro   0x000000000000a098        0x0 ./acipher_ta.o
 .data          0x000000000000a098        0x0 /home/hsk/Desktop/devel/tee-tpm-hyp/optee_os/out/arm/export-ta_arm32/lib/libutils.a(trace.o)
 .data          0x000000000000a098        0x0 /home/hsk/Desktop/devel/tee-tpm-hyp/optee_os/out/arm/export-ta_arm32/lib/libutils.a(aeabi_unwind.o)
 .data          0x000000000000a098        0x0 /home/hsk/Desktop/devel/tee-tpm-hyp/optee_os/out/arm/export-ta_arm32/lib/libutils.a(snprintk.o)
 .data          0x000000000000a098        0x0 /home/hsk/Desktop/devel/tee-tpm-hyp/optee_os/out/arm/export-ta_arm32/lib/libutils.a(memchr.o)
 .data          0x000000000000a098        0x0 /home/hsk/Desktop/devel/tee-tpm-hyp/optee_os/out/arm/export-ta_arm32/lib/libutils.a(strlen.o)
 .data          0x000000000000a098        0x0 /home/hsk/Desktop/devel/tee-tpm-hyp/optee_os/out/arm/export-ta_arm32/lib/libutils.a(arm32_aeabi_ldivmod_a32.o)
 .data          0x000000000000a098        0x0 /home/hsk/Desktop/devel/tee-tpm-hyp/optee_os/out/arm/export-ta_arm32/lib/libutils.a(arm32_aeabi_ldivmod.o)
 .data          0x000000000000a098        0x0 /home/hsk/Desktop/devel/tee-tpm-hyp/optee_os/out/arm/export-ta_arm32/lib/libutee.a(trace_ext.o)
 .data          0x000000000000a098        0x0 /home/hsk/Desktop/devel/tee-tpm-hyp/optee_os/out/arm/export-ta_arm32/lib/libutee.a(tee_api.o)
 .data          0x000000000000a098        0x0 /home/hsk/Desktop/devel/tee-tpm-hyp/optee_os/out/arm/export-ta_arm32/lib/libutee.a(tee_api_objects.o)
 .data          0x000000000000a098        0x0 /home/hsk/Desktop/devel/tee-tpm-hyp/optee_os/out/arm/export-ta_arm32/lib/libutee.a(tee_api_operations.o)
 .data          0x000000000000a098        0x0 /home/hsk/Desktop/devel/tee-tpm-hyp/optee_os/out/arm/export-ta_arm32/lib/libutee.a(tee_api_panic.o)
 .data          0x000000000000a098        0x0 /home/hsk/Desktop/devel/tee-tpm-hyp/optee_os/out/arm/export-ta_arm32/lib/libutee.a(user_ta_entry.o)
 .data          0x000000000000a098        0x0 /home/hsk/Desktop/devel/tee-tpm-hyp/optee_os/out/arm/export-ta_arm32/lib/libutee.a(utee_syscalls_a32.o)
 .data          0x000000000000a098        0x0 /home/hsk/Desktop/devel/tee-tpm-hyp/optee_os/out/arm/export-ta_arm32/lib/libutee.a(gprof_a32.o)
 .data          0x000000000000a098        0x0 /home/hsk/Desktop/devel/tee-tpm-hyp/optee_os/out/arm/export-ta_arm32/lib/libutee.a(tee_api_arith_mpi.o)
 .data          0x000000000000a098        0x0 /home/hsk/Desktop/devel/tee-tpm-hyp/optee_os/out/arm/export-ta_arm32/lib/libmbedtls.a(bignum.o)
 .data          0x000000000000a098        0x0 /home/hsk/Desktop/devel/tee-tpm-hyp/optee_os/out/arm/export-ta_arm32/lib/libutils.a(bget_malloc.o)
 .data          0x000000000000a098        0x0 /home/hsk/Desktop/devel/tee-tpm-hyp/optee_os/out/arm/export-ta_arm32/lib/libutils.a(snprintf.o)
 .data          0x000000000000a098        0x0 /home/hsk/Desktop/devel/tee-tpm-hyp/optee_os/out/arm/export-ta_arm32/lib/libutils.a(memcmp.o)
 .data          0x000000000000a098        0x0 /home/hsk/Desktop/devel/tee-tpm-hyp/optee_os/out/arm/export-ta_arm32/lib/libutils.a(memcpy.o)
 .data          0x000000000000a098        0x0 /home/hsk/Desktop/devel/tee-tpm-hyp/optee_os/out/arm/export-ta_arm32/lib/libutils.a(memmove.o)
 .data          0x000000000000a098        0x0 /home/hsk/Desktop/devel/tee-tpm-hyp/optee_os/out/arm/export-ta_arm32/lib/libutils.a(memset.o)
 .data          0x000000000000a098        0x0 /home/hsk/Desktop/devel/tee-tpm-hyp/optee_os/out/arm/export-ta_arm32/lib/libutils.a(buf_compare_ct.o)
 .data          0x000000000000a098        0x0 /home/hsk/Desktop/devel/tee-tpm-hyp/optee_os/out/arm/export-ta_arm32/lib/libutils.a(mempool.o)
 .data          0x000000000000a098        0x0 /home/hsk/Desktop/devel/tee-tpm-hyp/optee_os/out/arm/export-ta_arm32/lib/libutee.a(assert.o)

.igot.plt       0x000000000000a098        0x0
 .igot.plt      0x000000000000a098        0x0 ./acipher_ta.o

.bss            0x000000000000a098     0xa070
 *(SORT(.bss) SORT(.bss.*) SORT(.gnu.linkonce.b.*) SORT(COMMON))
 .bss           0x000000000000a098        0x4 /home/hsk/Desktop/devel/tee-tpm-hyp/optee_os/out/arm/export-ta_arm32/lib/libutee.a(tee_api.o)
 .bss           0x000000000000a09c       0x28 /home/hsk/Desktop/devel/tee-tpm-hyp/optee_os/out/arm/export-ta_arm32/lib/libutee.a(user_ta_entry.o)
                0x000000000000a0a0                ta_param_types
                0x000000000000a0a4                ta_params
 .bss           0x000000000000a0c4     0x2000 /home/hsk/Desktop/devel/tee-tpm-hyp/optee_os/out/arm/export-ta_arm32/lib/libutee.a(tee_api_arith_mpi.o)
 .bss           0x000000000000c0c4        0x4 /home/hsk/Desktop/devel/tee-tpm-hyp/optee_os/out/arm/export-ta_arm32/lib/libmbedtls.a(bignum.o)
                0x000000000000c0c4                mbedtls_mpi_mempool
 .bss           0x000000000000c0c8       0x40 /home/hsk/Desktop/devel/tee-tpm-hyp/optee_os/out/arm/export-ta_arm32/lib/libutils.a(bget_malloc.o)
 .bss           0x000000000000c108        0x0 ./acipher_ta.o
 .bss           0x000000000000c108     0x8000 ./user_ta_header.o
                0x000000000000c108                ta_heap
 .bss           0x0000000000014108        0x0 /home/hsk/Desktop/devel/tee-tpm-hyp/optee_os/out/arm/export-ta_arm32/lib/libutils.a(trace.o)
 .bss           0x0000000000014108        0x0 /home/hsk/Desktop/devel/tee-tpm-hyp/optee_os/out/arm/export-ta_arm32/lib/libutils.a(aeabi_unwind.o)
 .bss           0x0000000000014108        0x0 /home/hsk/Desktop/devel/tee-tpm-hyp/optee_os/out/arm/export-ta_arm32/lib/libutils.a(snprintk.o)
 .bss           0x0000000000014108        0x0 /home/hsk/Desktop/devel/tee-tpm-hyp/optee_os/out/arm/export-ta_arm32/lib/libutils.a(memchr.o)
 .bss           0x0000000000014108        0x0 /home/hsk/Desktop/devel/tee-tpm-hyp/optee_os/out/arm/export-ta_arm32/lib/libutils.a(strlen.o)
 .bss           0x0000000000014108        0x0 /home/hsk/Desktop/devel/tee-tpm-hyp/optee_os/out/arm/export-ta_arm32/lib/libutils.a(arm32_aeabi_ldivmod_a32.o)
 .bss           0x0000000000014108        0x0 /home/hsk/Desktop/devel/tee-tpm-hyp/optee_os/out/arm/export-ta_arm32/lib/libutils.a(arm32_aeabi_ldivmod.o)
 .bss           0x0000000000014108        0x0 /home/hsk/Desktop/devel/tee-tpm-hyp/optee_os/out/arm/export-ta_arm32/lib/libutee.a(trace_ext.o)
 .bss           0x0000000000014108        0x0 /home/hsk/Desktop/devel/tee-tpm-hyp/optee_os/out/arm/export-ta_arm32/lib/libutee.a(tee_api_objects.o)
 .bss           0x0000000000014108        0x0 /home/hsk/Desktop/devel/tee-tpm-hyp/optee_os/out/arm/export-ta_arm32/lib/libutee.a(tee_api_operations.o)
 .bss           0x0000000000014108        0x0 /home/hsk/Desktop/devel/tee-tpm-hyp/optee_os/out/arm/export-ta_arm32/lib/libutee.a(tee_api_panic.o)
 .bss           0x0000000000014108        0x0 /home/hsk/Desktop/devel/tee-tpm-hyp/optee_os/out/arm/export-ta_arm32/lib/libutee.a(utee_syscalls_a32.o)
 .bss           0x0000000000014108        0x0 /home/hsk/Desktop/devel/tee-tpm-hyp/optee_os/out/arm/export-ta_arm32/lib/libutee.a(gprof_a32.o)
 .bss           0x0000000000014108        0x0 /home/hsk/Desktop/devel/tee-tpm-hyp/optee_os/out/arm/export-ta_arm32/lib/libutils.a(snprintf.o)
 .bss           0x0000000000014108        0x0 /home/hsk/Desktop/devel/tee-tpm-hyp/optee_os/out/arm/export-ta_arm32/lib/libutils.a(memcmp.o)
 .bss           0x0000000000014108        0x0 /home/hsk/Desktop/devel/tee-tpm-hyp/optee_os/out/arm/export-ta_arm32/lib/libutils.a(memcpy.o)
 .bss           0x0000000000014108        0x0 /home/hsk/Desktop/devel/tee-tpm-hyp/optee_os/out/arm/export-ta_arm32/lib/libutils.a(memmove.o)
 .bss           0x0000000000014108        0x0 /home/hsk/Desktop/devel/tee-tpm-hyp/optee_os/out/arm/export-ta_arm32/lib/libutils.a(memset.o)
 .bss           0x0000000000014108        0x0 /home/hsk/Desktop/devel/tee-tpm-hyp/optee_os/out/arm/export-ta_arm32/lib/libutils.a(buf_compare_ct.o)
 .bss           0x0000000000014108        0x0 /home/hsk/Desktop/devel/tee-tpm-hyp/optee_os/out/arm/export-ta_arm32/lib/libutils.a(mempool.o)
 .bss           0x0000000000014108        0x0 /home/hsk/Desktop/devel/tee-tpm-hyp/optee_os/out/arm/export-ta_arm32/lib/libutee.a(assert.o)
                0x0000000000014108                . = ALIGN (0x8)
                0x0000000000014108                __gprof_buf_start = .
                0x0000000000014108                . = (. + DEFINED (__gnu_mcount_nc)?(((__text_end - __text_start) * 0x88) / 0x64):0x0)
                0x0000000000014108                __gprof_buf_end = .

.dynbss         0x0000000000014108        0x0
 .dynbss        0x0000000000014108        0x0 ./acipher_ta.o

/DISCARD/
 *(SORT(.interp))
LOAD ./acipher_ta.o
LOAD ./user_ta_header.o
START GROUP
LOAD /home/hsk/Desktop/devel/tee-tpm-hyp/optee_os/out/arm/export-ta_arm32/lib/libutils.a
LOAD /home/hsk/Desktop/devel/tee-tpm-hyp/optee_os/out/arm/export-ta_arm32/lib/libutee.a
LOAD /home/hsk/Desktop/devel/tee-tpm-hyp/optee_os/out/arm/export-ta_arm32/lib/libmbedtls.a
END GROUP
OUTPUT(a734eed9-d6a1-4244-aa50-7c99719e7b7b.elf elf32-littlearm)

.debug_info     0x0000000000000000    0x1184f
 .debug_info    0x0000000000000000      0x808 ./acipher_ta.o
 .debug_info    0x0000000000000808      0x37d ./user_ta_header.o
 .debug_info    0x0000000000000b85      0x688 /home/hsk/Desktop/devel/tee-tpm-hyp/optee_os/out/arm/export-ta_arm32/lib/libutils.a(trace.o)
 .debug_info    0x000000000000120d       0x4f /home/hsk/Desktop/devel/tee-tpm-hyp/optee_os/out/arm/export-ta_arm32/lib/libutils.a(aeabi_unwind.o)
 .debug_info    0x000000000000125c      0x690 /home/hsk/Desktop/devel/tee-tpm-hyp/optee_os/out/arm/export-ta_arm32/lib/libutils.a(snprintk.o)
 .debug_info    0x00000000000018ec       0xbd /home/hsk/Desktop/devel/tee-tpm-hyp/optee_os/out/arm/export-ta_arm32/lib/libutils.a(memchr.o)
 .debug_info    0x00000000000019a9       0x8d /home/hsk/Desktop/devel/tee-tpm-hyp/optee_os/out/arm/export-ta_arm32/lib/libutils.a(strlen.o)
 .debug_info    0x0000000000001a36       0x86 /home/hsk/Desktop/devel/tee-tpm-hyp/optee_os/out/arm/export-ta_arm32/lib/libutils.a(arm32_aeabi_ldivmod_a32.o)
 .debug_info    0x0000000000001abc      0x2d3 /home/hsk/Desktop/devel/tee-tpm-hyp/optee_os/out/arm/export-ta_arm32/lib/libutils.a(arm32_aeabi_ldivmod.o)
 .debug_info    0x0000000000001d8f      0x2ba /home/hsk/Desktop/devel/tee-tpm-hyp/optee_os/out/arm/export-ta_arm32/lib/libutee.a(trace_ext.o)
 .debug_info    0x0000000000002049      0xe9d /home/hsk/Desktop/devel/tee-tpm-hyp/optee_os/out/arm/export-ta_arm32/lib/libutee.a(tee_api.o)
 .debug_info    0x0000000000002ee6     0x1732 /home/hsk/Desktop/devel/tee-tpm-hyp/optee_os/out/arm/export-ta_arm32/lib/libutee.a(tee_api_objects.o)
 .debug_info    0x0000000000004618     0x2574 /home/hsk/Desktop/devel/tee-tpm-hyp/optee_os/out/arm/export-ta_arm32/lib/libutee.a(tee_api_operations.o)
 .debug_info    0x0000000000006b8c      0x100 /home/hsk/Desktop/devel/tee-tpm-hyp/optee_os/out/arm/export-ta_arm32/lib/libutee.a(tee_api_panic.o)
 .debug_info    0x0000000000006c8c      0xab8 /home/hsk/Desktop/devel/tee-tpm-hyp/optee_os/out/arm/export-ta_arm32/lib/libutee.a(user_ta_entry.o)
 .debug_info    0x0000000000007744       0x7a /home/hsk/Desktop/devel/tee-tpm-hyp/optee_os/out/arm/export-ta_arm32/lib/libutee.a(utee_syscalls_a32.o)
 .debug_info    0x00000000000077be       0x7c /home/hsk/Desktop/devel/tee-tpm-hyp/optee_os/out/arm/export-ta_arm32/lib/libutee.a(gprof_a32.o)
 .debug_info    0x000000000000783a     0x355c /home/hsk/Desktop/devel/tee-tpm-hyp/optee_os/out/arm/export-ta_arm32/lib/libutee.a(tee_api_arith_mpi.o)
 .debug_info    0x000000000000ad96     0x451c /home/hsk/Desktop/devel/tee-tpm-hyp/optee_os/out/arm/export-ta_arm32/lib/libmbedtls.a(bignum.o)
 .debug_info    0x000000000000f2b2     0x1aac /home/hsk/Desktop/devel/tee-tpm-hyp/optee_os/out/arm/export-ta_arm32/lib/libutils.a(bget_malloc.o)
 .debug_info    0x0000000000010d5e      0x19b /home/hsk/Desktop/devel/tee-tpm-hyp/optee_os/out/arm/export-ta_arm32/lib/libutils.a(snprintf.o)
 .debug_info    0x0000000000010ef9       0xb4 /home/hsk/Desktop/devel/tee-tpm-hyp/optee_os/out/arm/export-ta_arm32/lib/libutils.a(memcmp.o)