Archive member included to satisfy reference by file (symbol)

/home/hsk/Desktop/devel/tee-tpm-hyp/optee_os/out/arm/export-ta_arm32/lib/libutils.a(trace.o)
                              ./aes_ta.o (trace_printf)
/home/hsk/Desktop/devel/tee-tpm-hyp/optee_os/out/arm/export-ta_arm32/lib/libutils.a(aeabi_unwind.o)
                              ./aes_ta.o (__aeabi_unwind_cpp_pr0)
/home/hsk/Desktop/devel/tee-tpm-hyp/optee_os/out/arm/export-ta_arm32/lib/libutils.a(snprintk.o)
                              /home/hsk/Desktop/devel/tee-tpm-hyp/optee_os/out/arm/export-ta_arm32/lib/libutils.a(trace.o) (snprintk)
/home/hsk/Desktop/devel/tee-tpm-hyp/optee_os/out/arm/export-ta_arm32/lib/libutils.a(memchr.o)
                              /home/hsk/Desktop/devel/tee-tpm-hyp/optee_os/out/arm/export-ta_arm32/lib/libutils.a(snprintk.o) (memchr)
/home/hsk/Desktop/devel/tee-tpm-hyp/optee_os/out/arm/export-ta_arm32/lib/libutils.a(strlen.o)
                              /home/hsk/Desktop/devel/tee-tpm-hyp/optee_os/out/arm/export-ta_arm32/lib/libutils.a(snprintk.o) (strlen)
/home/hsk/Desktop/devel/tee-tpm-hyp/optee_os/out/arm/export-ta_arm32/lib/libutils.a(arm32_aeabi_ldivmod_a32.o)
                              /home/hsk/Desktop/devel/tee-tpm-hyp/optee_os/out/arm/export-ta_arm32/lib/libutils.a(snprintk.o) (__aeabi_uldivmod)
/home/hsk/Desktop/devel/tee-tpm-hyp/optee_os/out/arm/export-ta_arm32/lib/libutils.a(arm32_aeabi_ldivmod.o)
                              /home/hsk/Desktop/devel/tee-tpm-hyp/optee_os/out/arm/export-ta_arm32/lib/libutils.a(arm32_aeabi_ldivmod_a32.o) (__ul_divmod)
/home/hsk/Desktop/devel/tee-tpm-hyp/optee_os/out/arm/export-ta_arm32/lib/libutee.a(trace_ext.o)
                              /home/hsk/Desktop/devel/tee-tpm-hyp/optee_os/out/arm/export-ta_arm32/lib/libutils.a(trace.o) (trace_ext_puts)
/home/hsk/Desktop/devel/tee-tpm-hyp/optee_os/out/arm/export-ta_arm32/lib/libutee.a(tee_api.o)
                              ./aes_ta.o (TEE_Malloc)
/home/hsk/Desktop/devel/tee-tpm-hyp/optee_os/out/arm/export-ta_arm32/lib/libutee.a(tee_api_objects.o)
                              ./aes_ta.o (TEE_AllocateTransientObject)
/home/hsk/Desktop/devel/tee-tpm-hyp/optee_os/out/arm/export-ta_arm32/lib/libutee.a(tee_api_operations.o)
                              ./aes_ta.o (TEE_FreeOperation)
/home/hsk/Desktop/devel/tee-tpm-hyp/optee_os/out/arm/export-ta_arm32/lib/libutee.a(tee_api_panic.o)
                              /home/hsk/Desktop/devel/tee-tpm-hyp/optee_os/out/arm/export-ta_arm32/lib/libutee.a(tee_api.o) (TEE_Panic)
/home/hsk/Desktop/devel/tee-tpm-hyp/optee_os/out/arm/export-ta_arm32/lib/libutee.a(user_ta_entry.o)
                              ./user_ta_header.o (__utee_entry)
/home/hsk/Desktop/devel/tee-tpm-hyp/optee_os/out/arm/export-ta_arm32/lib/libutee.a(utee_syscalls_a32.o)
                              /home/hsk/Desktop/devel/tee-tpm-hyp/optee_os/out/arm/export-ta_arm32/lib/libutee.a(tee_api_panic.o) (utee_panic)
/home/hsk/Desktop/devel/tee-tpm-hyp/optee_os/out/arm/export-ta_arm32/lib/libutee.a(gprof_a32.o)
                              /home/hsk/Desktop/devel/tee-tpm-hyp/optee_os/out/arm/export-ta_arm32/lib/libutee.a(user_ta_entry.o) (__utee_mcount)
/home/hsk/Desktop/devel/tee-tpm-hyp/optee_os/out/arm/export-ta_arm32/lib/libutee.a(tee_api_arith_mpi.o)
                              /home/hsk/Desktop/devel/tee-tpm-hyp/optee_os/out/arm/export-ta_arm32/lib/libutee.a(user_ta_entry.o) (_TEE_MathAPI_Init)
/home/hsk/Desktop/devel/tee-tpm-hyp/optee_os/out/arm/export-ta_arm32/lib/libmbedtls.a(bignum.o)
                              /home/hsk/Desktop/devel/tee-tpm-hyp/optee_os/out/arm/export-ta_arm32/lib/libutee.a(tee_api_arith_mpi.o) (mbedtls_mpi_init_mempool)
/home/hsk/Desktop/devel/tee-tpm-hyp/optee_os/out/arm/export-ta_arm32/lib/libutils.a(bget_malloc.o)
                              /home/hsk/Desktop/devel/tee-tpm-hyp/optee_os/out/arm/export-ta_arm32/lib/libutee.a(tee_api.o) (malloc)
/home/hsk/Desktop/devel/tee-tpm-hyp/optee_os/out/arm/export-ta_arm32/lib/libutils.a(snprintf.o)
                              /home/hsk/Desktop/devel/tee-tpm-hyp/optee_os/out/arm/export-ta_arm32/lib/libutee.a(trace_ext.o) (vsnprintf)
/home/hsk/Desktop/devel/tee-tpm-hyp/optee_os/out/arm/export-ta_arm32/lib/libutils.a(memcmp.o)
                              /home/hsk/Desktop/devel/tee-tpm-hyp/optee_os/out/arm/export-ta_arm32/lib/libutee.a(tee_api.o) (memcmp)
/home/hsk/Desktop/devel/tee-tpm-hyp/optee_os/out/arm/export-ta_arm32/lib/libutils.a(memcpy.o)
                              /home/hsk/Desktop/devel/tee-tpm-hyp/optee_os/out/arm/export-ta_arm32/lib/libutee.a(tee_api_operations.o) (memcpy)
/home/hsk/Desktop/devel/tee-tpm-hyp/optee_os/out/arm/export-ta_arm32/lib/libutils.a(memmove.o)
                              /home/hsk/Desktop/devel/tee-tpm-hyp/optee_os/out/arm/export-ta_arm32/lib/libutee.a(tee_api.o) (memmove)
/home/hsk/Desktop/devel/tee-tpm-hyp/optee_os/out/arm/export-ta_arm32/lib/libutils.a(memset.o)
[...]
Memory Configuration

Name             Origin             Length             Attributes
*default*        0x0000000000000000 0xffffffffffffffff

Linker script and memory map


.ta_head        0x0000000000000000       0x20
 *(SORT(.ta_head))
 .ta_head       0x0000000000000000       0x20 ./user_ta_header.o
                0x0000000000000000                ta_head

.text           0x0000000000000020     0x7da8
                0x0000000000000020                __text_start = .
 *(SORT(.text) SORT(.text.*))
 .text          0x0000000000000020      0x410 ./aes_ta.o
                0x0000000000000020                TA_CreateEntryPoint
                0x0000000000000024                TA_DestroyEntryPoint
                0x0000000000000026                TA_OpenSessionEntryPoint
                0x000000000000006c                TA_CloseSessionEntryPoint
                0x00000000000000b0                TA_InvokeCommandEntryPoint
 .text          0x0000000000000430      0x2b4 /home/hsk/Desktop/devel/tee-tpm-hyp/optee_os/out/arm/export-ta_arm32/lib/libutils.a(trace.o)
                0x000000000000047e                trace_set_level
                0x000000000000049c                trace_get_level
                0x00000000000004b0                trace_printf
                0x00000000000005ec                dhex_dump
 .text          0x00000000000006e4      0x724 /home/hsk/Desktop/devel/tee-tpm-hyp/optee_os/out/arm/export-ta_arm32/lib/libutils.a(snprintk.o)
                0x00000000000006e4                __vsnprintf
                0x0000000000000de0                vsnprintk
                0x0000000000000dee                snprintk
 .text.__aeabi_ldivmod
                0x0000000000000e08       0x18 /home/hsk/Desktop/devel/tee-tpm-hyp/optee_os/out/arm/export-ta_arm32/lib/libutils.a(arm32_aeabi_ldivmod_a32.o)
                0x0000000000000e08                __aeabi_ldivmod
 .text.__aeabi_uldivmod
                0x0000000000000e20       0x18 /home/hsk/Desktop/devel/tee-tpm-hyp/optee_os/out/arm/export-ta_arm32/lib/libutils.a(arm32_aeabi_ldivmod_a32.o)
                0x0000000000000e20                __aeabi_uldivmod
 .text          0x0000000000000e38       0x9c /home/hsk/Desktop/devel/tee-tpm-hyp/optee_os/out/arm/export-ta_arm32/lib/libutee.a(trace_ext.o)
                0x0000000000000e38                trace_ext_puts
                0x0000000000000e4c                trace_ext_get_thread_id
                0x0000000000000e52                printf
                0x0000000000000e8c                puts
                0x0000000000000eb0                putchar
 .text          0x0000000000000ed4      0x2e0 /home/hsk/Desktop/devel/tee-tpm-hyp/optee_os/out/arm/export-ta_arm32/lib/libutee.a(tee_api.o)
                0x0000000000000ed4                __utee_from_param
                0x0000000000000f22                __utee_to_param
                0x0000000000000f5e                TEE_OpenTASession
                0x0000000000000fa2                TEE_CloseTASession
                0x0000000000000fb6                TEE_InvokeTACommand
                0x000000000000101c                TEE_GetCancellationFlag
                0x0000000000001038                TEE_UnmaskCancellation
                0x0000000000001054                TEE_MaskCancellation
                0x0000000000001070                TEE_CheckMemoryAccessRights
                0x000000000000107a                TEE_SetInstanceData
                0x0000000000001088                TEE_GetInstanceData
                0x0000000000001094                TEE_MemMove
                0x0000000000001098                TEE_MemCompare
                0x000000000000109c                TEE_MemFill
                0x00000000000010a0                TEE_GetSystemTime
                0x00000000000010b6                TEE_Wait
                0x00000000000010d4                TEE_GetTAPersistentTime
                0x0000000000001110                TEE_SetTAPersistentTime
                0x0000000000001138                TEE_GetREETime
                0x000000000000114e                TEE_Malloc
                0x0000000000001198                TEE_Realloc
                0x000000000000119c                TEE_Free
                0x00000000000011a0                TEE_CacheClean
                0x00000000000011a6                TEE_CacheFlush
                0x00000000000011ac                TEE_CacheInvalidate
 .text          0x00000000000011b4      0x7b0 /home/hsk/Desktop/devel/tee-tpm-hyp/optee_os/out/arm/export-ta_arm32/lib/libutee.a(tee_api_objects.o)
                0x00000000000011b4                __utee_from_attr
                0x00000000000011ec                TEE_GetObjectInfo
                0x0000000000001218                TEE_GetObjectInfo1
                0x0000000000001238                TEE_RestrictObjectUsage1
                0x0000000000001258                TEE_RestrictObjectUsage
                0x0000000000001284                TEE_GetObjectBufferAttribute
                0x00000000000012f4                TEE_GetObjectValueAttribute
                0x0000000000001378                TEE_CloseObject
                0x000000000000138c                TEE_AllocateTransientObject
                0x00000000000013bc                TEE_FreeTransientObject
                0x00000000000013ec                TEE_ResetTransientObject
                0x000000000000141c                TEE_PopulateTransientObject
                0x000000000000148c                TEE_InitRefAttribute
                0x00000000000014ae                TEE_InitValueAttribute
                0x00000000000014d0                TEE_CopyObjectAttributes1
                0x0000000000001538                TEE_CopyObjectAttributes
                0x0000000000001568                TEE_GenerateKey
                0x00000000000015d4                TEE_OpenPersistentObject
                0x0000000000001638                TEE_CreatePersistentObject
                0x00000000000016d0                TEE_CloseAndDeletePersistentObject1
                0x00000000000016f4                TEE_CloseAndDeletePersistentObject
                0x000000000000170a                TEE_RenamePersistentObject
                0x0000000000001750                TEE_AllocatePersistentObjectEnumerator
                0x0000000000001788                TEE_FreePersistentObjectEnumerator
                0x000000000000179c                TEE_ResetPersistentObjectEnumerator
                0x00000000000017b0                TEE_StartPersistentObjectEnumerator
                0x00000000000017dc                TEE_GetNextPersistentObject
                0x0000000000001830                TEE_ReadObjectData
                0x0000000000001870                TEE_WriteObjectData
                0x00000000000018b0                TEE_TruncateObjectData
                0x00000000000018e8                TEE_SeekObjectData
 .text          0x0000000000001964     0x15b0 /home/hsk/Desktop/devel/tee-tpm-hyp/optee_os/out/arm/export-ta_arm32/lib/libutee.a(tee_api_operations.o)
                0x0000000000001ab8                TEE_FreeOperation
                0x0000000000001ade                TEE_AllocateOperation
                0x0000000000002014                TEE_GetOperationInfo
                0x0000000000002036                TEE_GetOperationInfoMultiple
                0x00000000000020ec                TEE_ResetOperation
                0x000000000000212c                TEE_SetOperationKey
                0x00000000000021bc                TEE_SetOperationKey2
                0x00000000000022b0                TEE_CopyOperation
                0x0000000000002354                TEE_DigestUpdate
                0x0000000000002384                TEE_DigestDoFinal
                0x00000000000023f4                TEE_CipherInit
                0x000000000000244a                TEE_CipherUpdate
                0x0000000000002530                TEE_CipherDoFinal
                0x000000000000263c                TEE_MACInit
                0x0000000000002692                TEE_MACUpdate
                0x00000000000026e0                TEE_MACComputeFinal
                0x0000000000002748                TEE_MACCompareFinal
                0x00000000000027b0                TEE_AEInit
                0x0000000000002820                TEE_AEUpdateAAD
                0x0000000000002866                TEE_AEUpdate
                0x0000000000002934                TEE_AEEncryptFinal
                0x0000000000002a4c                TEE_AEDecryptFinal
                0x0000000000002b54                TEE_AsymmetricEncrypt
                0x0000000000002c10                TEE_AsymmetricDecrypt
                0x0000000000002cd0                TEE_AsymmetricSignDigest
                0x0000000000002d84                TEE_AsymmetricVerifyDigest
                0x0000000000002e30                TEE_DeriveKey
                0x0000000000002eea                TEE_GenerateRandom
                0x0000000000002efc                rand
 .text          0x0000000000002f14      0x210 /home/hsk/Desktop/devel/tee-tpm-hyp/optee_os/out/arm/export-ta_arm32/lib/libutee.a(user_ta_entry.o)
                0x0000000000002f98                __utee_entry
 .text          0x0000000000003124        0x0 /home/hsk/Desktop/devel/tee-tpm-hyp/optee_os/out/arm/export-ta_arm32/lib/libutee.a(utee_syscalls_a32.o)
 .text.utee_panic
                0x0000000000003124       0x14 /home/hsk/Desktop/devel/tee-tpm-hyp/optee_os/out/arm/export-ta_arm32/lib/libutee.a(utee_syscalls_a32.o)
                0x0000000000003124                utee_panic
 .text.utee_return
                0x0000000000003138       0x14 /home/hsk/Desktop/devel/tee-tpm-hyp/optee_os/out/arm/export-ta_arm32/lib/libutee.a(utee_syscalls_a32.o)
                0x0000000000003138                utee_return
 .text.utee_log
                0x000000000000314c       0x14 /home/hsk/Desktop/devel/tee-tpm-hyp/optee_os/out/arm/export-ta_arm32/lib/libutee.a(utee_syscalls_a32.o)
                0x000000000000314c                utee_log
 .text.__utee_panic
                0x0000000000003160       0x14 /home/hsk/Desktop/devel/tee-tpm-hyp/optee_os/out/arm/export-ta_arm32/lib/libutee.a(utee_syscalls_a32.o)
                0x0000000000003160                __utee_panic
 .text.utee_get_property
                0x0000000000003174       0x18 /home/hsk/Desktop/devel/tee-tpm-hyp/optee_os/out/arm/export-ta_arm32/lib/libutee.a(utee_syscalls_a32.o)
                0x0000000000003174                utee_get_property
 .text.utee_get_property_name_to_index
                0x000000000000318c       0x14 /home/hsk/Desktop/devel/tee-tpm-hyp/optee_os/out/arm/export-ta_arm32/lib/libutee.a(utee_syscalls_a32.o)
                0x000000000000318c                utee_get_property_name_to_index
 .text.utee_open_ta_session
                0x00000000000031a0       0x18 /home/hsk/Desktop/devel/tee-tpm-hyp/optee_os/out/arm/export-ta_arm32/lib/libutee.a(utee_syscalls_a32.o)
                0x00000000000031a0                utee_open_ta_session
 .text.utee_close_ta_session
                0x00000000000031b8       0x14 /home/hsk/Desktop/devel/tee-tpm-hyp/optee_os/out/arm/export-ta_arm32/lib/libutee.a(utee_syscalls_a32.o)
                0x00000000000031b8                utee_close_ta_session
 .text.utee_invoke_ta_command
                0x00000000000031cc       0x18 /home/hsk/Desktop/devel/tee-tpm-hyp/optee_os/out/arm/export-ta_arm32/lib/libutee.a(utee_syscalls_a32.o)
                0x00000000000031cc                utee_invoke_ta_command
 .text.utee_get_cancellation_flag
                0x00000000000031e4       0x14 /home/hsk/Desktop/devel/tee-tpm-hyp/optee_os/out/arm/export-ta_arm32/lib/libutee.a(utee_syscalls_a32.o)
                0x00000000000031e4                utee_get_cancellation_flag
 .text.utee_check_access_rights
                0x00000000000031f8       0x14 /home/hsk/Desktop/devel/tee-tpm-hyp/optee_os/out/arm/export-ta_arm32/lib/libutee.a(utee_syscalls_a32.o)
                0x00000000000031f8                utee_check_access_rights
 .text.utee_unmask_cancellation
                0x000000000000320c       0x14 /home/hsk/Desktop/devel/tee-tpm-hyp/optee_os/out/arm/export-ta_arm32/lib/libutee.a(utee_syscalls_a32.o)
                0x000000000000320c                utee_unmask_cancellation
 .text.utee_mask_cancellation
                0x0000000000003220       0x14 /home/hsk/Desktop/devel/tee-tpm-hyp/optee_os/out/arm/export-ta_arm32/lib/libutee.a(utee_syscalls_a32.o)
                0x0000000000003220                utee_mask_cancellation
 .text.utee_wait
                0x0000000000003234       0x14 /home/hsk/Desktop/devel/tee-tpm-hyp/optee_os/out/arm/export-ta_arm32/lib/libutee.a(utee_syscalls_a32.o)
                0x0000000000003234                utee_wait
 .text.utee_get_time
                0x0000000000003248       0x14 /home/hsk/Desktop/devel/tee-tpm-hyp/optee_os/out/arm/export-ta_arm32/lib/libutee.a(utee_syscalls_a32.o)
                0x0000000000003248                utee_get_time
 .text.utee_set_ta_time
                0x000000000000325c       0x14 /home/hsk/Desktop/devel/tee-tpm-hyp/optee_os/out/arm/export-ta_arm32/lib/libutee.a(utee_syscalls_a32.o)
                0x000000000000325c                utee_set_ta_time
 .text.utee_cryp_state_alloc
                0x0000000000003270       0x18 /home/hsk/Desktop/devel/tee-tpm-hyp/optee_os/out/arm/export-ta_arm32/lib/libutee.a(utee_syscalls_a32.o)
                0x0000000000003270                utee_cryp_state_alloc
 .text.utee_cryp_state_copy
                0x0000000000003288       0x14 /home/hsk/Desktop/devel/tee-tpm-hyp/optee_os/out/arm/export-ta_arm32/lib/libutee.a(utee_syscalls_a32.o)
                0x0000000000003288                utee_cryp_state_copy
 .text.utee_cryp_state_free
                0x000000000000329c       0x14 /home/hsk/Desktop/devel/tee-tpm-hyp/optee_os/out/arm/export-ta_arm32/lib/libutee.a(utee_syscalls_a32.o)
                0x000000000000329c                utee_cryp_state_free
 .text.utee_hash_init
                0x00000000000032b0       0x14 /home/hsk/Desktop/devel/tee-tpm-hyp/optee_os/out/arm/export-ta_arm32/lib/libutee.a(utee_syscalls_a32.o)
                0x00000000000032b0                utee_hash_init
 .text.utee_hash_update
                0x00000000000032c4       0x14 /home/hsk/Desktop/devel/tee-tpm-hyp/optee_os/out/arm/export-ta_arm32/lib/libutee.a(utee_syscalls_a32.o)
                0x00000000000032c4                utee_hash_update
 .text.utee_hash_final
                0x00000000000032d8       0x18 /home/hsk/Desktop/devel/tee-tpm-hyp/optee_os/out/arm/export-ta_arm32/lib/libutee.a(utee_syscalls_a32.o)
                0x00000000000032d8                utee_hash_final
 .text.utee_cipher_init
                0x00000000000032f0       0x14 /home/hsk/Desktop/devel/tee-tpm-hyp/optee_os/out/arm/export-ta_arm32/lib/libutee.a(utee_syscalls_a32.o)
                0x00000000000032f0                utee_cipher_init
 .text.utee_cipher_update
                0x0000000000003304       0x18 /home/hsk/Desktop/devel/tee-tpm-hyp/optee_os/out/arm/export-ta_arm32/lib/libutee.a(utee_syscalls_a32.o)
                0x0000000000003304                utee_cipher_update
 .text.utee_cipher_final
                0x000000000000331c       0x18 /home/hsk/Desktop/devel/tee-tpm-hyp/optee_os/out/arm/export-ta_arm32/lib/libutee.a(utee_syscalls_a32.o)
                0x000000000000331c                utee_cipher_final
 .text.utee_cryp_obj_get_info
                0x0000000000003334       0x14 /home/hsk/Desktop/devel/tee-tpm-hyp/optee_os/out/arm/export-ta_arm32/lib/libutee.a(utee_syscalls_a32.o)
                0x0000000000003334                utee_cryp_obj_get_info
 .text.utee_cryp_obj_restrict_usage
                0x0000000000003348       0x14 /home/hsk/Desktop/devel/tee-tpm-hyp/optee_os/out/arm/export-ta_arm32/lib/libutee.a(utee_syscalls_a32.o)
                0x0000000000003348                utee_cryp_obj_restrict_usage
 .text.utee_cryp_obj_get_attr
                0x000000000000335c       0x14 /home/hsk/Desktop/devel/tee-tpm-hyp/optee_os/out/arm/export-ta_arm32/lib/libutee.a(utee_syscalls_a32.o)
                0x000000000000335c                utee_cryp_obj_get_attr
 .text.utee_cryp_obj_alloc
                0x0000000000003370       0x14 /home/hsk/Desktop/devel/tee-tpm-hyp/optee_os/out/arm/export-ta_arm32/lib/libutee.a(utee_syscalls_a32.o)
                0x0000000000003370                utee_cryp_obj_alloc
 .text.utee_cryp_obj_close
                0x0000000000003384       0x14 /home/hsk/Desktop/devel/tee-tpm-hyp/optee_os/out/arm/export-ta_arm32/lib/libutee.a(utee_syscalls_a32.o)
                0x0000000000003384                utee_cryp_obj_close
 .text.utee_cryp_obj_reset
                0x0000000000003398       0x14 /home/hsk/Desktop/devel/tee-tpm-hyp/optee_os/out/arm/export-ta_arm32/lib/libutee.a(utee_syscalls_a32.o)
                0x0000000000003398                utee_cryp_obj_reset
 .text.utee_cryp_obj_populate
                0x00000000000033ac       0x14 /home/hsk/Desktop/devel/tee-tpm-hyp/optee_os/out/arm/export-ta_arm32/lib/libutee.a(utee_syscalls_a32.o)
                0x00000000000033ac                utee_cryp_obj_populate
 .text.utee_cryp_obj_copy
                0x00000000000033c0       0x14 /home/hsk/Desktop/devel/tee-tpm-hyp/optee_os/out/arm/export-ta_arm32/lib/libutee.a(utee_syscalls_a32.o)
                0x00000000000033c0                utee_cryp_obj_copy
 .text.utee_cryp_derive_key
                0x00000000000033d4       0x14 /home/hsk/Desktop/devel/tee-tpm-hyp/optee_os/out/arm/export-ta_arm32/lib/libutee.a(utee_syscalls_a32.o)
                0x00000000000033d4                utee_cryp_derive_key
 .text.utee_cryp_random_number_generate
                0x00000000000033e8       0x14 /home/hsk/Desktop/devel/tee-tpm-hyp/optee_os/out/arm/export-ta_arm32/lib/libutee.a(utee_syscalls_a32.o)
                0x00000000000033e8                utee_cryp_random_number_generate
 .text.utee_authenc_init
                0x00000000000033fc       0x18 /home/hsk/Desktop/devel/tee-tpm-hyp/optee_os/out/arm/export-ta_arm32/lib/libutee.a(utee_syscalls_a32.o)
                0x00000000000033fc                utee_authenc_init
 .text.utee_authenc_update_aad
                0x0000000000003414       0x14 /home/hsk/Desktop/devel/tee-tpm-hyp/optee_os/out/arm/export-ta_arm32/lib/libutee.a(utee_syscalls_a32.o)
                0x0000000000003414                utee_authenc_update_aad
 .text.utee_authenc_update_payload
                0x0000000000003428       0x18 /home/hsk/Desktop/devel/tee-tpm-hyp/optee_os/out/arm/export-ta_arm32/lib/libutee.a(utee_syscalls_a32.o)
                0x0000000000003428                utee_authenc_update_payload
 .text.utee_authenc_enc_final
                0x0000000000003440       0x18 /home/hsk/Desktop/devel/tee-tpm-hyp/optee_os/out/arm/export-ta_arm32/lib/libutee.a(utee_syscalls_a32.o)
                0x0000000000003440                utee_authenc_enc_final
 .text.utee_authenc_dec_final
                0x0000000000003458       0x18 /home/hsk/Desktop/devel/tee-tpm-hyp/optee_os/out/arm/export-ta_arm32/lib/libutee.a(utee_syscalls_a32.o)
                0x0000000000003458                utee_authenc_dec_final
 .text.utee_asymm_operate
                0x0000000000003470       0x18 /home/hsk/Desktop/devel/tee-tpm-hyp/optee_os/out/arm/export-ta_arm32/lib/libutee.a(utee_syscalls_a32.o)
                0x0000000000003470                utee_asymm_operate
 .text.utee_asymm_verify
                0x0000000000003488       0x18 /home/hsk/Desktop/devel/tee-tpm-hyp/optee_os/out/arm/export-ta_arm32/lib/libutee.a(utee_syscalls_a32.o)
                0x0000000000003488                utee_asymm_verify
 .text.utee_storage_obj_open
                0x00000000000034a0       0x18 /home/hsk/Desktop/devel/tee-tpm-hyp/optee_os/out/arm/export-ta_arm32/lib/libutee.a(utee_syscalls_a32.o)
                0x00000000000034a0                utee_storage_obj_open
 .text.utee_storage_obj_create
                0x00000000000034b8       0x18 /home/hsk/Desktop/devel/tee-tpm-hyp/optee_os/out/arm/export-ta_arm32/lib/libutee.a(utee_syscalls_a32.o)
                0x00000000000034b8                utee_storage_obj_create
 .text.utee_storage_obj_del
                0x00000000000034d0       0x14 /home/hsk/Desktop/devel/tee-tpm-hyp/optee_os/out/arm/export-ta_arm32/lib/libutee.a(utee_syscalls_a32.o)
                0x00000000000034d0                utee_storage_obj_del
 .text.utee_storage_obj_rename
                0x00000000000034e4       0x14 /home/hsk/Desktop/devel/tee-tpm-hyp/optee_os/out/arm/export-ta_arm32/lib/libutee.a(utee_syscalls_a32.o)
                0x00000000000034e4                utee_storage_obj_rename
 .text.utee_storage_alloc_enum
                0x00000000000034f8       0x14 /home/hsk/Desktop/devel/tee-tpm-hyp/optee_os/out/arm/export-ta_arm32/lib/libutee.a(utee_syscalls_a32.o)
                0x00000000000034f8                utee_storage_alloc_enum
 .text.utee_storage_free_enum
                0x000000000000350c       0x14 /home/hsk/Desktop/devel/tee-tpm-hyp/optee_os/out/arm/export-ta_arm32/lib/libutee.a(utee_syscalls_a32.o)
                0x000000000000350c                utee_storage_free_enum
 .text.utee_storage_reset_enum
                0x0000000000003520       0x14 /home/hsk/Desktop/devel/tee-tpm-hyp/optee_os/out/arm/export-ta_arm32/lib/libutee.a(utee_syscalls_a32.o)
                0x0000000000003520                utee_storage_reset_enum
 .text.utee_storage_start_enum
                0x0000000000003534       0x14 /home/hsk/Desktop/devel/tee-tpm-hyp/optee_os/out/arm/export-ta_arm32/lib/libutee.a(utee_syscalls_a32.o)
                0x0000000000003534                utee_storage_start_enum
 .text.utee_storage_next_enum
                0x0000000000003548       0x14 /home/hsk/Desktop/devel/tee-tpm-hyp/optee_os/out/arm/export-ta_arm32/lib/libutee.a(utee_syscalls_a32.o)
                0x0000000000003548                utee_storage_next_enum
 .text.utee_storage_obj_read
                0x000000000000355c       0x14 /home/hsk/Desktop/devel/tee-tpm-hyp/optee_os/out/arm/export-ta_arm32/lib/libutee.a(utee_syscalls_a32.o)
                0x000000000000355c                utee_storage_obj_read
 .text.utee_storage_obj_write
                0x0000000000003570       0x14 /home/hsk/Desktop/devel/tee-tpm-hyp/optee_os/out/arm/export-ta_arm32/lib/libutee.a(utee_syscalls_a32.o)
                0x0000000000003570                utee_storage_obj_write
 .text.utee_storage_obj_trunc
                0x0000000000003584       0x14 /home/hsk/Desktop/devel/tee-tpm-hyp/optee_os/out/arm/export-ta_arm32/lib/libutee.a(utee_syscalls_a32.o)
                0x0000000000003584                utee_storage_obj_trunc
 .text.utee_storage_obj_seek
                0x0000000000003598       0x14 /home/hsk/Desktop/devel/tee-tpm-hyp/optee_os/out/arm/export-ta_arm32/lib/libutee.a(utee_syscalls_a32.o)
                0x0000000000003598                utee_storage_obj_seek
 .text.utee_cryp_obj_generate_key
                0x00000000000035ac       0x14 /home/hsk/Desktop/devel/tee-tpm-hyp/optee_os/out/arm/export-ta_arm32/lib/libutee.a(utee_syscalls_a32.o)
                0x00000000000035ac                utee_cryp_obj_generate_key
 .text.utee_cache_operation
                0x00000000000035c0       0x14 /home/hsk/Desktop/devel/tee-tpm-hyp/optee_os/out/arm/export-ta_arm32/lib/libutee.a(utee_syscalls_a32.o)
                0x00000000000035c0                utee_cache_operation
 .text.__utee_mcount
                0x00000000000035d4        0xc /home/hsk/Desktop/devel/tee-tpm-hyp/optee_os/out/arm/export-ta_arm32/lib/libutee.a(gprof_a32.o)
                0x00000000000035d4                __utee_mcount
 .text          0x00000000000035e0     0x1010 /home/hsk/Desktop/devel/tee-tpm-hyp/optee_os/out/arm/export-ta_arm32/lib/libutee.a(tee_api_arith_mpi.o)
                0x0000000000003b8c                _TEE_MathAPI_Init
                0x0000000000003bd0                TEE_BigIntInit
                0x0000000000003c10                TEE_BigIntConvertFromOctetString
                0x0000000000003c50                TEE_BigIntConvertToOctetString
                0x0000000000003ca8                TEE_BigIntConvertFromS32
                0x0000000000003ce0                TEE_BigIntConvertToS32
                0x0000000000003d38                TEE_BigIntCmp
                0x0000000000003d6e                TEE_BigIntCmpS32
                0x0000000000003e7c                TEE_BigIntShiftRight
                0x0000000000003f70                TEE_BigIntGetBit
                0x0000000000003f9a                TEE_BigIntGetBitCount
                0x0000000000003fbc                TEE_BigIntAdd
                0x0000000000003fd8                TEE_BigIntSub
                0x0000000000003ff4                TEE_BigIntNeg
                0x000000000000404c                TEE_BigIntMul
                0x00000000000040f0                TEE_BigIntSquare
                0x00000000000040f6                TEE_BigIntDiv
                0x00000000000041a4                TEE_BigIntMod
                0x00000000000041f4                TEE_BigIntAddMod
                0x0000000000004210                TEE_BigIntSubMod
                0x000000000000422c                TEE_BigIntMulMod
                0x0000000000004248                TEE_BigIntSquareMod
                0x0000000000004250                TEE_BigIntInvMod
                0x00000000000042f4                TEE_BigIntRelativePrime
                0x0000000000004370                TEE_BigIntComputeExtendedGcd
                0x00000000000044c0                TEE_BigIntIsProbablePrime
                0x00000000000044f0                TEE_BigIntInitFMM
                0x00000000000044f4                TEE_BigIntInitFMMContext
                0x00000000000044f6                TEE_BigIntFMMSizeInU32
                0x00000000000044fe                TEE_BigIntFMMContextSizeInU32
                0x0000000000004502                TEE_BigIntConvertToFMM
                0x0000000000004506                TEE_BigIntConvertFromFMM
                0x0000000000004550                TEE_BigIntComputeFMM
 .text.unlikely
                0x00000000000045f0       0x20 /home/hsk/Desktop/devel/tee-tpm-hyp/optee_os/out/arm/export-ta_arm32/lib/libutee.a(tee_api_arith_mpi.o)
 .text          0x0000000000004610     0x27dc /home/hsk/Desktop/devel/tee-tpm-hyp/optee_os/out/arm/export-ta_arm32/lib/libmbedtls.a(bignum.o)
                0x0000000000004b86                mbedtls_mpi_init
                0x0000000000004b94                mbedtls_mpi_init_mempool
                0x0000000000004bb8                mbedtls_mpi_init_static
                0x0000000000004bca                mbedtls_mpi_free
                0x0000000000004c18                mbedtls_mpi_grow
                0x0000000000004cc0                mbedtls_mpi_shrink
                0x0000000000004d8c                mbedtls_mpi_copy
                0x0000000000004de2                mbedtls_mpi_swap
                0x0000000000004e10                mbedtls_mpi_safe_cond_assign
                0x0000000000004e7c                mbedtls_mpi_safe_cond_swap
                0x0000000000004f02                mbedtls_mpi_lset
                0x0000000000004f3a                mbedtls_mpi_get_bit
                0x0000000000004f5a                mbedtls_mpi_set_bit
                0x0000000000004fac                mbedtls_mpi_lsb
                0x0000000000004fde                mbedtls_mpi_bitlen
                0x0000000000005020                mbedtls_mpi_size
                0x000000000000502c                mbedtls_mpi_read_binary
                0x0000000000005092                mbedtls_mpi_write_binary
                0x00000000000050d8                mbedtls_mpi_shift_l
                0x0000000000005168                mbedtls_mpi_shift_r
                0x00000000000051e4                mbedtls_mpi_cmp_abs
                0x000000000000524c                mbedtls_mpi_cmp_mpi
                0x00000000000052de                mbedtls_mpi_cmp_int
                0x000000000000530e                mbedtls_mpi_add_abs
                0x00000000000053c6                mbedtls_mpi_sub_abs
                0x0000000000005440                mbedtls_mpi_add_mpi
                0x0000000000005486                mbedtls_mpi_sub_mpi
                0x00000000000054d0                mbedtls_mpi_add_int
                0x0000000000005500                mbedtls_mpi_sub_int
                0x0000000000005530                mbedtls_mpi_mul_mpi
                0x0000000000005608                mbedtls_mpi_mul_int
                0x0000000000005626                mbedtls_mpi_read_string
                0x0000000000005752                mbedtls_mpi_div_mpi
                0x0000000000005ae8                mbedtls_mpi_div_int
                0x0000000000005b16                mbedtls_mpi_mod_mpi
                0x0000000000005b7a                mbedtls_mpi_mod_int
                0x0000000000005c22                mbedtls_mpi_write_string
                0x0000000000005da0                mbedtls_mpi_montg_init
                0x0000000000005dc8                mbedtls_mpi_montmul
                0x0000000000005e8c                mbedtls_mpi_montred
                0x0000000000005eb0                mbedtls_mpi_exp_mod
                0x0000000000006304                mbedtls_mpi_gcd
                0x0000000000006416                mbedtls_mpi_fill_random
                0x0000000000006660                mbedtls_mpi_inv_mod
                0x000000000000692e                mbedtls_mpi_is_prime
                0x000000000000698a                mbedtls_mpi_gen_prime
                0x0000000000006ac0                mbedtls_mpi_self_test
 .text          0x0000000000006dec      0xbf8 /home/hsk/Desktop/devel/tee-tpm-hyp/optee_os/out/arm/export-ta_arm32/lib/libutils.a(bget_malloc.o)
                0x0000000000006ef4                bget
                0x0000000000007028                bgetz
                0x0000000000007084                brel
                0x000000000000727c                bgetr
                0x00000000000072f8                bpool
                0x0000000000007394                bstats
                0x00000000000073f8                malloc_reset_stats
                0x000000000000740c                malloc_get_stats
                0x000000000000742c                malloc
                0x0000000000007464                free
                0x0000000000007474                calloc
                0x00000000000074bc                realloc
                0x00000000000074f4                memalign
                0x00000000000077c4                malloc_add_pool
                0x00000000000078bc                malloc_buffer_is_within_alloced
                0x0000000000007998                malloc_buffer_overlaps_heap
 .text          0x00000000000079e4      0x104 /home/hsk/Desktop/devel/tee-tpm-hyp/optee_os/out/arm/export-ta_arm32/lib/libutils.a(mempool.o)
                0x00000000000079e4                mempool_alloc_pool
                0x0000000000007a28                mempool_alloc
                0x0000000000007a94                mempool_calloc
                0x0000000000007ab8                mempool_free
 .text          0x0000000000007ae8       0x38 /home/hsk/Desktop/devel/tee-tpm-hyp/optee_os/out/arm/export-ta_arm32/lib/libutee.a(assert.o)
                0x0000000000007ae8                _assert_log
                0x0000000000007b10                _assert_break
 .text          0x0000000000007b20        0x4 ./user_ta_header.o
                0x0000000000007b20                tahead_get_trace_level
 .text          0x0000000000007b24        0x6 /home/hsk/Desktop/devel/tee-tpm-hyp/optee_os/out/arm/export-ta_arm32/lib/libutils.a(aeabi_unwind.o)
                0x0000000000007b24                __aeabi_unwind_cpp_pr0
                0x0000000000007b26                __aeabi_unwind_cpp_pr1
                0x0000000000007b28                __aeabi_unwind_cpp_pr2
 .text          0x0000000000007b2a       0x1c /home/hsk/Desktop/devel/tee-tpm-hyp/optee_os/out/arm/export-ta_arm32/lib/libutils.a(memchr.o)
                0x0000000000007b2a                memchr
 .text          0x0000000000007b46       0x10 /home/hsk/Desktop/devel/tee-tpm-hyp/optee_os/out/arm/export-ta_arm32/lib/libutils.a(strlen.o)
                0x0000000000007b46                strlen
 .text          0x0000000000007b56      0x15e /home/hsk/Desktop/devel/tee-tpm-hyp/optee_os/out/arm/export-ta_arm32/lib/libutils.a(arm32_aeabi_ldivmod.o)
                0x0000000000007b56                __ul_divmod
                0x0000000000007bcc                __l_divmod
 .text          0x0000000000007cb4        0x4 /home/hsk/Desktop/devel/tee-tpm-hyp/optee_os/out/arm/export-ta_arm32/lib/libutee.a(tee_api_panic.o)
                0x0000000000007cb4                TEE_Panic
 .text          0x0000000000007cb8       0x2c /home/hsk/Desktop/devel/tee-tpm-hyp/optee_os/out/arm/export-ta_arm32/lib/libutils.a(snprintf.o)
                0x0000000000007cb8                snprintf
                0x0000000000007cd6                vsnprintf
 .text          0x0000000000007ce4       0x1e /home/hsk/Desktop/devel/tee-tpm-hyp/optee_os/out/arm/export-ta_arm32/lib/libutils.a(memcmp.o)
                0x0000000000007ce4                memcmp
 .text          0x0000000000007d02       0x16 /home/hsk/Desktop/devel/tee-tpm-hyp/optee_os/out/arm/export-ta_arm32/lib/libutils.a(memcpy.o)
                0x0000000000007d02                memcpy
 .text          0x0000000000007d18       0x32 /home/hsk/Desktop/devel/tee-tpm-hyp/optee_os/out/arm/export-ta_arm32/lib/libutils.a(memmove.o)
                0x0000000000007d18                memmove
 .text          0x0000000000007d4a       0x10 /home/hsk/Desktop/devel/tee-tpm-hyp/optee_os/out/arm/export-ta_arm32/lib/libutils.a(memset.o)
                0x0000000000007d4a                memset
 .text          0x0000000000007d5a       0x2c /home/hsk/Desktop/devel/tee-tpm-hyp/optee_os/out/arm/export-ta_arm32/lib/libutils.a(buf_compare_ct.o)
                0x0000000000007d5a                buf_compare_ct
 .text          0x0000000000007d86        0x0 /home/hsk/Desktop/devel/tee-tpm-hyp/optee_os/out/arm/export-ta_arm32/lib/libutils.a(arm32_aeabi_ldivmod_a32.o)
 .text          0x0000000000007d86        0x0 /home/hsk/Desktop/devel/tee-tpm-hyp/optee_os/out/arm/export-ta_arm32/lib/libutee.a(gprof_a32.o)
 *fill*         0x0000000000007d86        0x2 
 .text.__stub   0x0000000000007d88       0x40 linker stubs
 *(SORT(.stub))
 *(SORT(.glue_7))
 .glue_7        0x0000000000007dc8        0x0 linker stubs
 *(SORT(.glue_7t))
 .glue_7t       0x0000000000007dc8        0x0 linker stubs
 *(SORT(.gnu.linkonce.t.*))
 *(SORT(.vfp11_veneer))
 .vfp11_veneer  0x0000000000007dc8        0x0 linker stubs
                [!provide]                        PROVIDE (__gnu_mcount_nc, __utee_mcount)
                0x0000000000007dc8                __text_end = .

.v4_bx          0x0000000000007dc8        0x0
 .v4_bx         0x0000000000007dc8        0x0 linker stubs

.iplt           0x0000000000007dc8        0x0
 .iplt          0x0000000000007dc8        0x0 ./aes_ta.o

.plt            0x0000000000007dc8        0x0
 *(SORT(.plt))
 .plt           0x0000000000007dc8        0x0 ./aes_ta.o

.eh_frame
 *(SORT(.eh_frame))

.rodata         0x0000000000007dc8     0x12d8
 *(SORT(.gnu.linkonce.r.*))
 *(SORT(.rodata) SORT(.rodata.*))
 .rodata.user_ta_header.c
                0x0000000000007dc8       0x1b ./user_ta_header.o
                0x0000000000007dc8                ta_num_props
                0x0000000000007ddc                ta_heap_size
                0x0000000000007de0                trace_ext_prefix
 *fill*         0x0000000000007de3        0x1 
 .rodata.lib/libmbedtls/mbedtls/library/bignum.c
                0x0000000000007de4      0x2c4 /home/hsk/Desktop/devel/tee-tpm-hyp/optee_os/out/arm/export-ta_arm32/lib/libmbedtls.a(bignum.o)
 .rodata.aes_ta.c
                0x00000000000080a8       0xb3 ./aes_ta.o
 .rodata.str1.1.aes_ta.c
                0x000000000000815b      0x1cc ./aes_ta.o
 .rodata.str1.1.user_ta_header.c
                0x0000000000008327       0xf2 ./user_ta_header.o
 .rodata.lib/libutils/ext/trace.c
                0x0000000000008419        0xf /home/hsk/Desktop/devel/tee-tpm-hyp/optee_os/out/arm/export-ta_arm32/lib/libutils.a(trace.o)
 .rodata.str1.1.lib/libutils/ext/trace.c
                0x0000000000008428       0x3a /home/hsk/Desktop/devel/tee-tpm-hyp/optee_os/out/arm/export-ta_arm32/lib/libutils.a(trace.o)
                                         0x3d (size before relaxing)
 .rodata.lib/libutils/ext/snprintk.c
                0x0000000000008462       0x22 /home/hsk/Desktop/devel/tee-tpm-hyp/optee_os/out/arm/export-ta_arm32/lib/libutils.a(snprintk.o)
 .rodata.str1.1.lib/libutils/ext/snprintk.c
                0x0000000000008484       0x38 /home/hsk/Desktop/devel/tee-tpm-hyp/optee_os/out/arm/export-ta_arm32/lib/libutils.a(snprintk.o)
 .rodata.str1.1.lib/libutee/trace_ext.c
                0x00000000000084bc       0x38 /home/hsk/Desktop/devel/tee-tpm-hyp/optee_os/out/arm/export-ta_arm32/lib/libutee.a(trace_ext.o)
                                          0x2 (size before relaxing)
 .rodata.lib/libutee/tee_api.c
                0x00000000000084bc        0xb /home/hsk/Desktop/devel/tee-tpm-hyp/optee_os/out/arm/export-ta_arm32/lib/libutee.a(tee_api.o)
 .rodata.str1.1.lib/libutee/tee_api.c
                0x00000000000084c7       0x11 /home/hsk/Desktop/devel/tee-tpm-hyp/optee_os/out/arm/export-ta_arm32/lib/libutee.a(tee_api.o)
 .rodata.lib/libutee/tee_api_objects.c
                0x00000000000084d8       0x10 /home/hsk/Desktop/devel/tee-tpm-hyp/optee_os/out/arm/export-ta_arm32/lib/libutee.a(tee_api_objects.o)
 .rodata.str1.1.lib/libutee/tee_api_objects.c
                0x00000000000084e8       0x10 /home/hsk/Desktop/devel/tee-tpm-hyp/optee_os/out/arm/export-ta_arm32/lib/libutee.a(tee_api_objects.o)
 .rodata.lib/libutee/tee_api_arith_mpi.c
                0x00000000000084f8      0x143 /home/hsk/Desktop/devel/tee-tpm-hyp/optee_os/out/arm/export-ta_arm32/lib/libutee.a(tee_api_arith_mpi.o)
 .rodata.str1.1.lib/libutee/tee_api_arith_mpi.c
                0x000000000000863b       0xb7 /home/hsk/Desktop/devel/tee-tpm-hyp/optee_os/out/arm/export-ta_arm32/lib/libutee.a(tee_api_arith_mpi.o)
 .rodata.str1.1.lib/libmbedtls/mbedtls/library/bignum.c
                0x00000000000086f2      0x45d /home/hsk/Desktop/devel/tee-tpm-hyp/optee_os/out/arm/export-ta_arm32/lib/libmbedtls.a(bignum.o)
 .rodata.lib/libutils/isoc/bget_malloc.c
                0x0000000000008b4f       0x8a /home/hsk/Desktop/devel/tee-tpm-hyp/optee_os/out/arm/export-ta_arm32/lib/libutils.a(bget_malloc.o)
 .rodata.str1.1.lib/libutils/isoc/bget_malloc.c
                0x0000000000008bd9      0x408 /home/hsk/Desktop/devel/tee-tpm-hyp/optee_os/out/arm/export-ta_arm32/lib/libutils.a(bget_malloc.o)
                                        0x411 (size before relaxing)
 .rodata.lib/libutils/ext/mempool.c
                0x0000000000008fe1       0x21 /home/hsk/Desktop/devel/tee-tpm-hyp/optee_os/out/arm/export-ta_arm32/lib/libutils.a(mempool.o)
 .rodata.str1.1.lib/libutils/ext/mempool.c
                0x0000000000009002       0x77 /home/hsk/Desktop/devel/tee-tpm-hyp/optee_os/out/arm/export-ta_arm32/lib/libutils.a(mempool.o)
 .rodata.str1.1.lib/libutee/assert.c
                0x0000000000009079       0x27 /home/hsk/Desktop/devel/tee-tpm-hyp/optee_os/out/arm/export-ta_arm32/lib/libutee.a(assert.o)

.ARM.extab      0x00000000000090a0       0xfc
 .ARM.extab     0x00000000000090a0        0x0 ./aes_ta.o
 .ARM.extab     0x00000000000090a0        0x0 ./user_ta_header.o
 .ARM.extab     0x00000000000090a0        0xc /home/hsk/Desktop/devel/tee-tpm-hyp/optee_os/out/arm/export-ta_arm32/lib/libutils.a(trace.o)
 .ARM.extab     0x00000000000090ac        0x0 /home/hsk/Desktop/devel/tee-tpm-hyp/optee_os/out/arm/export-ta_arm32/lib/libutils.a(aeabi_unwind.o)
 .ARM.extab     0x00000000000090ac        0xc /home/hsk/Desktop/devel/tee-tpm-hyp/optee_os/out/arm/export-ta_arm32/lib/libutils.a(snprintk.o)
 .ARM.extab     0x00000000000090b8        0x0 /home/hsk/Desktop/devel/tee-tpm-hyp/optee_os/out/arm/export-ta_arm32/lib/libutils.a(memchr.o)
 .ARM.extab     0x00000000000090b8        0x0 /home/hsk/Desktop/devel/tee-tpm-hyp/optee_os/out/arm/export-ta_arm32/lib/libutils.a(strlen.o)
 .ARM.extab     0x00000000000090b8        0x0 /home/hsk/Desktop/devel/tee-tpm-hyp/optee_os/out/arm/export-ta_arm32/lib/libutils.a(arm32_aeabi_ldivmod.o)
 .ARM.extab     0x00000000000090b8        0xc /home/hsk/Desktop/devel/tee-tpm-hyp/optee_os/out/arm/export-ta_arm32/lib/libutee.a(trace_ext.o)
 .ARM.extab     0x00000000000090c4       0x24 /home/hsk/Desktop/devel/tee-tpm-hyp/optee_os/out/arm/export-ta_arm32/lib/libutee.a(tee_api.o)
 .ARM.extab     0x00000000000090e8       0x30 /home/hsk/Desktop/devel/tee-tpm-hyp/optee_os/out/arm/export-ta_arm32/lib/libutee.a(tee_api_objects.o)
 .ARM.extab     0x0000000000009118        0xc /home/hsk/Desktop/devel/tee-tpm-hyp/optee_os/out/arm/export-ta_arm32/lib/libutee.a(tee_api_operations.o)
 .ARM.extab     0x0000000000009124        0x0 /home/hsk/Desktop/devel/tee-tpm-hyp/optee_os/out/arm/export-ta_arm32/lib/libutee.a(tee_api_panic.o)
 .ARM.extab     0x0000000000009124        0x0 /home/hsk/Desktop/devel/tee-tpm-hyp/optee_os/out/arm/export-ta_arm32/lib/libutee.a(user_ta_entry.o)
 .ARM.extab     0x0000000000009124       0x24 /home/hsk/Desktop/devel/tee-tpm-hyp/optee_os/out/arm/export-ta_arm32/lib/libutee.a(tee_api_arith_mpi.o)
 .ARM.extab     0x0000000000009148       0x24 /home/hsk/Desktop/devel/tee-tpm-hyp/optee_os/out/arm/export-ta_arm32/lib/libmbedtls.a(bignum.o)
 .ARM.extab     0x000000000000916c       0x18 /home/hsk/Desktop/devel/tee-tpm-hyp/optee_os/out/arm/export-ta_arm32/lib/libutils.a(bget_malloc.o)
 .ARM.extab     0x0000000000009184        0xc /home/hsk/Desktop/devel/tee-tpm-hyp/optee_os/out/arm/export-ta_arm32/lib/libutils.a(snprintf.o)
 .ARM.extab     0x0000000000009190        0x0 /home/hsk/Desktop/devel/tee-tpm-hyp/optee_os/out/arm/export-ta_arm32/lib/libutils.a(memcmp.o)
 .ARM.extab     0x0000000000009190        0x0 /home/hsk/Desktop/devel/tee-tpm-hyp/optee_os/out/arm/export-ta_arm32/lib/libutils.a(memcpy.o)
 .ARM.extab     0x0000000000009190        0x0 /home/hsk/Desktop/devel/tee-tpm-hyp/optee_os/out/arm/export-ta_arm32/lib/libutils.a(memmove.o)
 .ARM.extab     0x0000000000009190        0x0 /home/hsk/Desktop/devel/tee-tpm-hyp/optee_os/out/arm/export-ta_arm32/lib/libutils.a(memset.o)
 .ARM.extab     0x0000000000009190        0x0 /home/hsk/Desktop/devel/tee-tpm-hyp/optee_os/out/arm/export-ta_arm32/lib/libutils.a(buf_compare_ct.o)
 .ARM.extab     0x0000000000009190        0x0 /home/hsk/Desktop/devel/tee-tpm-hyp/optee_os/out/arm/export-ta_arm32/lib/libutils.a(mempool.o)
 .ARM.extab     0x0000000000009190        0xc /home/hsk/Desktop/devel/tee-tpm-hyp/optee_os/out/arm/export-ta_arm32/lib/libutee.a(assert.o)

.gnu.version_d  0x000000000000919c        0x0
 .gnu.version_d
                0x000000000000919c        0x0 ./aes_ta.o

.gnu.version    0x000000000000919c        0x0
 .gnu.version   0x000000000000919c        0x0 ./aes_ta.o

.gnu.version_r  0x000000000000919c        0x0
 .gnu.version_r
                0x000000000000919c        0x0 ./aes_ta.o

.ARM.extab.text.__aeabi_ldivmod
                0x000000000000919c        0xc
 .ARM.extab.text.__aeabi_ldivmod
                0x000000000000919c        0xc /home/hsk/Desktop/devel/tee-tpm-hyp/optee_os/out/arm/export-ta_arm32/lib/libutils.a(arm32_aeabi_ldivmod_a32.o)

.ARM.extab.text.__aeabi_uldivmod
                0x00000000000091a8        0xc
 .ARM.extab.text.__aeabi_uldivmod
                0x00000000000091a8        0xc /home/hsk/Desktop/devel/tee-tpm-hyp/optee_os/out/arm/export-ta_arm32/lib/libutils.a(arm32_aeabi_ldivmod_a32.o)

.ARM.extab.text.utee_panic
                0x00000000000091b4        0xc
 .ARM.extab.text.utee_panic
                0x00000000000091b4        0xc /home/hsk/Desktop/devel/tee-tpm-hyp/optee_os/out/arm/export-ta_arm32/lib/libutee.a(utee_syscalls_a32.o)

.ARM.extab.text.utee_return
                0x00000000000091c0        0x0
 .ARM.extab.text.utee_return
                0x00000000000091c0        0x0 /home/hsk/Desktop/devel/tee-tpm-hyp/optee_os/out/arm/export-ta_arm32/lib/libutee.a(utee_syscalls_a32.o)

.ARM.extab.text.utee_log
                0x00000000000091c0        0x0
 .ARM.extab.text.utee_log
                0x00000000000091c0        0x0 /home/hsk/Desktop/devel/tee-tpm-hyp/optee_os/out/arm/export-ta_arm32/lib/libutee.a(utee_syscalls_a32.o)

.ARM.extab.text.__utee_panic
                0x00000000000091c0        0x0
 .ARM.extab.text.__utee_panic
                0x00000000000091c0        0x0 /home/hsk/Desktop/devel/tee-tpm-hyp/optee_os/out/arm/export-ta_arm32/lib/libutee.a(utee_syscalls_a32.o)

.ARM.extab.text.utee_get_property
                0x00000000000091c0        0x0
 .ARM.extab.text.utee_get_property
                0x00000000000091c0        0x0 /home/hsk/Desktop/devel/tee-tpm-hyp/optee_os/out/arm/export-ta_arm32/lib/libutee.a(utee_syscalls_a32.o)

.ARM.extab.text.utee_get_property_name_to_index
                0x00000000000091c0        0x0
 .ARM.extab.text.utee_get_property_name_to_index
                0x00000000000091c0        0x0 /home/hsk/Desktop/devel/tee-tpm-hyp/optee_os/out/arm/export-ta_arm32/lib/libutee.a(utee_syscalls_a32.o)

.ARM.extab.text.utee_open_ta_session
                0x00000000000091c0        0x0
 .ARM.extab.text.utee_open_ta_session
                0x00000000000091c0        0x0 /home/hsk/Desktop/devel/tee-tpm-hyp/optee_os/out/arm/export-ta_arm32/lib/libutee.a(utee_syscalls_a32.o)

.ARM.extab.text.utee_close_ta_session
                0x00000000000091c0        0x0
 .ARM.extab.text.utee_close_ta_session
                0x00000000000091c0        0x0 /home/hsk/Desktop/devel/tee-tpm-hyp/optee_os/out/arm/export-ta_arm32/lib/libutee.a(utee_syscalls_a32.o)

.ARM.extab.text.utee_invoke_ta_command
                0x00000000000091c0        0x0
 .ARM.extab.text.utee_invoke_ta_command
                0x00000000000091c0        0x0 /home/hsk/Desktop/devel/tee-tpm-hyp/optee_os/out/arm/export-ta_arm32/lib/libutee.a(utee_syscalls_a32.o)

.ARM.extab.text.utee_get_cancellation_flag
                0x00000000000091c0        0x0
 .ARM.extab.text.utee_get_cancellation_flag
                0x00000000000091c0        0x0 /home/hsk/Desktop/devel/tee-tpm-hyp/optee_os/out/arm/export-ta_arm32/lib/libutee.a(utee_syscalls_a32.o)

.ARM.extab.text.utee_check_access_rights
                0x00000000000091c0        0x0
 .ARM.extab.text.utee_check_access_rights
                0x00000000000091c0        0x0 /home/hsk/Desktop/devel/tee-tpm-hyp/optee_os/out/arm/export-ta_arm32/lib/libutee.a(utee_syscalls_a32.o)

.ARM.extab.text.utee_unmask_cancellation
                0x00000000000091c0        0x0
 .ARM.extab.text.utee_unmask_cancellation
                0x00000000000091c0        0x0 /home/hsk/Desktop/devel/tee-tpm-hyp/optee_os/out/arm/export-ta_arm32/lib/libutee.a(utee_syscalls_a32.o)

.ARM.extab.text.utee_mask_cancellation
                0x00000000000091c0        0x0
 .ARM.extab.text.utee_mask_cancellation
                0x00000000000091c0        0x0 /home/hsk/Desktop/devel/tee-tpm-hyp/optee_os/out/arm/export-ta_arm32/lib/libutee.a(utee_syscalls_a32.o)

.ARM.extab.text.utee_wait
                0x00000000000091c0        0x0
 .ARM.extab.text.utee_wait
                0x00000000000091c0        0x0 /home/hsk/Desktop/devel/tee-tpm-hyp/optee_os/out/arm/export-ta_arm32/lib/libutee.a(utee_syscalls_a32.o)

.ARM.extab.text.utee_get_time
                0x00000000000091c0        0x0
 .ARM.extab.text.utee_get_time
                0x00000000000091c0        0x0 /home/hsk/Desktop/devel/tee-tpm-hyp/optee_os/out/arm/export-ta_arm32/lib/libutee.a(utee_syscalls_a32.o)

.ARM.extab.text.utee_set_ta_time
                0x00000000000091c0        0x0
 .ARM.extab.text.utee_set_ta_time
                0x00000000000091c0        0x0 /home/hsk/Desktop/devel/tee-tpm-hyp/optee_os/out/arm/export-ta_arm32/lib/libutee.a(utee_syscalls_a32.o)

.ARM.extab.text.utee_cryp_state_alloc
                0x00000000000091c0        0x0
 .ARM.extab.text.utee_cryp_state_alloc
                0x00000000000091c0        0x0 /home/hsk/Desktop/devel/tee-tpm-hyp/optee_os/out/arm/export-ta_arm32/lib/libutee.a(utee_syscalls_a32.o)

.ARM.extab.text.utee_cryp_state_copy
                0x00000000000091c0        0x0
 .ARM.extab.text.utee_cryp_state_copy
                0x00000000000091c0        0x0 /home/hsk/Desktop/devel/tee-tpm-hyp/optee_os/out/arm/export-ta_arm32/lib/libutee.a(utee_syscalls_a32.o)

.ARM.extab.text.utee_cryp_state_free
                0x00000000000091c0        0x0
 .ARM.extab.text.utee_cryp_state_free
                0x00000000000091c0        0x0 /home/hsk/Desktop/devel/tee-tpm-hyp/optee_os/out/arm/export-ta_arm32/lib/libutee.a(utee_syscalls_a32.o)

.ARM.extab.text.utee_hash_init
                0x00000000000091c0        0x0
 .ARM.extab.text.utee_hash_init
                0x00000000000091c0        0x0 /home/hsk/Desktop/devel/tee-tpm-hyp/optee_os/out/arm/export-ta_arm32/lib/libutee.a(utee_syscalls_a32.o)

.ARM.extab.text.utee_hash_update
                0x00000000000091c0        0x0
 .ARM.extab.text.utee_hash_update
                0x00000000000091c0        0x0 /home/hsk/Desktop/devel/tee-tpm-hyp/optee_os/out/arm/export-ta_arm32/lib/libutee.a(utee_syscalls_a32.o)

.ARM.extab.text.utee_hash_final
                0x00000000000091c0        0x0
 .ARM.extab.text.utee_hash_final
                0x00000000000091c0        0x0 /home/hsk/Desktop/devel/tee-tpm-hyp/optee_os/out/arm/export-ta_arm32/lib/libutee.a(utee_syscalls_a32.o)

.ARM.extab.text.utee_cipher_init
                0x00000000000091c0        0x0
 .ARM.extab.text.utee_cipher_init
                0x00000000000091c0        0x0 /home/hsk/Desktop/devel/tee-tpm-hyp/optee_os/out/arm/export-ta_arm32/lib/libutee.a(utee_syscalls_a32.o)

.ARM.extab.text.utee_cipher_update
                0x00000000000091c0        0x0
 .ARM.extab.text.utee_cipher_update
                0x00000000000091c0        0x0 /home/hsk/Desktop/devel/tee-tpm-hyp/optee_os/out/arm/export-ta_arm32/lib/libutee.a(utee_syscalls_a32.o)

.ARM.extab.text.utee_cipher_final
                0x00000000000091c0        0x0
 .ARM.extab.text.utee_cipher_final
                0x00000000000091c0        0x0 /home/hsk/Desktop/devel/tee-tpm-hyp/optee_os/out/arm/export-ta_arm32/lib/libutee.a(utee_syscalls_a32.o)

.ARM.extab.text.utee_cryp_obj_get_info
                0x00000000000091c0        0x0
 .ARM.extab.text.utee_cryp_obj_get_info
                0x00000000000091c0        0x0 /home/hsk/Desktop/devel/tee-tpm-hyp/optee_os/out/arm/export-ta_arm32/lib/libutee.a(utee_syscalls_a32.o)

.ARM.extab.text.utee_cryp_obj_restrict_usage
                0x00000000000091c0        0x0
 .ARM.extab.text.utee_cryp_obj_restrict_usage
                0x00000000000091c0        0x0 /home/hsk/Desktop/devel/tee-tpm-hyp/optee_os/out/arm/export-ta_arm32/lib/libutee.a(utee_syscalls_a32.o)

.ARM.extab.text.utee_cryp_obj_get_attr
                0x00000000000091c0        0x0
 .ARM.extab.text.utee_cryp_obj_get_attr
                0x00000000000091c0        0x0 /home/hsk/Desktop/devel/tee-tpm-hyp/optee_os/out/arm/export-ta_arm32/lib/libutee.a(utee_syscalls_a32.o)

.ARM.extab.text.utee_cryp_obj_alloc
                0x00000000000091c0        0x0
 .ARM.extab.text.utee_cryp_obj_alloc
                0x00000000000091c0        0x0 /home/hsk/Desktop/devel/tee-tpm-hyp/optee_os/out/arm/export-ta_arm32/lib/libutee.a(utee_syscalls_a32.o)

.ARM.extab.text.utee_cryp_obj_close
                0x00000000000091c0        0x0
 .ARM.extab.text.utee_cryp_obj_close
                0x00000000000091c0        0x0 /home/hsk/Desktop/devel/tee-tpm-hyp/optee_os/out/arm/export-ta_arm32/lib/libutee.a(utee_syscalls_a32.o)

.ARM.extab.text.utee_cryp_obj_reset
                0x00000000000091c0        0x0
 .ARM.extab.text.utee_cryp_obj_reset
                0x00000000000091c0        0x0 /home/hsk/Desktop/devel/tee-tpm-hyp/optee_os/out/arm/export-ta_arm32/lib/libutee.a(utee_syscalls_a32.o)

.ARM.extab.text.utee_cryp_obj_populate
                0x00000000000091c0        0x0
 .ARM.extab.text.utee_cryp_obj_populate
                0x00000000000091c0        0x0 /home/hsk/Desktop/devel/tee-tpm-hyp/optee_os/out/arm/export-ta_arm32/lib/libutee.a(utee_syscalls_a32.o)

.ARM.extab.text.utee_cryp_obj_copy
                0x00000000000091c0        0x0
 .ARM.extab.text.utee_cryp_obj_copy
                0x00000000000091c0        0x0 /home/hsk/Desktop/devel/tee-tpm-hyp/optee_os/out/arm/export-ta_arm32/lib/libutee.a(utee_syscalls_a32.o)

.ARM.extab.text.utee_cryp_derive_key
                0x00000000000091c0        0x0
 .ARM.extab.text.utee_cryp_derive_key
                0x00000000000091c0        0x0 /home/hsk/Desktop/devel/tee-tpm-hyp/optee_os/out/arm/export-ta_arm32/lib/libutee.a(utee_syscalls_a32.o)

.ARM.extab.text.utee_cryp_random_number_generate
                0x00000000000091c0        0x0
 .ARM.extab.text.utee_cryp_random_number_generate
                0x00000000000091c0        0x0 /home/hsk/Desktop/devel/tee-tpm-hyp/optee_os/out/arm/export-ta_arm32/lib/libutee.a(utee_syscalls_a32.o)

.ARM.extab.text.utee_authenc_init
                0x00000000000091c0        0x0
 .ARM.extab.text.utee_authenc_init
                0x00000000000091c0        0x0 /home/hsk/Desktop/devel/tee-tpm-hyp/optee_os/out/arm/export-ta_arm32/lib/libutee.a(utee_syscalls_a32.o)

.ARM.extab.text.utee_authenc_update_aad
                0x00000000000091c0        0x0
 .ARM.extab.text.utee_authenc_update_aad
                0x00000000000091c0        0x0 /home/hsk/Desktop/devel/tee-tpm-hyp/optee_os/out/arm/export-ta_arm32/lib/libutee.a(utee_syscalls_a32.o)

.ARM.extab.text.utee_authenc_update_payload
                0x00000000000091c0        0x0
 .ARM.extab.text.utee_authenc_update_payload
                0x00000000000091c0        0x0 /home/hsk/Desktop/devel/tee-tpm-hyp/optee_os/out/arm/export-ta_arm32/lib/libutee.a(utee_syscalls_a32.o)

.ARM.extab.text.utee_authenc_enc_final
                0x00000000000091c0        0x0
 .ARM.extab.text.utee_authenc_enc_final
                0x00000000000091c0        0x0 /home/hsk/Desktop/devel/tee-tpm-hyp/optee_os/out/arm/export-ta_arm32/lib/libutee.a(utee_syscalls_a32.o)

.ARM.extab.text.utee_authenc_dec_final
                0x00000000000091c0        0x0
 .ARM.extab.text.utee_authenc_dec_final
                0x00000000000091c0        0x0 /home/hsk/Desktop/devel/tee-tpm-hyp/optee_os/out/arm/export-ta_arm32/lib/libutee.a(utee_syscalls_a32.o)

.ARM.extab.text.utee_asymm_operate
                0x00000000000091c0        0x0
 .ARM.extab.text.utee_asymm_operate
                0x00000000000091c0        0x0 /home/hsk/Desktop/devel/tee-tpm-hyp/optee_os/out/arm/export-ta_arm32/lib/libutee.a(utee_syscalls_a32.o)

.ARM.extab.text.utee_asymm_verify
                0x00000000000091c0        0x0
 .ARM.extab.text.utee_asymm_verify
                0x00000000000091c0        0x0 /home/hsk/Desktop/devel/tee-tpm-hyp/optee_os/out/arm/export-ta_arm32/lib/libutee.a(utee_syscalls_a32.o)

.ARM.extab.text.utee_storage_obj_open
                0x00000000000091c0        0x0
 .ARM.extab.text.utee_storage_obj_open
                0x00000000000091c0        0x0 /home/hsk/Desktop/devel/tee-tpm-hyp/optee_os/out/arm/export-ta_arm32/lib/libutee.a(utee_syscalls_a32.o)

.ARM.extab.text.utee_storage_obj_create
                0x00000000000091c0        0x0
 .ARM.extab.text.utee_storage_obj_create
                0x00000000000091c0        0x0 /home/hsk/Desktop/devel/tee-tpm-hyp/optee_os/out/arm/export-ta_arm32/lib/libutee.a(utee_syscalls_a32.o)

.ARM.extab.text.utee_storage_obj_del
                0x00000000000091c0        0x0
 .ARM.extab.text.utee_storage_obj_del
                0x00000000000091c0        0x0 /home/hsk/Desktop/devel/tee-tpm-hyp/optee_os/out/arm/export-ta_arm32/lib/libutee.a(utee_syscalls_a32.o)

.ARM.extab.text.utee_storage_obj_rename
                0x00000000000091c0        0x0
 .ARM.extab.text.utee_storage_obj_rename
                0x00000000000091c0        0x0 /home/hsk/Desktop/devel/tee-tpm-hyp/optee_os/out/arm/export-ta_arm32/lib/libutee.a(utee_syscalls_a32.o)

.ARM.extab.text.utee_storage_alloc_enum
                0x00000000000091c0        0x0
 .ARM.extab.text.utee_storage_alloc_enum
                0x00000000000091c0        0x0 /home/hsk/Desktop/devel/tee-tpm-hyp/optee_os/out/arm/export-ta_arm32/lib/libutee.a(utee_syscalls_a32.o)

.ARM.extab.text.utee_storage_free_enum
                0x00000000000091c0        0x0
 .ARM.extab.text.utee_storage_free_enum
                0x00000000000091c0        0x0 /home/hsk/Desktop/devel/tee-tpm-hyp/optee_os/out/arm/export-ta_arm32/lib/libutee.a(utee_syscalls_a32.o)

.ARM.extab.text.utee_storage_reset_enum
                0x00000000000091c0        0x0
 .ARM.extab.text.utee_storage_reset_enum
                0x00000000000091c0        0x0 /home/hsk/Desktop/devel/tee-tpm-hyp/optee_os/out/arm/export-ta_arm32/lib/libutee.a(utee_syscalls_a32.o)

.ARM.extab.text.utee_storage_start_enum
                0x00000000000091c0        0x0
 .ARM.extab.text.utee_storage_start_enum
                0x00000000000091c0        0x0 /home/hsk/Desktop/devel/tee-tpm-hyp/optee_os/out/arm/export-ta_arm32/lib/libutee.a(utee_syscalls_a32.o)

.ARM.extab.text.utee_storage_next_enum
                0x00000000000091c0        0x0
 .ARM.extab.text.utee_storage_next_enum
                0x00000000000091c0        0x0 /home/hsk/Desktop/devel/tee-tpm-hyp/optee_os/out/arm/export-ta_arm32/lib/libutee.a(utee_syscalls_a32.o)

.ARM.extab.text.utee_storage_obj_read
                0x00000000000091c0        0x0
 .ARM.extab.text.utee_storage_obj_read
                0x00000000000091c0        0x0 /home/hsk/Desktop/devel/tee-tpm-hyp/optee_os/out/arm/export-ta_arm32/lib/libutee.a(utee_syscalls_a32.o)

.ARM.extab.text.utee_storage_obj_write
                0x00000000000091c0        0x0
 .ARM.extab.text.utee_storage_obj_write
                0x00000000000091c0        0x0 /home/hsk/Desktop/devel/tee-tpm-hyp/optee_os/out/arm/export-ta_arm32/lib/libutee.a(utee_syscalls_a32.o)

.ARM.extab.text.utee_storage_obj_trunc
                0x00000000000091c0        0x0
 .ARM.extab.text.utee_storage_obj_trunc
                0x00000000000091c0        0x0 /home/hsk/Desktop/devel/tee-tpm-hyp/optee_os/out/arm/export-ta_arm32/lib/libutee.a(utee_syscalls_a32.o)

.ARM.extab.text.utee_storage_obj_seek
                0x00000000000091c0        0x0
 .ARM.extab.text.utee_storage_obj_seek
                0x00000000000091c0        0x0 /home/hsk/Desktop/devel/tee-tpm-hyp/optee_os/out/arm/export-ta_arm32/lib/libutee.a(utee_syscalls_a32.o)

.ARM.extab.text.utee_cryp_obj_generate_key
                0x00000000000091c0        0x0
 .ARM.extab.text.utee_cryp_obj_generate_key
                0x00000000000091c0        0x0 /home/hsk/Desktop/devel/tee-tpm-hyp/optee_os/out/arm/export-ta_arm32/lib/libutee.a(utee_syscalls_a32.o)

.ARM.extab.text.utee_cache_operation
                0x00000000000091c0        0x0
 .ARM.extab.text.utee_cache_operation
                0x00000000000091c0        0x0 /home/hsk/Desktop/devel/tee-tpm-hyp/optee_os/out/arm/export-ta_arm32/lib/libutee.a(utee_syscalls_a32.o)

.ARM.extab.text.unlikely
                0x00000000000091c0        0xc
 .ARM.extab.text.unlikely
                0x00000000000091c0        0xc /home/hsk/Desktop/devel/tee-tpm-hyp/optee_os/out/arm/export-ta_arm32/lib/libutee.a(tee_api_arith_mpi.o)

.ARM.exidx      0x00000000000091cc      0x650
 *(SORT(.ARM.exidx*) SORT(.gnu.linkonce.armexidx.*))
 .ARM.exidx     0x00000000000091cc       0x20 ./aes_ta.o
                                         0x28 (size before relaxing)
 .ARM.exidx     0x00000000000097bc        0x8 ./user_ta_header.o
 .ARM.exidx     0x00000000000091ec       0x20 /home/hsk/Desktop/devel/tee-tpm-hyp/optee_os/out/arm/export-ta_arm32/lib/libutils.a(trace.o)
                                         0x28 (size before relaxing)
 .ARM.exidx     0x00000000000097c4        0x0 /home/hsk/Desktop/devel/tee-tpm-hyp/optee_os/out/arm/export-ta_arm32/lib/libutils.a(aeabi_unwind.o)
                                         0x18 (size before relaxing)
 .ARM.exidx     0x000000000000920c       0x18 /home/hsk/Desktop/devel/tee-tpm-hyp/optee_os/out/arm/export-ta_arm32/lib/libutils.a(snprintk.o)
 .ARM.exidx     0x00000000000097c4        0x8 /home/hsk/Desktop/devel/tee-tpm-hyp/optee_os/out/arm/export-ta_arm32/lib/libutils.a(memchr.o)
 .ARM.exidx     0x00000000000097cc        0x8 /home/hsk/Desktop/devel/tee-tpm-hyp/optee_os/out/arm/export-ta_arm32/lib/libutils.a(strlen.o)
 .ARM.exidx.text.__aeabi_ldivmod
                0x0000000000009224        0x8 /home/hsk/Desktop/devel/tee-tpm-hyp/optee_os/out/arm/export-ta_arm32/lib/libutils.a(arm32_aeabi_ldivmod_a32.o)
 .ARM.exidx.text.__aeabi_uldivmod
                0x000000000000922c        0x8 /home/hsk/Desktop/devel/tee-tpm-hyp/optee_os/out/arm/export-ta_arm32/lib/libutils.a(arm32_aeabi_ldivmod_a32.o)
 .ARM.exidx     0x00000000000097d4        0x8 /home/hsk/Desktop/devel/tee-tpm-hyp/optee_os/out/arm/export-ta_arm32/lib/libutils.a(arm32_aeabi_ldivmod.o)
                                         0x10 (size before relaxing)
 .ARM.exidx     0x0000000000009234       0x28 /home/hsk/Desktop/devel/tee-tpm-hyp/optee_os/out/arm/export-ta_arm32/lib/libutee.a(trace_ext.o)
 .ARM.exidx     0x000000000000925c       0x68 /home/hsk/Desktop/devel/tee-tpm-hyp/optee_os/out/arm/export-ta_arm32/lib/libutee.a(tee_api.o)
                                         0xc8 (size before relaxing)
 .ARM.exidx     0x00000000000092c4       0xd0 /home/hsk/Desktop/devel/tee-tpm-hyp/optee_os/out/arm/export-ta_arm32/lib/libutee.a(tee_api_objects.o)
                                         0xf8 (size before relaxing)
 .ARM.exidx     0x0000000000009394       0xd8 /home/hsk/Desktop/devel/tee-tpm-hyp/optee_os/out/arm/export-ta_arm32/lib/libutee.a(tee_api_operations.o)
                                         0xf0 (size before relaxing)
 .ARM.exidx     0x00000000000097dc        0x8 /home/hsk/Desktop/devel/tee-tpm-hyp/optee_os/out/arm/export-ta_arm32/lib/libutee.a(tee_api_panic.o)
 .ARM.exidx     0x000000000000946c       0x18 /home/hsk/Desktop/devel/tee-tpm-hyp/optee_os/out/arm/export-ta_arm32/lib/libutee.a(user_ta_entry.o)
 .ARM.exidx.text.utee_panic
                0x0000000000009484        0x8 /home/hsk/Desktop/devel/tee-tpm-hyp/optee_os/out/arm/export-ta_arm32/lib/libutee.a(utee_syscalls_a32.o)
 .ARM.exidx.text.utee_return
                0x000000000000948c        0x8 /home/hsk/Desktop/devel/tee-tpm-hyp/optee_os/out/arm/export-ta_arm32/lib/libutee.a(utee_syscalls_a32.o)
 .ARM.exidx.text.utee_log
                0x0000000000009494        0x0 /home/hsk/Desktop/devel/tee-tpm-hyp/optee_os/out/arm/export-ta_arm32/lib/libutee.a(utee_syscalls_a32.o)
                                          0x8 (size before relaxing)
 .ARM.exidx.text.__utee_panic
                0x0000000000009494        0x0 /home/hsk/Desktop/devel/tee-tpm-hyp/optee_os/out/arm/export-ta_arm32/lib/libutee.a(utee_syscalls_a32.o)
                                          0x8 (size before relaxing)
 .ARM.exidx.text.utee_get_property
                0x0000000000009494        0x0 /home/hsk/Desktop/devel/tee-tpm-hyp/optee_os/out/arm/export-ta_arm32/lib/libutee.a(utee_syscalls_a32.o)
                                          0x8 (size before relaxing)
 .ARM.exidx.text.utee_get_property_name_to_index
                0x0000000000009494        0x0 /home/hsk/Desktop/devel/tee-tpm-hyp/optee_os/out/arm/export-ta_arm32/lib/libutee.a(utee_syscalls_a32.o)
                                          0x8 (size before relaxing)
 .ARM.exidx.text.utee_open_ta_session
                0x0000000000009494        0x0 /home/hsk/Desktop/devel/tee-tpm-hyp/optee_os/out/arm/export-ta_arm32/lib/libutee.a(utee_syscalls_a32.o)
                                          0x8 (size before relaxing)
 .ARM.exidx.text.utee_close_ta_session
                0x0000000000009494        0x0 /home/hsk/Desktop/devel/tee-tpm-hyp/optee_os/out/arm/export-ta_arm32/lib/libutee.a(utee_syscalls_a32.o)
                                          0x8 (size before relaxing)
 .ARM.exidx.text.utee_invoke_ta_command
                0x0000000000009494        0x0 /home/hsk/Desktop/devel/tee-tpm-hyp/optee_os/out/arm/export-ta_arm32/lib/libutee.a(utee_syscalls_a32.o)
                                          0x8 (size before relaxing)
 .ARM.exidx.text.utee_get_cancellation_flag
                0x0000000000009494        0x0 /home/hsk/Desktop/devel/tee-tpm-hyp/optee_os/out/arm/export-ta_arm32/lib/libutee.a(utee_syscalls_a32.o)
                                          0x8 (size before relaxing)
 .ARM.exidx.text.utee_check_access_rights
                0x0000000000009494        0x0 /home/hsk/Desktop/devel/tee-tpm-hyp/optee_os/out/arm/export-ta_arm32/lib/libutee.a(utee_syscalls_a32.o)
                                          0x8 (size before relaxing)
 .ARM.exidx.text.utee_unmask_cancellation
                0x0000000000009494        0x0 /home/hsk/Desktop/devel/tee-tpm-hyp/optee_os/out/arm/export-ta_arm32/lib/libutee.a(utee_syscalls_a32.o)
                                          0x8 (size before relaxing)
 .ARM.exidx.text.utee_mask_cancellation
                0x0000000000009494        0x0 /home/hsk/Desktop/devel/tee-tpm-hyp/optee_os/out/arm/export-ta_arm32/lib/libutee.a(utee_syscalls_a32.o)
                                          0x8 (size before relaxing)
 .ARM.exidx.text.utee_wait
                0x0000000000009494        0x0 /home/hsk/Desktop/devel/tee-tpm-hyp/optee_os/out/arm/export-ta_arm32/lib/libutee.a(utee_syscalls_a32.o)
                                          0x8 (size before relaxing)
 .ARM.exidx.text.utee_get_time
                0x0000000000009494        0x0 /home/hsk/Desktop/devel/tee-tpm-hyp/optee_os/out/arm/export-ta_arm32/lib/libutee.a(utee_syscalls_a32.o)
                                          0x8 (size before relaxing)
 .ARM.exidx.text.utee_set_ta_time
                0x0000000000009494        0x0 /home/hsk/Desktop/devel/tee-tpm-hyp/optee_os/out/arm/export-ta_arm32/lib/libutee.a(utee_syscalls_a32.o)
                                          0x8 (size before relaxing)
 .ARM.exidx.text.utee_cryp_state_alloc
                0x0000000000009494        0x0 /home/hsk/Desktop/devel/tee-tpm-hyp/optee_os/out/arm/export-ta_arm32/lib/libutee.a(utee_syscalls_a32.o)
                                          0x8 (size before relaxing)
 .ARM.exidx.text.utee_cryp_state_copy
                0x0000000000009494        0x0 /home/hsk/Desktop/devel/tee-tpm-hyp/optee_os/out/arm/export-ta_arm32/lib/libutee.a(utee_syscalls_a32.o)
                                          0x8 (size before relaxing)
 .ARM.exidx.text.utee_cryp_state_free
                0x0000000000009494        0x0 /home/hsk/Desktop/devel/tee-tpm-hyp/optee_os/out/arm/export-ta_arm32/lib/libutee.a(utee_syscalls_a32.o)
                                          0x8 (size before relaxing)
 .ARM.exidx.text.utee_hash_init
                0x0000000000009494        0x0 /home/hsk/Desktop/devel/tee-tpm-hyp/optee_os/out/arm/export-ta_arm32/lib/libutee.a(utee_syscalls_a32.o)
                                          0x8 (size before relaxing)
 .ARM.exidx.text.utee_hash_update
                0x0000000000009494        0x0 /home/hsk/Desktop/devel/tee-tpm-hyp/optee_os/out/arm/export-ta_arm32/lib/libutee.a(utee_syscalls_a32.o)
                                          0x8 (size before relaxing)
 .ARM.exidx.text.utee_hash_final
                0x0000000000009494        0x0 /home/hsk/Desktop/devel/tee-tpm-hyp/optee_os/out/arm/export-ta_arm32/lib/libutee.a(utee_syscalls_a32.o)
                                          0x8 (size before relaxing)
 .ARM.exidx.text.utee_cipher_init
                0x0000000000009494        0x0 /home/hsk/Desktop/devel/tee-tpm-hyp/optee_os/out/arm/export-ta_arm32/lib/libutee.a(utee_syscalls_a32.o)
                                          0x8 (size before relaxing)
 .ARM.exidx.text.utee_cipher_update
                0x0000000000009494        0x0 /home/hsk/Desktop/devel/tee-tpm-hyp/optee_os/out/arm/export-ta_arm32/lib/libutee.a(utee_syscalls_a32.o)
                                          0x8 (size before relaxing)
 .ARM.exidx.text.utee_cipher_final
                0x0000000000009494        0x0 /home/hsk/Desktop/devel/tee-tpm-hyp/optee_os/out/arm/export-ta_arm32/lib/libutee.a(utee_syscalls_a32.o)
                                          0x8 (size before relaxing)
 .ARM.exidx.text.utee_cryp_obj_get_info
                0x0000000000009494        0x0 /home/hsk/Desktop/devel/tee-tpm-hyp/optee_os/out/arm/export-ta_arm32/lib/libutee.a(utee_syscalls_a32.o)
                                          0x8 (size before relaxing)
 .ARM.exidx.text.utee_cryp_obj_restrict_usage
                0x0000000000009494        0x0 /home/hsk/Desktop/devel/tee-tpm-hyp/optee_os/out/arm/export-ta_arm32/lib/libutee.a(utee_syscalls_a32.o)
                                          0x8 (size before relaxing)
 .ARM.exidx.text.utee_cryp_obj_get_attr
                0x0000000000009494        0x0 /home/hsk/Desktop/devel/tee-tpm-hyp/optee_os/out/arm/export-ta_arm32/lib/libutee.a(utee_syscalls_a32.o)
                                          0x8 (size before relaxing)
 .ARM.exidx.text.utee_cryp_obj_alloc
                0x0000000000009494        0x0 /home/hsk/Desktop/devel/tee-tpm-hyp/optee_os/out/arm/export-ta_arm32/lib/libutee.a(utee_syscalls_a32.o)
                                          0x8 (size before relaxing)
 .ARM.exidx.text.utee_cryp_obj_close
                0x0000000000009494        0x0 /home/hsk/Desktop/devel/tee-tpm-hyp/optee_os/out/arm/export-ta_arm32/lib/libutee.a(utee_syscalls_a32.o)
                                          0x8 (size before relaxing)
 .ARM.exidx.text.utee_cryp_obj_reset
                0x0000000000009494        0x0 /home/hsk/Desktop/devel/tee-tpm-hyp/optee_os/out/arm/export-ta_arm32/lib/libutee.a(utee_syscalls_a32.o)
                                          0x8 (size before relaxing)
 .ARM.exidx.text.utee_cryp_obj_populate
                0x0000000000009494        0x0 /home/hsk/Desktop/devel/tee-tpm-hyp/optee_os/out/arm/export-ta_arm32/lib/libutee.a(utee_syscalls_a32.o)
                                          0x8 (size before relaxing)
 .ARM.exidx.text.utee_cryp_obj_copy
                0x0000000000009494        0x0 /home/hsk/Desktop/devel/tee-tpm-hyp/optee_os/out/arm/export-ta_arm32/lib/libutee.a(utee_syscalls_a32.o)
                                          0x8 (size before relaxing)
 .ARM.exidx.text.utee_cryp_derive_key
                0x0000000000009494        0x0 /home/hsk/Desktop/devel/tee-tpm-hyp/optee_os/out/arm/export-ta_arm32/lib/libutee.a(utee_syscalls_a32.o)
                                          0x8 (size before relaxing)
 .ARM.exidx.text.utee_cryp_random_number_generate
                0x0000000000009494        0x0 /home/hsk/Desktop/devel/tee-tpm-hyp/optee_os/out/arm/export-ta_arm32/lib/libutee.a(utee_syscalls_a32.o)
                                          0x8 (size before relaxing)
 .ARM.exidx.text.utee_authenc_init
                0x0000000000009494        0x0 /home/hsk/Desktop/devel/tee-tpm-hyp/optee_os/out/arm/export-ta_arm32/lib/libutee.a(utee_syscalls_a32.o)
                                          0x8 (size before relaxing)
 .ARM.exidx.text.utee_authenc_update_aad
                0x0000000000009494        0x0 /home/hsk/Desktop/devel/tee-tpm-hyp/optee_os/out/arm/export-ta_arm32/lib/libutee.a(utee_syscalls_a32.o)
                                          0x8 (size before relaxing)
 .ARM.exidx.text.utee_authenc_update_payload
                0x0000000000009494        0x0 /home/hsk/Desktop/devel/tee-tpm-hyp/optee_os/out/arm/export-ta_arm32/lib/libutee.a(utee_syscalls_a32.o)
                                          0x8 (size before relaxing)
 .ARM.exidx.text.utee_authenc_enc_final
                0x0000000000009494        0x0 /home/hsk/Desktop/devel/tee-tpm-hyp/optee_os/out/arm/export-ta_arm32/lib/libutee.a(utee_syscalls_a32.o)
                                          0x8 (size before relaxing)
 .ARM.exidx.text.utee_authenc_dec_final
                0x0000000000009494        0x0 /home/hsk/Desktop/devel/tee-tpm-hyp/optee_os/out/arm/export-ta_arm32/lib/libutee.a(utee_syscalls_a32.o)
                                          0x8 (size before relaxing)
 .ARM.exidx.text.utee_asymm_operate
                0x0000000000009494        0x0 /home/hsk/Desktop/devel/tee-tpm-hyp/optee_os/out/arm/export-ta_arm32/lib/libutee.a(utee_syscalls_a32.o)
                                          0x8 (size before relaxing)
 .ARM.exidx.text.utee_asymm_verify
                0x0000000000009494        0x0 /home/hsk/Desktop/devel/tee-tpm-hyp/optee_os/out/arm/export-ta_arm32/lib/libutee.a(utee_syscalls_a32.o)
                                          0x8 (size before relaxing)
 .ARM.exidx.text.utee_storage_obj_open
                0x0000000000009494        0x0 /home/hsk/Desktop/devel/tee-tpm-hyp/optee_os/out/arm/export-ta_arm32/lib/libutee.a(utee_syscalls_a32.o)
                                          0x8 (size before relaxing)
 .ARM.exidx.text.utee_storage_obj_create
                0x0000000000009494        0x0 /home/hsk/Desktop/devel/tee-tpm-hyp/optee_os/out/arm/export-ta_arm32/lib/libutee.a(utee_syscalls_a32.o)
                                          0x8 (size before relaxing)
 .ARM.exidx.text.utee_storage_obj_del
                0x0000000000009494        0x0 /home/hsk/Desktop/devel/tee-tpm-hyp/optee_os/out/arm/export-ta_arm32/lib/libutee.a(utee_syscalls_a32.o)
                                          0x8 (size before relaxing)
 .ARM.exidx.text.utee_storage_obj_rename
                0x0000000000009494        0x0 /home/hsk/Desktop/devel/tee-tpm-hyp/optee_os/out/arm/export-ta_arm32/lib/libutee.a(utee_syscalls_a32.o)
                                          0x8 (size before relaxing)
 .ARM.exidx.text.utee_storage_alloc_enum
                0x0000000000009494        0x0 /home/hsk/Desktop/devel/tee-tpm-hyp/optee_os/out/arm/export-ta_arm32/lib/libutee.a(utee_syscalls_a32.o)
                                          0x8 (size before relaxing)
 .ARM.exidx.text.utee_storage_free_enum
                0x0000000000009494        0x0 /home/hsk/Desktop/devel/tee-tpm-hyp/optee_os/out/arm/export-ta_arm32/lib/libutee.a(utee_syscalls_a32.o)
                                          0x8 (size before relaxing)
 .ARM.exidx.text.utee_storage_reset_enum
                0x0000000000009494        0x0 /home/hsk/Desktop/devel/tee-tpm-hyp/optee_os/out/arm/export-ta_arm32/lib/libutee.a(utee_syscalls_a32.o)
                                          0x8 (size before relaxing)
 .ARM.exidx.text.utee_storage_start_enum
                0x0000000000009494        0x0 /home/hsk/Desktop/devel/tee-tpm-hyp/optee_os/out/arm/export-ta_arm32/lib/libutee.a(utee_syscalls_a32.o)
                                          0x8 (size before relaxing)
 .ARM.exidx.text.utee_storage_next_enum
                0x0000000000009494        0x0 /home/hsk/Desktop/devel/tee-tpm-hyp/optee_os/out/arm/export-ta_arm32/lib/libutee.a(utee_syscalls_a32.o)
                                          0x8 (size before relaxing)
 .ARM.exidx.text.utee_storage_obj_read
                0x0000000000009494        0x0 /home/hsk/Desktop/devel/tee-tpm-hyp/optee_os/out/arm/export-ta_arm32/lib/libutee.a(utee_syscalls_a32.o)
                                          0x8 (size before relaxing)
 .ARM.exidx.text.utee_storage_obj_write
                0x0000000000009494        0x0 /home/hsk/Desktop/devel/tee-tpm-hyp/optee_os/out/arm/export-ta_arm32/lib/libutee.a(utee_syscalls_a32.o)
                                          0x8 (size before relaxing)
 .ARM.exidx.text.utee_storage_obj_trunc
                0x0000000000009494        0x0 /home/hsk/Desktop/devel/tee-tpm-hyp/optee_os/out/arm/export-ta_arm32/lib/libutee.a(utee_syscalls_a32.o)
                                          0x8 (size before relaxing)
 .ARM.exidx.text.utee_storage_obj_seek
                0x0000000000009494        0x0 /home/hsk/Desktop/devel/tee-tpm-hyp/optee_os/out/arm/export-ta_arm32/lib/libutee.a(utee_syscalls_a32.o)
                                          0x8 (size before relaxing)
 .ARM.exidx.text.utee_cryp_obj_generate_key
                0x0000000000009494        0x0 /home/hsk/Desktop/devel/tee-tpm-hyp/optee_os/out/arm/export-ta_arm32/lib/libutee.a(utee_syscalls_a32.o)
                                          0x8 (size before relaxing)
 .ARM.exidx.text.utee_cache_operation
                0x0000000000009494        0x8 /home/hsk/Desktop/devel/tee-tpm-hyp/optee_os/out/arm/export-ta_arm32/lib/libutee.a(utee_syscalls_a32.o)
 .ARM.exidx.text.unlikely
                0x000000000000958c        0x8 /home/hsk/Desktop/devel/tee-tpm-hyp/optee_os/out/arm/export-ta_arm32/lib/libutee.a(tee_api_arith_mpi.o)
 .ARM.exidx     0x000000000000949c       0xf0 /home/hsk/Desktop/devel/tee-tpm-hyp/optee_os/out/arm/export-ta_arm32/lib/libutee.a(tee_api_arith_mpi.o)
                                        0x150 (size before relaxing)
 .ARM.exidx     0x0000000000009594      0x168 /home/hsk/Desktop/devel/tee-tpm-hyp/optee_os/out/arm/export-ta_arm32/lib/libmbedtls.a(bignum.o)
                                        0x1b0 (size before relaxing)
 .ARM.exidx     0x00000000000096fc       0x90 /home/hsk/Desktop/devel/tee-tpm-hyp/optee_os/out/arm/export-ta_arm32/lib/libutils.a(bget_malloc.o)
 .ARM.exidx     0x00000000000097e4       0x10 /home/hsk/Desktop/devel/tee-tpm-hyp/optee_os/out/arm/export-ta_arm32/lib/libutils.a(snprintf.o)
 .ARM.exidx     0x00000000000097f4        0x8 /home/hsk/Desktop/devel/tee-tpm-hyp/optee_os/out/arm/export-ta_arm32/lib/libutils.a(memcmp.o)
 .ARM.exidx     0x00000000000097fc        0x8 /home/hsk/Desktop/devel/tee-tpm-hyp/optee_os/out/arm/export-ta_arm32/lib/libutils.a(memcpy.o)
 .ARM.exidx     0x0000000000009804        0x0 /home/hsk/Desktop/devel/tee-tpm-hyp/optee_os/out/arm/export-ta_arm32/lib/libutils.a(memmove.o)
                                          0x8 (size before relaxing)
 .ARM.exidx     0x0000000000009804        0x8 /home/hsk/Desktop/devel/tee-tpm-hyp/optee_os/out/arm/export-ta_arm32/lib/libutils.a(memset.o)
 .ARM.exidx     0x000000000000980c       0x10 /home/hsk/Desktop/devel/tee-tpm-hyp/optee_os/out/arm/export-ta_arm32/lib/libutils.a(buf_compare_ct.o)
                                          0x8 (size before relaxing)
 .ARM.exidx     0x000000000000978c       0x20 /home/hsk/Desktop/devel/tee-tpm-hyp/optee_os/out/arm/export-ta_arm32/lib/libutils.a(mempool.o)
 .ARM.exidx     0x00000000000097ac       0x10 /home/hsk/Desktop/devel/tee-tpm-hyp/optee_os/out/arm/export-ta_arm32/lib/libutee.a(assert.o)

.ctors
 *(SORT(.ctors))

.dtors
 *(SORT(.dtors))

.got            0x000000000000981c       0x3c
 *(SORT(.got.plt))
 .got.plt       0x000000000000981c        0xc ./aes_ta.o
                0x000000000000981c                _GLOBAL_OFFSET_TABLE_
 *(SORT(.got))
 .got           0x0000000000009828       0x30 ./aes_ta.o

.rel.text
 *(SORT(.rel.text))
 *(SORT(.rel.gnu.linkonce.t*))

.rela.text
 *(SORT(.rela.text))
 *(SORT(.rela.gnu.linkonce.t*))

.rel.data
 *(SORT(.rel.data))
 *(SORT(.rel.gnu.linkonce.d*))

.rela.data
 *(SORT(.rela.data))
 *(SORT(.rela.gnu.linkonce.d*))

.rel.rodata
 *(SORT(.rel.rodata))
 *(SORT(.rel.gnu.linkonce.r*))

.rela.rodata
 *(SORT(.rela.rodata))
 *(SORT(.rela.gnu.linkonce.r*))

.rel.dyn        0x0000000000009858       0xb8
 *(SORT(.rel.dyn))
 .rel.data.rel.ro
                0x0000000000009858        0x0 ./aes_ta.o
 .rel.iplt      0x0000000000009858        0x0 ./aes_ta.o
 .rel.data.rel.ro.local
                0x0000000000009858       0x90 ./aes_ta.o
 .rel.ta_head   0x00000000000098e8        0x8 ./aes_ta.o
 .rel.data.rel  0x00000000000098f0        0x8 ./aes_ta.o
 .rel.data.rel.local
                0x00000000000098f8       0x18 ./aes_ta.o

.rel.got        0x0000000000009910       0x60
 *(SORT(.rel.got))
 .rel.got       0x0000000000009910       0x60 ./aes_ta.o

.rela.got
 *(SORT(.rela.got))

.rel.ctors
 *(SORT(.rel.ctors))

.rela.ctors
 *(SORT(.rela.ctors))

.rel.dtors
 *(SORT(.rel.dtors))

.rela.dtors
 *(SORT(.rela.dtors))

.rel.init
 *(SORT(.rel.init))

.rela.init
 *(SORT(.rela.init))

.rel.fini
 *(SORT(.rel.fini))

.rela.fini
 *(SORT(.rela.fini))

.rel.bss        0x0000000000009970        0x0
 *(SORT(.rel.bss))
 .rel.bss       0x0000000000009970        0x0 ./aes_ta.o

.rela.bss
 *(SORT(.rela.bss))

.rel.plt        0x0000000000009970        0x0
 *(SORT(.rel.plt))
 .rel.plt       0x0000000000009970        0x0 ./aes_ta.o

.rela.plt
 *(SORT(.rela.plt))

.dynamic        0x0000000000009970       0x80
 *(SORT(.dynamic))
 .dynamic       0x0000000000009970       0x80 ./aes_ta.o
                0x0000000000009970                _DYNAMIC

.dynsym         0x00000000000099f0       0xf0
 *(SORT(.dynsym))
 .dynsym        0x00000000000099f0       0xf0 ./aes_ta.o

.dynstr         0x0000000000009ae0       0xce
 *(SORT(.dynstr))
 .dynstr        0x0000000000009ae0       0xce ./aes_ta.o

.hash           0x0000000000009bb0       0x50
 *(SORT(.hash))
 .hash          0x0000000000009bb0       0x50 ./aes_ta.o
                0x000000000000a000                . = ALIGN (0x1000)

.data           0x000000000000a000       0x98
 *(SORT(.data) SORT(.data.*) SORT(.gnu.linkonce.d.*))
 .data          0x000000000000a000        0x4 ./user_ta_header.o
                0x000000000000a000                trace_level
 .data.rel.ro.local
                0x000000000000a004       0x6c ./user_ta_header.o
                0x000000000000a004                ta_props
 .data.rel      0x000000000000a070        0x4 /home/hsk/Desktop/devel/tee-tpm-hyp/optee_os/out/arm/export-ta_arm32/lib/libutee.a(user_ta_entry.o)
                0x000000000000a070                _ref__utee_mcount
 .data.rel.local
                0x000000000000a074        0x8 /home/hsk/Desktop/devel/tee-tpm-hyp/optee_os/out/arm/export-ta_arm32/lib/libutee.a(user_ta_entry.o)
 .data.rel.local
                0x000000000000a07c       0x1c /home/hsk/Desktop/devel/tee-tpm-hyp/optee_os/out/arm/export-ta_arm32/lib/libutils.a(bget_malloc.o)
 .data          0x000000000000a098        0x0 ./aes_ta.o
 .data.rel.ro   0x000000000000a098        0x0 ./aes_ta.o
 .data          0x000000000000a098        0x0 /home/hsk/Desktop/devel/tee-tpm-hyp/optee_os/out/arm/export-ta_arm32/lib/libutils.a(trace.o)
 .data          0x000000000000a098        0x0 /home/hsk/Desktop/devel/tee-tpm-hyp/optee_os/out/arm/export-ta_arm32/lib/libutils.a(aeabi_unwind.o)
 .data          0x000000000000a098        0x0 /home/hsk/Desktop/devel/tee-tpm-hyp/optee_os/out/arm/export-ta_arm32/lib/libutils.a(snprintk.o)
 .data          0x000000000000a098        0x0 /home/hsk/Desktop/devel/tee-tpm-hyp/optee_os/out/arm/export-ta_arm32/lib/libutils.a(memchr.o)
 .data          0x000000000000a098        0x0 /home/hsk/Desktop/devel/tee-tpm-hyp/optee_os/out/arm/export-ta_arm32/lib/libutils.a(strlen.o)
 .data          0x000000000000a098        0x0 /home/hsk/Desktop/devel/tee-tpm-hyp/optee_os/out/arm/export-ta_arm32/lib/libutils.a(arm32_aeabi_ldivmod_a32.o)
 .data          0x000000000000a098        0x0 /home/hsk/Desktop/devel/tee-tpm-hyp/optee_os/out/arm/export-ta_arm32/lib/libutils.a(arm32_aeabi_ldivmod.o)
 .data          0x000000000000a098        0x0 /home/hsk/Desktop/devel/tee-tpm-hyp/optee_os/out/arm/export-ta_arm32/lib/libutee.a(trace_ext.o)
 .data          0x000000000000a098        0x0 /home/hsk/Desktop/devel/tee-tpm-hyp/optee_os/out/arm/export-ta_arm32/lib/libutee.a(tee_api.o)
 .data          0x000000000000a098        0x0 /home/hsk/Desktop/devel/tee-tpm-hyp/optee_os/out/arm/export-ta_arm32/lib/libutee.a(tee_api_objects.o)
 .data          0x000000000000a098        0x0 /home/hsk/Desktop/devel/tee-tpm-hyp/optee_os/out/arm/export-ta_arm32/lib/libutee.a(tee_api_operations.o)
 .data          0x000000000000a098        0x0 /home/hsk/Desktop/devel/tee-tpm-hyp/optee_os/out/arm/export-ta_arm32/lib/libutee.a(tee_api_panic.o)
 .data          0x000000000000a098        0x0 /home/hsk/Desktop/devel/tee-tpm-hyp/optee_os/out/arm/export-ta_arm32/lib/libutee.a(user_ta_entry.o)
 .data          0x000000000000a098        0x0 /home/hsk/Desktop/devel/tee-tpm-hyp/optee_os/out/arm/export-ta_arm32/lib/libutee.a(utee_syscalls_a32.o)
 .data          0x000000000000a098        0x0 /home/hsk/Desktop/devel/tee-tpm-hyp/optee_os/out/arm/export-ta_arm32/lib/libutee.a(gprof_a32.o)
 .data          0x000000000000a098        0x0 /home/hsk/Desktop/devel/tee-tpm-hyp/optee_os/out/arm/export-ta_arm32/lib/libutee.a(tee_api_arith_mpi.o)
 .data          0x000000000000a098        0x0 /home/hsk/Desktop/devel/tee-tpm-hyp/optee_os/out/arm/export-ta_arm32/lib/libmbedtls.a(bignum.o)
 .data          0x000000000000a098        0x0 /home/hsk/Desktop/devel/tee-tpm-hyp/optee_os/out/arm/export-ta_arm32/lib/libutils.a(bget_malloc.o)
 .data          0x000000000000a098        0x0 /home/hsk/Desktop/devel/tee-tpm-hyp/optee_os/out/arm/export-ta_arm32/lib/libutils.a(snprintf.o)
 .data          0x000000000000a098        0x0 /home/hsk/Desktop/devel/tee-tpm-hyp/optee_os/out/arm/export-ta_arm32/lib/libutils.a(memcmp.o)
 .data          0x000000000000a098        0x0 /home/hsk/Desktop/devel/tee-tpm-hyp/optee_os/out/arm/export-ta_arm32/lib/libutils.a(memcpy.o)
 .data          0x000000000000a098        0x0 /home/hsk/Desktop/devel/tee-tpm-hyp/optee_os/out/arm/export-ta_arm32/lib/libutils.a(memmove.o)
 .data          0x000000000000a098        0x0 /home/hsk/Desktop/devel/tee-tpm-hyp/optee_os/out/arm/export-ta_arm32/lib/libutils.a(memset.o)
 .data          0x000000000000a098        0x0 /home/hsk/Desktop/devel/tee-tpm-hyp/optee_os/out/arm/export-ta_arm32/lib/libutils.a(buf_compare_ct.o)
 .data          0x000000000000a098        0x0 /home/hsk/Desktop/devel/tee-tpm-hyp/optee_os/out/arm/export-ta_arm32/lib/libutils.a(mempool.o)
 .data          0x000000000000a098        0x0 /home/hsk/Desktop/devel/tee-tpm-hyp/optee_os/out/arm/export-ta_arm32/lib/libutee.a(assert.o)

.igot.plt       0x000000000000a098        0x0
 .igot.plt      0x000000000000a098        0x0 ./aes_ta.o

.bss            0x000000000000a098     0xa070
 *(SORT(.bss) SORT(.bss.*) SORT(.gnu.linkonce.b.*) SORT(COMMON))
 .bss           0x000000000000a098        0x4 /home/hsk/Desktop/devel/tee-tpm-hyp/optee_os/out/arm/export-ta_arm32/lib/libutee.a(tee_api.o)
 .bss           0x000000000000a09c       0x28 /home/hsk/Desktop/devel/tee-tpm-hyp/optee_os/out/arm/export-ta_arm32/lib/libutee.a(user_ta_entry.o)
                0x000000000000a0a0                ta_param_types
                0x000000000000a0a4                ta_params
 .bss           0x000000000000a0c4     0x2000 /home/hsk/Desktop/devel/tee-tpm-hyp/optee_os/out/arm/export-ta_arm32/lib/libutee.a(tee_api_arith_mpi.o)
 .bss           0x000000000000c0c4        0x4 /home/hsk/Desktop/devel/tee-tpm-hyp/optee_os/out/arm/export-ta_arm32/lib/libmbedtls.a(bignum.o)
                0x000000000000c0c4                mbedtls_mpi_mempool
 .bss           0x000000000000c0c8       0x40 /home/hsk/Desktop/devel/tee-tpm-hyp/optee_os/out/arm/export-ta_arm32/lib/libutils.a(bget_malloc.o)
 .bss           0x000000000000c108        0x0 ./aes_ta.o
 .bss           0x000000000000c108     0x8000 ./user_ta_header.o
                0x000000000000c108                ta_heap
 .bss           0x0000000000014108        0x0 /home/hsk/Desktop/devel/tee-tpm-hyp/optee_os/out/arm/export-ta_arm32/lib/libutils.a(trace.o)
 .bss           0x0000000000014108        0x0 /home/hsk/Desktop/devel/tee-tpm-hyp/optee_os/out/arm/export-ta_arm32/lib/libutils.a(aeabi_unwind.o)
 .bss           0x0000000000014108        0x0 /home/hsk/Desktop/devel/tee-tpm-hyp/optee_os/out/arm/export-ta_arm32/lib/libutils.a(snprintk.o)
 .bss           0x0000000000014108        0x0 /home/hsk/Desktop/devel/tee-tpm-hyp/optee_os/out/arm/export-ta_arm32/lib/libutils.a(memchr.o)
 .bss           0x0000000000014108        0x0 /home/hsk/Desktop/devel/tee-tpm-hyp/optee_os/out/arm/export-ta_arm32/lib/libutils.a(strlen.o)
 .bss           0x0000000000014108        0x0 /home/hsk/Desktop/devel/tee-tpm-hyp/optee_os/out/arm/export-ta_arm32/lib/libutils.a(arm32_aeabi_ldivmod_a32.o)
 .bss           0x0000000000014108        0x0 /home/hsk/Desktop/devel/tee-tpm-hyp/optee_os/out/arm/export-ta_arm32/lib/libutils.a(arm32_aeabi_ldivmod.o)
 .bss           0x0000000000014108        0x0 /home/hsk/Desktop/devel/tee-tpm-hyp/optee_os/out/arm/export-ta_arm32/lib/libutee.a(trace_ext.o)
 .bss           0x0000000000014108        0x0 /home/hsk/Desktop/devel/tee-tpm-hyp/optee_os/out/arm/export-ta_arm32/lib/libutee.a(tee_api_objects.o)
 .bss           0x0000000000014108        0x0 /home/hsk/Desktop/devel/tee-tpm-hyp/optee_os/out/arm/export-ta_arm32/lib/libutee.a(tee_api_operations.o)
 .bss           0x0000000000014108        0x0 /home/hsk/Desktop/devel/tee-tpm-hyp/optee_os/out/arm/export-ta_arm32/lib/libutee.a(tee_api_panic.o)
 .bss           0x0000000000014108        0x0 /home/hsk/Desktop/devel/tee-tpm-hyp/optee_os/out/arm/export-ta_arm32/lib/libutee.a(utee_syscalls_a32.o)
 .bss           0x0000000000014108        0x0 /home/hsk/Desktop/devel/tee-tpm-hyp/optee_os/out/arm/export-ta_arm32/lib/libutee.a(gprof_a32.o)
 .bss           0x0000000000014108        0x0 /home/hsk/Desktop/devel/tee-tpm-hyp/optee_os/out/arm/export-ta_arm32/lib/libutils.a(snprintf.o)
 .bss           0x0000000000014108        0x0 /home/hsk/Desktop/devel/tee-tpm-hyp/optee_os/out/arm/export-ta_arm32/lib/libutils.a(memcmp.o)
 .bss           0x0000000000014108        0x0 /home/hsk/Desktop/devel/tee-tpm-hyp/optee_os/out/arm/export-ta_arm32/lib/libutils.a(memcpy.o)
 .bss           0x0000000000014108        0x0 /home/hsk/Desktop/devel/tee-tpm-hyp/optee_os/out/arm/export-ta_arm32/lib/libutils.a(memmove.o)
 .bss           0x0000000000014108        0x0 /home/hsk/Desktop/devel/tee-tpm-hyp/optee_os/out/arm/export-ta_arm32/lib/libutils.a(memset.o)
 .bss           0x0000000000014108        0x0 /home/hsk/Desktop/devel/tee-tpm-hyp/optee_os/out/arm/export-ta_arm32/lib/libutils.a(buf_compare_ct.o)
 .bss           0x0000000000014108        0x0 /home/hsk/Desktop/devel/tee-tpm-hyp/optee_os/out/arm/export-ta_arm32/lib/libutils.a(mempool.o)
 .bss           0x0000000000014108        0x0 /home/hsk/Desktop/devel/tee-tpm-hyp/optee_os/out/arm/export-ta_arm32/lib/libutee.a(assert.o)
                0x0000000000014108                . = ALIGN (0x8)
                0x0000000000014108                __gprof_buf_start = .
                0x0000000000014108                . = (. + DEFINED (__gnu_mcount_nc)?(((__text_end - __text_start) * 0x88) / 0x64):0x0)
                0x0000000000014108                __gprof_buf_end = .

.dynbss         0x0000000000014108        0x0
 .dynbss        0x0000000000014108        0x0 ./aes_ta.o

/DISCARD/
 *(SORT(.interp))
LOAD ./aes_ta.o
LOAD ./user_ta_header.o
START GROUP
LOAD /home/hsk/Desktop/devel/tee-tpm-hyp/optee_os/out/arm/export-ta_arm32/lib/libutils.a
LOAD /home/hsk/Desktop/devel/tee-tpm-hyp/optee_os/out/arm/export-ta_arm32/lib/libutee.a
LOAD /home/hsk/Desktop/devel/tee-tpm-hyp/optee_os/out/arm/export-ta_arm32/lib/libmbedtls.a
END GROUP
OUTPUT(5dbac793-f574-4871-8ad3-04331ec17f24.elf elf32-littlearm)

.debug_info     0x0000000000000000    0x11c8c
 .debug_info    0x0000000000000000      0xc45 ./aes_ta.o
 .debug_info    0x0000000000000c45      0x37d ./user_ta_header.o
 .debug_info    0x0000000000000fc2      0x688 /home/hsk/Desktop/devel/tee-tpm-hyp/optee_os/out/arm/export-ta_arm32/lib/libutils.a(trace.o)
 .debug_info    0x000000000000164a       0x4f /home/hsk/Desktop/devel/tee-tpm-hyp/optee_os/out/arm/export-ta_arm32/lib/libutils.a(aeabi_unwind.o)
 .debug_info    0x0000000000001699      0x690 /home/hsk/Desktop/devel/tee-tpm-hyp/optee_os/out/arm/export-ta_arm32/lib/libutils.a(snprintk.o)
 .debug_info    0x0000000000001d29       0xbd /home/hsk/Desktop/devel/tee-tpm-hyp/optee_os/out/arm/export-ta_arm32/lib/libutils.a(memchr.o)
 .debug_info    0x0000000000001de6       0x8d /home/hsk/Desktop/devel/tee-tpm-hyp/optee_os/out/arm/export-ta_arm32/lib/libutils.a(strlen.o)
 .debug_info    0x0000000000001e73       0x86 /home/hsk/Desktop/devel/tee-tpm-hyp/optee_os/out/arm/export-ta_arm32/lib/libutils.a(arm32_aeabi_ldivmod_a32.o)
 .debug_info    0x0000000000001ef9      0x2d3 /home/hsk/Desktop/devel/tee-tpm-hyp/optee_os/out/arm/export-ta_arm32/lib/libutils.a(arm32_aeabi_ldivmod.o)
 .debug_info    0x00000000000021cc      0x2ba /home/hsk/Desktop/devel/tee-tpm-hyp/optee_os/out/arm/export-ta_arm32/lib/libutee.a(trace_ext.o)
 .debug_info    0x0000000000002486      0xe9d /home/hsk/Desktop/devel/tee-tpm-hyp/optee_os/out/arm/export-ta_arm32/lib/libutee.a(tee_api.o)
 .debug_info    0x0000000000003323     0x1732 /home/hsk/Desktop/devel/tee-tpm-hyp/optee_os/out/arm/export-ta_arm32/lib/libutee.a(tee_api_objects.o)
 .debug_info    0x0000000000004a55     0x2574 /home/hsk/Desktop/devel/tee-tpm-hyp/optee_os/out/arm/export-ta_arm32/lib/libutee.a(tee_api_operations.o)
 .debug_info    0x0000000000006fc9      0x100 /home/hsk/Desktop/devel/tee-tpm-hyp/optee_os/out/arm/export-ta_arm32/lib/libutee.a(tee_api_panic.o)
 .debug_info    0x00000000000070c9      0xab8 /home/hsk/Desktop/devel/tee-tpm-hyp/optee_os/out/arm/export-ta_arm32/lib/libutee.a(user_ta_entry.o)
 .debug_info    0x0000000000007b81       0x7a /home/hsk/Desktop/devel/tee-tpm-hyp/optee_os/out/arm/export-ta_arm32/lib/libutee.a(utee_syscalls_a32.o)
 .debug_info    0x0000000000007bfb       0x7c /home/hsk/Desktop/devel/tee-tpm-hyp/optee_os/out/arm/export-ta_arm32/lib/libutee.a(gprof_a32.o)
 .debug_info    0x0000000000007c77     0x355c /home/hsk/Desktop/devel/tee-tpm-hyp/optee_os/out/arm/export-ta_arm32/lib/libutee.a(tee_api_arith_mpi.o)
 .debug_info    0x000000000000b1d3     0x451c /home/hsk/Desktop/devel/tee-tpm-hyp/optee_os/out/arm/export-ta_arm32/lib/libmbedtls.a(bignum.o)
 .debug_info    0x000000000000f6ef     0x1aac /home/hsk/Desktop/devel/tee-tpm-hyp/optee_os/out/arm/export-ta_arm32/lib/libutils.a(bget_malloc.o)
 .debug_info    0x000000000001119b      0x19b /home/hsk/Desktop/devel/tee-tpm-hyp/optee_os/out/arm/export-ta_arm32/lib/libutils.a(snprintf.o)
 .debug_info    0x0000000000011336       0xb4 /home/hsk/Desktop/devel/tee-tpm-hyp/optee_os/out/arm/export-ta_arm32/lib/libutils.a(memcmp.o)
 .debug_info    0x00000000000113ea       0xc9 /home/hsk/Desktop/devel/tee-tpm-hyp/optee_os/out/arm/export-ta_arm32/lib/libutils.a(memcpy.o)