Archive member included to satisfy reference by file (symbol)

/home/hsk/Desktop/devel/tee-tpm-hyp/optee_os/out/arm/export-ta_arm32/lib/libutils.a(trace.o)
                              ./secure_storage_ta.o (trace_printf)
/home/hsk/Desktop/devel/tee-tpm-hyp/optee_os/out/arm/export-ta_arm32/lib/libutils.a(aeabi_unwind.o)
                              ./secure_storage_ta.o (__aeabi_unwind_cpp_pr0)
/home/hsk/Desktop/devel/tee-tpm-hyp/optee_os/out/arm/export-ta_arm32/lib/libutils.a(snprintk.o)
                              /home/hsk/Desktop/devel/tee-tpm-hyp/optee_os/out/arm/export-ta_arm32/lib/libutils.a(trace.o) (snprintk)
/home/hsk/Desktop/devel/tee-tpm-hyp/optee_os/out/arm/export-ta_arm32/lib/libutils.a(memchr.o)
                              /home/hsk/Desktop/devel/tee-tpm-hyp/optee_os/out/arm/export-ta_arm32/lib/libutils.a(snprintk.o) (memchr)
/home/hsk/Desktop/devel/tee-tpm-hyp/optee_os/out/arm/export-ta_arm32/lib/libutils.a(strlen.o)
                              /home/hsk/Desktop/devel/tee-tpm-hyp/optee_os/out/arm/export-ta_arm32/lib/libutils.a(snprintk.o) (strlen)
/home/hsk/Desktop/devel/tee-tpm-hyp/optee_os/out/arm/export-ta_arm32/lib/libutils.a(arm32_aeabi_ldivmod_a32.o)
                              /home/hsk/Desktop/devel/tee-tpm-hyp/optee_os/out/arm/export-ta_arm32/lib/libutils.a(snprintk.o) (__aeabi_uldivmod)
/home/hsk/Desktop/devel/tee-tpm-hyp/optee_os/out/arm/export-ta_arm32/lib/libutils.a(arm32_aeabi_ldivmod.o)
                              /home/hsk/Desktop/devel/tee-tpm-hyp/optee_os/out/arm/export-ta_arm32/lib/libutils.a(arm32_aeabi_ldivmod_a32.o) (__ul_divmod)
/home/hsk/Desktop/devel/tee-tpm-hyp/optee_os/out/arm/export-ta_arm32/lib/libutee.a(trace_ext.o)
                              /home/hsk/Desktop/devel/tee-tpm-hyp/optee_os/out/arm/export-ta_arm32/lib/libutils.a(trace.o) (trace_ext_puts)
/home/hsk/Desktop/devel/tee-tpm-hyp/optee_os/out/arm/export-ta_arm32/lib/libutee.a(tee_api.o)
                              ./secure_storage_ta.o (TEE_MemMove)
/home/hsk/Desktop/devel/tee-tpm-hyp/optee_os/out/arm/export-ta_arm32/lib/libutee.a(tee_api_objects.o)
                              ./secure_storage_ta.o (TEE_GetObjectInfo1)
/home/hsk/Desktop/devel/tee-tpm-hyp/optee_os/out/arm/export-ta_arm32/lib/libutee.a(tee_api_panic.o)
                              /home/hsk/Desktop/devel/tee-tpm-hyp/optee_os/out/arm/export-ta_arm32/lib/libutee.a(tee_api.o) (TEE_Panic)
/home/hsk/Desktop/devel/tee-tpm-hyp/optee_os/out/arm/export-ta_arm32/lib/libutee.a(user_ta_entry.o)
                              ./user_ta_header.o (__utee_entry)
/home/hsk/Desktop/devel/tee-tpm-hyp/optee_os/out/arm/export-ta_arm32/lib/libutee.a(utee_syscalls_a32.o)
                              /home/hsk/Desktop/devel/tee-tpm-hyp/optee_os/out/arm/export-ta_arm32/lib/libutee.a(tee_api_panic.o) (utee_panic)
/home/hsk/Desktop/devel/tee-tpm-hyp/optee_os/out/arm/export-ta_arm32/lib/libutee.a(gprof_a32.o)
                              /home/hsk/Desktop/devel/tee-tpm-hyp/optee_os/out/arm/export-ta_arm32/lib/libutee.a(user_ta_entry.o) (__utee_mcount)
/home/hsk/Desktop/devel/tee-tpm-hyp/optee_os/out/arm/export-ta_arm32/lib/libutee.a(tee_api_arith_mpi.o)
                              /home/hsk/Desktop/devel/tee-tpm-hyp/optee_os/out/arm/export-ta_arm32/lib/libutee.a(user_ta_entry.o) (_TEE_MathAPI_Init)
/home/hsk/Desktop/devel/tee-tpm-hyp/optee_os/out/arm/export-ta_arm32/lib/libmbedtls.a(bignum.o)
                              /home/hsk/Desktop/devel/tee-tpm-hyp/optee_os/out/arm/export-ta_arm32/lib/libutee.a(tee_api_arith_mpi.o) (mbedtls_mpi_init_mempool)
/home/hsk/Desktop/devel/tee-tpm-hyp/optee_os/out/arm/export-ta_arm32/lib/libutils.a(bget_malloc.o)
                              /home/hsk/Desktop/devel/tee-tpm-hyp/optee_os/out/arm/export-ta_arm32/lib/libutee.a(tee_api.o) (malloc)
/home/hsk/Desktop/devel/tee-tpm-hyp/optee_os/out/arm/export-ta_arm32/lib/libutils.a(snprintf.o)
                              /home/hsk/Desktop/devel/tee-tpm-hyp/optee_os/out/arm/export-ta_arm32/lib/libutee.a(trace_ext.o) (vsnprintf)
/home/hsk/Desktop/devel/tee-tpm-hyp/optee_os/out/arm/export-ta_arm32/lib/libutils.a(memcmp.o)
                              /home/hsk/Desktop/devel/tee-tpm-hyp/optee_os/out/arm/export-ta_arm32/lib/libutee.a(tee_api.o) (memcmp)
/home/hsk/Desktop/devel/tee-tpm-hyp/optee_os/out/arm/export-ta_arm32/lib/libutils.a(memcpy.o)
                              /home/hsk/Desktop/devel/tee-tpm-hyp/optee_os/out/arm/export-ta_arm32/lib/libmbedtls.a(bignum.o) (memcpy)
/home/hsk/Desktop/devel/tee-tpm-hyp/optee_os/out/arm/export-ta_arm32/lib/libutils.a(memmove.o)
                              /home/hsk/Desktop/devel/tee-tpm-hyp/optee_os/out/arm/export-ta_arm32/lib/libutee.a(tee_api.o) (memmove)
/home/hsk/Desktop/devel/tee-tpm-hyp/optee_os/out/arm/export-ta_arm32/lib/libutils.a(memset.o)
                              /home/hsk/Desktop/devel/tee-tpm-hyp/optee_os/out/arm/export-ta_arm32/lib/libutee.a(tee_api.o) (memset)
[...]
Memory Configuration

Name             Origin             Length             Attributes
*default*        0x0000000000000000 0xffffffffffffffff

Linker script and memory map


.ta_head        0x0000000000000000       0x20
 *(SORT(.ta_head))
 .ta_head       0x0000000000000000       0x20 ./user_ta_header.o
                0x0000000000000000                ta_head

.text           0x0000000000000020     0x65f8
                0x0000000000000020                __text_start = .
 *(SORT(.text) SORT(.text.*))
 .text          0x0000000000000020      0x23c ./secure_storage_ta.o
                0x0000000000000020                TA_CreateEntryPoint
                0x0000000000000024                TA_DestroyEntryPoint
                0x0000000000000026                TA_OpenSessionEntryPoint
                0x000000000000002a                TA_CloseSessionEntryPoint
                0x000000000000002c                TA_InvokeCommandEntryPoint
 .text          0x000000000000025c      0x2b4 /home/hsk/Desktop/devel/tee-tpm-hyp/optee_os/out/arm/export-ta_arm32/lib/libutils.a(trace.o)
                0x00000000000002aa                trace_set_level
                0x00000000000002c8                trace_get_level
                0x00000000000002dc                trace_printf
                0x0000000000000418                dhex_dump
 .text          0x0000000000000510      0x724 /home/hsk/Desktop/devel/tee-tpm-hyp/optee_os/out/arm/export-ta_arm32/lib/libutils.a(snprintk.o)
                0x0000000000000510                __vsnprintf
                0x0000000000000c0c                vsnprintk
                0x0000000000000c1a                snprintk
 .text.__aeabi_ldivmod
                0x0000000000000c34       0x18 /home/hsk/Desktop/devel/tee-tpm-hyp/optee_os/out/arm/export-ta_arm32/lib/libutils.a(arm32_aeabi_ldivmod_a32.o)
                0x0000000000000c34                __aeabi_ldivmod
 .text.__aeabi_uldivmod
                0x0000000000000c4c       0x18 /home/hsk/Desktop/devel/tee-tpm-hyp/optee_os/out/arm/export-ta_arm32/lib/libutils.a(arm32_aeabi_ldivmod_a32.o)
                0x0000000000000c4c                __aeabi_uldivmod
 .text          0x0000000000000c64       0x9c /home/hsk/Desktop/devel/tee-tpm-hyp/optee_os/out/arm/export-ta_arm32/lib/libutee.a(trace_ext.o)
                0x0000000000000c64                trace_ext_puts
                0x0000000000000c78                trace_ext_get_thread_id
                0x0000000000000c7e                printf
                0x0000000000000cb8                puts
                0x0000000000000cdc                putchar
 .text          0x0000000000000d00      0x2e0 /home/hsk/Desktop/devel/tee-tpm-hyp/optee_os/out/arm/export-ta_arm32/lib/libutee.a(tee_api.o)
                0x0000000000000d00                __utee_from_param
                0x0000000000000d4e                __utee_to_param
                0x0000000000000d8a                TEE_OpenTASession
                0x0000000000000dce                TEE_CloseTASession
                0x0000000000000de2                TEE_InvokeTACommand
                0x0000000000000e48                TEE_GetCancellationFlag
                0x0000000000000e64                TEE_UnmaskCancellation
                0x0000000000000e80                TEE_MaskCancellation
                0x0000000000000e9c                TEE_CheckMemoryAccessRights
                0x0000000000000ea6                TEE_SetInstanceData
                0x0000000000000eb4                TEE_GetInstanceData
                0x0000000000000ec0                TEE_MemMove
                0x0000000000000ec4                TEE_MemCompare
                0x0000000000000ec8                TEE_MemFill
                0x0000000000000ecc                TEE_GetSystemTime
                0x0000000000000ee2                TEE_Wait
                0x0000000000000f00                TEE_GetTAPersistentTime
                0x0000000000000f3c                TEE_SetTAPersistentTime
                0x0000000000000f64                TEE_GetREETime
                0x0000000000000f7a                TEE_Malloc
                0x0000000000000fc4                TEE_Realloc
                0x0000000000000fc8                TEE_Free
                0x0000000000000fcc                TEE_CacheClean
                0x0000000000000fd2                TEE_CacheFlush
                0x0000000000000fd8                TEE_CacheInvalidate
 .text          0x0000000000000fe0      0x7b0 /home/hsk/Desktop/devel/tee-tpm-hyp/optee_os/out/arm/export-ta_arm32/lib/libutee.a(tee_api_objects.o)
                0x0000000000000fe0                __utee_from_attr
                0x0000000000001018                TEE_GetObjectInfo
                0x0000000000001044                TEE_GetObjectInfo1
                0x0000000000001064                TEE_RestrictObjectUsage1
                0x0000000000001084                TEE_RestrictObjectUsage
                0x00000000000010b0                TEE_GetObjectBufferAttribute
                0x0000000000001120                TEE_GetObjectValueAttribute
                0x00000000000011a4                TEE_CloseObject
                0x00000000000011b8                TEE_AllocateTransientObject
                0x00000000000011e8                TEE_FreeTransientObject
                0x0000000000001218                TEE_ResetTransientObject
                0x0000000000001248                TEE_PopulateTransientObject
                0x00000000000012b8                TEE_InitRefAttribute
                0x00000000000012da                TEE_InitValueAttribute
                0x00000000000012fc                TEE_CopyObjectAttributes1
                0x0000000000001364                TEE_CopyObjectAttributes
                0x0000000000001394                TEE_GenerateKey
                0x0000000000001400                TEE_OpenPersistentObject
                0x0000000000001464                TEE_CreatePersistentObject
                0x00000000000014fc                TEE_CloseAndDeletePersistentObject1
                0x0000000000001520                TEE_CloseAndDeletePersistentObject
                0x0000000000001536                TEE_RenamePersistentObject
                0x000000000000157c                TEE_AllocatePersistentObjectEnumerator
                0x00000000000015b4                TEE_FreePersistentObjectEnumerator
                0x00000000000015c8                TEE_ResetPersistentObjectEnumerator
                0x00000000000015dc                TEE_StartPersistentObjectEnumerator
                0x0000000000001608                TEE_GetNextPersistentObject
                0x000000000000165c                TEE_ReadObjectData
                0x000000000000169c                TEE_WriteObjectData
                0x00000000000016dc                TEE_TruncateObjectData
                0x0000000000001714                TEE_SeekObjectData
 .text          0x0000000000001790      0x210 /home/hsk/Desktop/devel/tee-tpm-hyp/optee_os/out/arm/export-ta_arm32/lib/libutee.a(user_ta_entry.o)
                0x0000000000001814                __utee_entry
 .text          0x00000000000019a0        0x0 /home/hsk/Desktop/devel/tee-tpm-hyp/optee_os/out/arm/export-ta_arm32/lib/libutee.a(utee_syscalls_a32.o)
 .text.utee_panic
                0x00000000000019a0       0x14 /home/hsk/Desktop/devel/tee-tpm-hyp/optee_os/out/arm/export-ta_arm32/lib/libutee.a(utee_syscalls_a32.o)
                0x00000000000019a0                utee_panic
 .text.utee_return
                0x00000000000019b4       0x14 /home/hsk/Desktop/devel/tee-tpm-hyp/optee_os/out/arm/export-ta_arm32/lib/libutee.a(utee_syscalls_a32.o)
                0x00000000000019b4                utee_return
 .text.utee_log
                0x00000000000019c8       0x14 /home/hsk/Desktop/devel/tee-tpm-hyp/optee_os/out/arm/export-ta_arm32/lib/libutee.a(utee_syscalls_a32.o)
                0x00000000000019c8                utee_log
 .text.__utee_panic
                0x00000000000019dc       0x14 /home/hsk/Desktop/devel/tee-tpm-hyp/optee_os/out/arm/export-ta_arm32/lib/libutee.a(utee_syscalls_a32.o)
                0x00000000000019dc                __utee_panic
 .text.utee_get_property
                0x00000000000019f0       0x18 /home/hsk/Desktop/devel/tee-tpm-hyp/optee_os/out/arm/export-ta_arm32/lib/libutee.a(utee_syscalls_a32.o)
                0x00000000000019f0                utee_get_property
 .text.utee_get_property_name_to_index
                0x0000000000001a08       0x14 /home/hsk/Desktop/devel/tee-tpm-hyp/optee_os/out/arm/export-ta_arm32/lib/libutee.a(utee_syscalls_a32.o)
                0x0000000000001a08                utee_get_property_name_to_index
 .text.utee_open_ta_session
                0x0000000000001a1c       0x18 /home/hsk/Desktop/devel/tee-tpm-hyp/optee_os/out/arm/export-ta_arm32/lib/libutee.a(utee_syscalls_a32.o)
                0x0000000000001a1c                utee_open_ta_session
 .text.utee_close_ta_session
                0x0000000000001a34       0x14 /home/hsk/Desktop/devel/tee-tpm-hyp/optee_os/out/arm/export-ta_arm32/lib/libutee.a(utee_syscalls_a32.o)
                0x0000000000001a34                utee_close_ta_session
 .text.utee_invoke_ta_command
                0x0000000000001a48       0x18 /home/hsk/Desktop/devel/tee-tpm-hyp/optee_os/out/arm/export-ta_arm32/lib/libutee.a(utee_syscalls_a32.o)
                0x0000000000001a48                utee_invoke_ta_command
 .text.utee_get_cancellation_flag
                0x0000000000001a60       0x14 /home/hsk/Desktop/devel/tee-tpm-hyp/optee_os/out/arm/export-ta_arm32/lib/libutee.a(utee_syscalls_a32.o)
                0x0000000000001a60                utee_get_cancellation_flag
 .text.utee_check_access_rights
                0x0000000000001a74       0x14 /home/hsk/Desktop/devel/tee-tpm-hyp/optee_os/out/arm/export-ta_arm32/lib/libutee.a(utee_syscalls_a32.o)
                0x0000000000001a74                utee_check_access_rights
 .text.utee_unmask_cancellation
                0x0000000000001a88       0x14 /home/hsk/Desktop/devel/tee-tpm-hyp/optee_os/out/arm/export-ta_arm32/lib/libutee.a(utee_syscalls_a32.o)
                0x0000000000001a88                utee_unmask_cancellation
 .text.utee_mask_cancellation
                0x0000000000001a9c       0x14 /home/hsk/Desktop/devel/tee-tpm-hyp/optee_os/out/arm/export-ta_arm32/lib/libutee.a(utee_syscalls_a32.o)
                0x0000000000001a9c                utee_mask_cancellation
 .text.utee_wait
                0x0000000000001ab0       0x14 /home/hsk/Desktop/devel/tee-tpm-hyp/optee_os/out/arm/export-ta_arm32/lib/libutee.a(utee_syscalls_a32.o)
                0x0000000000001ab0                utee_wait
 .text.utee_get_time
                0x0000000000001ac4       0x14 /home/hsk/Desktop/devel/tee-tpm-hyp/optee_os/out/arm/export-ta_arm32/lib/libutee.a(utee_syscalls_a32.o)
                0x0000000000001ac4                utee_get_time
 .text.utee_set_ta_time
                0x0000000000001ad8       0x14 /home/hsk/Desktop/devel/tee-tpm-hyp/optee_os/out/arm/export-ta_arm32/lib/libutee.a(utee_syscalls_a32.o)
                0x0000000000001ad8                utee_set_ta_time
 .text.utee_cryp_state_alloc
                0x0000000000001aec       0x18 /home/hsk/Desktop/devel/tee-tpm-hyp/optee_os/out/arm/export-ta_arm32/lib/libutee.a(utee_syscalls_a32.o)
                0x0000000000001aec                utee_cryp_state_alloc
 .text.utee_cryp_state_copy
                0x0000000000001b04       0x14 /home/hsk/Desktop/devel/tee-tpm-hyp/optee_os/out/arm/export-ta_arm32/lib/libutee.a(utee_syscalls_a32.o)
                0x0000000000001b04                utee_cryp_state_copy
 .text.utee_cryp_state_free
                0x0000000000001b18       0x14 /home/hsk/Desktop/devel/tee-tpm-hyp/optee_os/out/arm/export-ta_arm32/lib/libutee.a(utee_syscalls_a32.o)
                0x0000000000001b18                utee_cryp_state_free
 .text.utee_hash_init
                0x0000000000001b2c       0x14 /home/hsk/Desktop/devel/tee-tpm-hyp/optee_os/out/arm/export-ta_arm32/lib/libutee.a(utee_syscalls_a32.o)
                0x0000000000001b2c                utee_hash_init
 .text.utee_hash_update
                0x0000000000001b40       0x14 /home/hsk/Desktop/devel/tee-tpm-hyp/optee_os/out/arm/export-ta_arm32/lib/libutee.a(utee_syscalls_a32.o)
                0x0000000000001b40                utee_hash_update
 .text.utee_hash_final
                0x0000000000001b54       0x18 /home/hsk/Desktop/devel/tee-tpm-hyp/optee_os/out/arm/export-ta_arm32/lib/libutee.a(utee_syscalls_a32.o)
                0x0000000000001b54                utee_hash_final
 .text.utee_cipher_init
                0x0000000000001b6c       0x14 /home/hsk/Desktop/devel/tee-tpm-hyp/optee_os/out/arm/export-ta_arm32/lib/libutee.a(utee_syscalls_a32.o)
                0x0000000000001b6c                utee_cipher_init
 .text.utee_cipher_update
                0x0000000000001b80       0x18 /home/hsk/Desktop/devel/tee-tpm-hyp/optee_os/out/arm/export-ta_arm32/lib/libutee.a(utee_syscalls_a32.o)
                0x0000000000001b80                utee_cipher_update
 .text.utee_cipher_final
                0x0000000000001b98       0x18 /home/hsk/Desktop/devel/tee-tpm-hyp/optee_os/out/arm/export-ta_arm32/lib/libutee.a(utee_syscalls_a32.o)
                0x0000000000001b98                utee_cipher_final
 .text.utee_cryp_obj_get_info
                0x0000000000001bb0       0x14 /home/hsk/Desktop/devel/tee-tpm-hyp/optee_os/out/arm/export-ta_arm32/lib/libutee.a(utee_syscalls_a32.o)
                0x0000000000001bb0                utee_cryp_obj_get_info
 .text.utee_cryp_obj_restrict_usage
                0x0000000000001bc4       0x14 /home/hsk/Desktop/devel/tee-tpm-hyp/optee_os/out/arm/export-ta_arm32/lib/libutee.a(utee_syscalls_a32.o)
                0x0000000000001bc4                utee_cryp_obj_restrict_usage
 .text.utee_cryp_obj_get_attr
                0x0000000000001bd8       0x14 /home/hsk/Desktop/devel/tee-tpm-hyp/optee_os/out/arm/export-ta_arm32/lib/libutee.a(utee_syscalls_a32.o)
                0x0000000000001bd8                utee_cryp_obj_get_attr
 .text.utee_cryp_obj_alloc
                0x0000000000001bec       0x14 /home/hsk/Desktop/devel/tee-tpm-hyp/optee_os/out/arm/export-ta_arm32/lib/libutee.a(utee_syscalls_a32.o)
                0x0000000000001bec                utee_cryp_obj_alloc
 .text.utee_cryp_obj_close
                0x0000000000001c00       0x14 /home/hsk/Desktop/devel/tee-tpm-hyp/optee_os/out/arm/export-ta_arm32/lib/libutee.a(utee_syscalls_a32.o)
                0x0000000000001c00                utee_cryp_obj_close
 .text.utee_cryp_obj_reset
                0x0000000000001c14       0x14 /home/hsk/Desktop/devel/tee-tpm-hyp/optee_os/out/arm/export-ta_arm32/lib/libutee.a(utee_syscalls_a32.o)
                0x0000000000001c14                utee_cryp_obj_reset
 .text.utee_cryp_obj_populate
                0x0000000000001c28       0x14 /home/hsk/Desktop/devel/tee-tpm-hyp/optee_os/out/arm/export-ta_arm32/lib/libutee.a(utee_syscalls_a32.o)
                0x0000000000001c28                utee_cryp_obj_populate
 .text.utee_cryp_obj_copy
                0x0000000000001c3c       0x14 /home/hsk/Desktop/devel/tee-tpm-hyp/optee_os/out/arm/export-ta_arm32/lib/libutee.a(utee_syscalls_a32.o)
                0x0000000000001c3c                utee_cryp_obj_copy
 .text.utee_cryp_derive_key
                0x0000000000001c50       0x14 /home/hsk/Desktop/devel/tee-tpm-hyp/optee_os/out/arm/export-ta_arm32/lib/libutee.a(utee_syscalls_a32.o)
                0x0000000000001c50                utee_cryp_derive_key
 .text.utee_cryp_random_number_generate
                0x0000000000001c64       0x14 /home/hsk/Desktop/devel/tee-tpm-hyp/optee_os/out/arm/export-ta_arm32/lib/libutee.a(utee_syscalls_a32.o)
                0x0000000000001c64                utee_cryp_random_number_generate
 .text.utee_authenc_init
                0x0000000000001c78       0x18 /home/hsk/Desktop/devel/tee-tpm-hyp/optee_os/out/arm/export-ta_arm32/lib/libutee.a(utee_syscalls_a32.o)
                0x0000000000001c78                utee_authenc_init
 .text.utee_authenc_update_aad
                0x0000000000001c90       0x14 /home/hsk/Desktop/devel/tee-tpm-hyp/optee_os/out/arm/export-ta_arm32/lib/libutee.a(utee_syscalls_a32.o)
                0x0000000000001c90                utee_authenc_update_aad
 .text.utee_authenc_update_payload
                0x0000000000001ca4       0x18 /home/hsk/Desktop/devel/tee-tpm-hyp/optee_os/out/arm/export-ta_arm32/lib/libutee.a(utee_syscalls_a32.o)
                0x0000000000001ca4                utee_authenc_update_payload
 .text.utee_authenc_enc_final
                0x0000000000001cbc       0x18 /home/hsk/Desktop/devel/tee-tpm-hyp/optee_os/out/arm/export-ta_arm32/lib/libutee.a(utee_syscalls_a32.o)
                0x0000000000001cbc                utee_authenc_enc_final
 .text.utee_authenc_dec_final
                0x0000000000001cd4       0x18 /home/hsk/Desktop/devel/tee-tpm-hyp/optee_os/out/arm/export-ta_arm32/lib/libutee.a(utee_syscalls_a32.o)
                0x0000000000001cd4                utee_authenc_dec_final
 .text.utee_asymm_operate
                0x0000000000001cec       0x18 /home/hsk/Desktop/devel/tee-tpm-hyp/optee_os/out/arm/export-ta_arm32/lib/libutee.a(utee_syscalls_a32.o)
                0x0000000000001cec                utee_asymm_operate
 .text.utee_asymm_verify
                0x0000000000001d04       0x18 /home/hsk/Desktop/devel/tee-tpm-hyp/optee_os/out/arm/export-ta_arm32/lib/libutee.a(utee_syscalls_a32.o)
                0x0000000000001d04                utee_asymm_verify
 .text.utee_storage_obj_open
                0x0000000000001d1c       0x18 /home/hsk/Desktop/devel/tee-tpm-hyp/optee_os/out/arm/export-ta_arm32/lib/libutee.a(utee_syscalls_a32.o)
                0x0000000000001d1c                utee_storage_obj_open
 .text.utee_storage_obj_create
                0x0000000000001d34       0x18 /home/hsk/Desktop/devel/tee-tpm-hyp/optee_os/out/arm/export-ta_arm32/lib/libutee.a(utee_syscalls_a32.o)
                0x0000000000001d34                utee_storage_obj_create
 .text.utee_storage_obj_del
                0x0000000000001d4c       0x14 /home/hsk/Desktop/devel/tee-tpm-hyp/optee_os/out/arm/export-ta_arm32/lib/libutee.a(utee_syscalls_a32.o)
                0x0000000000001d4c                utee_storage_obj_del
 .text.utee_storage_obj_rename
                0x0000000000001d60       0x14 /home/hsk/Desktop/devel/tee-tpm-hyp/optee_os/out/arm/export-ta_arm32/lib/libutee.a(utee_syscalls_a32.o)
                0x0000000000001d60                utee_storage_obj_rename
 .text.utee_storage_alloc_enum
                0x0000000000001d74       0x14 /home/hsk/Desktop/devel/tee-tpm-hyp/optee_os/out/arm/export-ta_arm32/lib/libutee.a(utee_syscalls_a32.o)
                0x0000000000001d74                utee_storage_alloc_enum
 .text.utee_storage_free_enum
                0x0000000000001d88       0x14 /home/hsk/Desktop/devel/tee-tpm-hyp/optee_os/out/arm/export-ta_arm32/lib/libutee.a(utee_syscalls_a32.o)
                0x0000000000001d88                utee_storage_free_enum
 .text.utee_storage_reset_enum
                0x0000000000001d9c       0x14 /home/hsk/Desktop/devel/tee-tpm-hyp/optee_os/out/arm/export-ta_arm32/lib/libutee.a(utee_syscalls_a32.o)
                0x0000000000001d9c                utee_storage_reset_enum
 .text.utee_storage_start_enum
                0x0000000000001db0       0x14 /home/hsk/Desktop/devel/tee-tpm-hyp/optee_os/out/arm/export-ta_arm32/lib/libutee.a(utee_syscalls_a32.o)
                0x0000000000001db0                utee_storage_start_enum
 .text.utee_storage_next_enum
                0x0000000000001dc4       0x14 /home/hsk/Desktop/devel/tee-tpm-hyp/optee_os/out/arm/export-ta_arm32/lib/libutee.a(utee_syscalls_a32.o)
                0x0000000000001dc4                utee_storage_next_enum
 .text.utee_storage_obj_read
                0x0000000000001dd8       0x14 /home/hsk/Desktop/devel/tee-tpm-hyp/optee_os/out/arm/export-ta_arm32/lib/libutee.a(utee_syscalls_a32.o)
                0x0000000000001dd8                utee_storage_obj_read
 .text.utee_storage_obj_write
                0x0000000000001dec       0x14 /home/hsk/Desktop/devel/tee-tpm-hyp/optee_os/out/arm/export-ta_arm32/lib/libutee.a(utee_syscalls_a32.o)
                0x0000000000001dec                utee_storage_obj_write
 .text.utee_storage_obj_trunc
                0x0000000000001e00       0x14 /home/hsk/Desktop/devel/tee-tpm-hyp/optee_os/out/arm/export-ta_arm32/lib/libutee.a(utee_syscalls_a32.o)
                0x0000000000001e00                utee_storage_obj_trunc
 .text.utee_storage_obj_seek
                0x0000000000001e14       0x14 /home/hsk/Desktop/devel/tee-tpm-hyp/optee_os/out/arm/export-ta_arm32/lib/libutee.a(utee_syscalls_a32.o)
                0x0000000000001e14                utee_storage_obj_seek
 .text.utee_cryp_obj_generate_key
                0x0000000000001e28       0x14 /home/hsk/Desktop/devel/tee-tpm-hyp/optee_os/out/arm/export-ta_arm32/lib/libutee.a(utee_syscalls_a32.o)
                0x0000000000001e28                utee_cryp_obj_generate_key
 .text.utee_cache_operation
                0x0000000000001e3c       0x14 /home/hsk/Desktop/devel/tee-tpm-hyp/optee_os/out/arm/export-ta_arm32/lib/libutee.a(utee_syscalls_a32.o)
                0x0000000000001e3c                utee_cache_operation
 .text.__utee_mcount
                0x0000000000001e50        0xc /home/hsk/Desktop/devel/tee-tpm-hyp/optee_os/out/arm/export-ta_arm32/lib/libutee.a(gprof_a32.o)
                0x0000000000001e50                __utee_mcount
 .text          0x0000000000001e5c     0x1010 /home/hsk/Desktop/devel/tee-tpm-hyp/optee_os/out/arm/export-ta_arm32/lib/libutee.a(tee_api_arith_mpi.o)
                0x0000000000002408                _TEE_MathAPI_Init
                0x000000000000244c                TEE_BigIntInit
                0x000000000000248c                TEE_BigIntConvertFromOctetString
                0x00000000000024cc                TEE_BigIntConvertToOctetString
                0x0000000000002524                TEE_BigIntConvertFromS32
                0x000000000000255c                TEE_BigIntConvertToS32
                0x00000000000025b4                TEE_BigIntCmp
                0x00000000000025ea                TEE_BigIntCmpS32
                0x00000000000026f8                TEE_BigIntShiftRight
                0x00000000000027ec                TEE_BigIntGetBit
                0x0000000000002816                TEE_BigIntGetBitCount
                0x0000000000002838                TEE_BigIntAdd
                0x0000000000002854                TEE_BigIntSub
                0x0000000000002870                TEE_BigIntNeg
                0x00000000000028c8                TEE_BigIntMul
                0x000000000000296c                TEE_BigIntSquare
                0x0000000000002972                TEE_BigIntDiv
                0x0000000000002a20                TEE_BigIntMod
                0x0000000000002a70                TEE_BigIntAddMod
                0x0000000000002a8c                TEE_BigIntSubMod
                0x0000000000002aa8                TEE_BigIntMulMod
                0x0000000000002ac4                TEE_BigIntSquareMod
                0x0000000000002acc                TEE_BigIntInvMod
                0x0000000000002b70                TEE_BigIntRelativePrime
                0x0000000000002bec                TEE_BigIntComputeExtendedGcd
                0x0000000000002d3c                TEE_BigIntIsProbablePrime
                0x0000000000002d6c                TEE_BigIntInitFMM
                0x0000000000002d70                TEE_BigIntInitFMMContext
                0x0000000000002d72                TEE_BigIntFMMSizeInU32
                0x0000000000002d7a                TEE_BigIntFMMContextSizeInU32
                0x0000000000002d7e                TEE_BigIntConvertToFMM
                0x0000000000002d82                TEE_BigIntConvertFromFMM
                0x0000000000002dcc                TEE_BigIntComputeFMM
 .text.unlikely
                0x0000000000002e6c       0x20 /home/hsk/Desktop/devel/tee-tpm-hyp/optee_os/out/arm/export-ta_arm32/lib/libutee.a(tee_api_arith_mpi.o)
 .text          0x0000000000002e8c     0x27dc /home/hsk/Desktop/devel/tee-tpm-hyp/optee_os/out/arm/export-ta_arm32/lib/libmbedtls.a(bignum.o)
                0x0000000000003402                mbedtls_mpi_init
                0x0000000000003410                mbedtls_mpi_init_mempool
                0x0000000000003434                mbedtls_mpi_init_static
                0x0000000000003446                mbedtls_mpi_free
                0x0000000000003494                mbedtls_mpi_grow
                0x000000000000353c                mbedtls_mpi_shrink
                0x0000000000003608                mbedtls_mpi_copy
                0x000000000000365e                mbedtls_mpi_swap
                0x000000000000368c                mbedtls_mpi_safe_cond_assign
                0x00000000000036f8                mbedtls_mpi_safe_cond_swap
                0x000000000000377e                mbedtls_mpi_lset
                0x00000000000037b6                mbedtls_mpi_get_bit
                0x00000000000037d6                mbedtls_mpi_set_bit
                0x0000000000003828                mbedtls_mpi_lsb
                0x000000000000385a                mbedtls_mpi_bitlen
                0x000000000000389c                mbedtls_mpi_size
                0x00000000000038a8                mbedtls_mpi_read_binary
                0x000000000000390e                mbedtls_mpi_write_binary
                0x0000000000003954                mbedtls_mpi_shift_l
                0x00000000000039e4                mbedtls_mpi_shift_r
                0x0000000000003a60                mbedtls_mpi_cmp_abs
                0x0000000000003ac8                mbedtls_mpi_cmp_mpi
                0x0000000000003b5a                mbedtls_mpi_cmp_int
                0x0000000000003b8a                mbedtls_mpi_add_abs
                0x0000000000003c42                mbedtls_mpi_sub_abs
                0x0000000000003cbc                mbedtls_mpi_add_mpi
                0x0000000000003d02                mbedtls_mpi_sub_mpi
                0x0000000000003d4c                mbedtls_mpi_add_int
                0x0000000000003d7c                mbedtls_mpi_sub_int
                0x0000000000003dac                mbedtls_mpi_mul_mpi
                0x0000000000003e84                mbedtls_mpi_mul_int
                0x0000000000003ea2                mbedtls_mpi_read_string
                0x0000000000003fce                mbedtls_mpi_div_mpi
                0x0000000000004364                mbedtls_mpi_div_int
                0x0000000000004392                mbedtls_mpi_mod_mpi
                0x00000000000043f6                mbedtls_mpi_mod_int
                0x000000000000449e                mbedtls_mpi_write_string
                0x000000000000461c                mbedtls_mpi_montg_init
                0x0000000000004644                mbedtls_mpi_montmul
                0x0000000000004708                mbedtls_mpi_montred
                0x000000000000472c                mbedtls_mpi_exp_mod
                0x0000000000004b80                mbedtls_mpi_gcd
                0x0000000000004c92                mbedtls_mpi_fill_random
                0x0000000000004edc                mbedtls_mpi_inv_mod
                0x00000000000051aa                mbedtls_mpi_is_prime
                0x0000000000005206                mbedtls_mpi_gen_prime
                0x000000000000533c                mbedtls_mpi_self_test
 .text          0x0000000000005668      0xbf8 /home/hsk/Desktop/devel/tee-tpm-hyp/optee_os/out/arm/export-ta_arm32/lib/libutils.a(bget_malloc.o)
                0x0000000000005770                bget
                0x00000000000058a4                bgetz
                0x0000000000005900                brel
                0x0000000000005af8                bgetr
                0x0000000000005b74                bpool
                0x0000000000005c10                bstats
                0x0000000000005c74                malloc_reset_stats
                0x0000000000005c88                malloc_get_stats
                0x0000000000005ca8                malloc
                0x0000000000005ce0                free
                0x0000000000005cf0                calloc
                0x0000000000005d38                realloc
                0x0000000000005d70                memalign
                0x0000000000006040                malloc_add_pool
                0x0000000000006138                malloc_buffer_is_within_alloced
                0x0000000000006214                malloc_buffer_overlaps_heap
 .text          0x0000000000006260      0x104 /home/hsk/Desktop/devel/tee-tpm-hyp/optee_os/out/arm/export-ta_arm32/lib/libutils.a(mempool.o)
                0x0000000000006260                mempool_alloc_pool
                0x00000000000062a4                mempool_alloc
                0x0000000000006310                mempool_calloc
                0x0000000000006334                mempool_free
 .text          0x0000000000006364       0x38 /home/hsk/Desktop/devel/tee-tpm-hyp/optee_os/out/arm/export-ta_arm32/lib/libutee.a(assert.o)
                0x0000000000006364                _assert_log
                0x000000000000638c                _assert_break
 .text          0x000000000000639c        0x4 ./user_ta_header.o
                0x000000000000639c                tahead_get_trace_level
 .text          0x00000000000063a0        0x6 /home/hsk/Desktop/devel/tee-tpm-hyp/optee_os/out/arm/export-ta_arm32/lib/libutils.a(aeabi_unwind.o)
                0x00000000000063a0                __aeabi_unwind_cpp_pr0
                0x00000000000063a2                __aeabi_unwind_cpp_pr1
                0x00000000000063a4                __aeabi_unwind_cpp_pr2
 .text          0x00000000000063a6       0x1c /home/hsk/Desktop/devel/tee-tpm-hyp/optee_os/out/arm/export-ta_arm32/lib/libutils.a(memchr.o)
                0x00000000000063a6                memchr
 .text          0x00000000000063c2       0x10 /home/hsk/Desktop/devel/tee-tpm-hyp/optee_os/out/arm/export-ta_arm32/lib/libutils.a(strlen.o)
                0x00000000000063c2                strlen
 .text          0x00000000000063d2      0x15e /home/hsk/Desktop/devel/tee-tpm-hyp/optee_os/out/arm/export-ta_arm32/lib/libutils.a(arm32_aeabi_ldivmod.o)
                0x00000000000063d2                __ul_divmod
                0x0000000000006448                __l_divmod
 .text          0x0000000000006530        0x4 /home/hsk/Desktop/devel/tee-tpm-hyp/optee_os/out/arm/export-ta_arm32/lib/libutee.a(tee_api_panic.o)
                0x0000000000006530                TEE_Panic
 .text          0x0000000000006534       0x2c /home/hsk/Desktop/devel/tee-tpm-hyp/optee_os/out/arm/export-ta_arm32/lib/libutils.a(snprintf.o)
                0x0000000000006534                snprintf
                0x0000000000006552                vsnprintf
 .text          0x0000000000006560       0x1e /home/hsk/Desktop/devel/tee-tpm-hyp/optee_os/out/arm/export-ta_arm32/lib/libutils.a(memcmp.o)
                0x0000000000006560                memcmp
 .text          0x000000000000657e       0x16 /home/hsk/Desktop/devel/tee-tpm-hyp/optee_os/out/arm/export-ta_arm32/lib/libutils.a(memcpy.o)
                0x000000000000657e                memcpy
 .text          0x0000000000006594       0x32 /home/hsk/Desktop/devel/tee-tpm-hyp/optee_os/out/arm/export-ta_arm32/lib/libutils.a(memmove.o)
                0x0000000000006594                memmove
 .text          0x00000000000065c6       0x10 /home/hsk/Desktop/devel/tee-tpm-hyp/optee_os/out/arm/export-ta_arm32/lib/libutils.a(memset.o)
                0x00000000000065c6                memset
 .text          0x00000000000065d6        0x0 /home/hsk/Desktop/devel/tee-tpm-hyp/optee_os/out/arm/export-ta_arm32/lib/libutils.a(arm32_aeabi_ldivmod_a32.o)
 .text          0x00000000000065d6        0x0 /home/hsk/Desktop/devel/tee-tpm-hyp/optee_os/out/arm/export-ta_arm32/lib/libutee.a(gprof_a32.o)
 *fill*         0x00000000000065d6        0x2 
 .text.__stub   0x00000000000065d8       0x40 linker stubs
 *(SORT(.stub))
 *(SORT(.glue_7))
 .glue_7        0x0000000000006618        0x0 linker stubs
 *(SORT(.glue_7t))
 .glue_7t       0x0000000000006618        0x0 linker stubs
 *(SORT(.gnu.linkonce.t.*))
 *(SORT(.vfp11_veneer))
 .vfp11_veneer  0x0000000000006618        0x0 linker stubs
                [!provide]                        PROVIDE (__gnu_mcount_nc, __utee_mcount)
                0x0000000000006618                __text_end = .

.v4_bx          0x0000000000006618        0x0
 .v4_bx         0x0000000000006618        0x0 linker stubs

.iplt           0x0000000000006618        0x0
 .iplt          0x0000000000006618        0x0 ./secure_storage_ta.o

.plt            0x0000000000006618        0x0
 *(SORT(.plt))
 .plt           0x0000000000006618        0x0 ./secure_storage_ta.o

.eh_frame
 *(SORT(.eh_frame))

.rodata         0x0000000000006618     0x11b5
 *(SORT(.gnu.linkonce.r.*))
 *(SORT(.rodata) SORT(.rodata.*))
 .rodata.user_ta_header.c
                0x0000000000006618       0x1b ./user_ta_header.o
                0x0000000000006618                ta_num_props
                0x000000000000662c                ta_heap_size
                0x0000000000006630                trace_ext_prefix
 *fill*         0x0000000000006633        0x1 
 .rodata.lib/libmbedtls/mbedtls/library/bignum.c
                0x0000000000006634      0x2c4 /home/hsk/Desktop/devel/tee-tpm-hyp/optee_os/out/arm/export-ta_arm32/lib/libmbedtls.a(bignum.o)
 .rodata.secure_storage_ta.c
                0x00000000000068f8       0x4b ./secure_storage_ta.o
 .rodata.str1.1.secure_storage_ta.c
                0x0000000000006943       0xfa ./secure_storage_ta.o
 .rodata.str1.1.user_ta_header.c
                0x0000000000006a3d      0x109 ./user_ta_header.o
 .rodata.lib/libutils/ext/trace.c
                0x0000000000006b46        0xf /home/hsk/Desktop/devel/tee-tpm-hyp/optee_os/out/arm/export-ta_arm32/lib/libutils.a(trace.o)
 .rodata.str1.1.lib/libutils/ext/trace.c
                0x0000000000006b55       0x3a /home/hsk/Desktop/devel/tee-tpm-hyp/optee_os/out/arm/export-ta_arm32/lib/libutils.a(trace.o)
                                         0x3d (size before relaxing)
 .rodata.lib/libutils/ext/snprintk.c
                0x0000000000006b8f       0x22 /home/hsk/Desktop/devel/tee-tpm-hyp/optee_os/out/arm/export-ta_arm32/lib/libutils.a(snprintk.o)
 .rodata.str1.1.lib/libutils/ext/snprintk.c
                0x0000000000006bb1       0x38 /home/hsk/Desktop/devel/tee-tpm-hyp/optee_os/out/arm/export-ta_arm32/lib/libutils.a(snprintk.o)
 .rodata.str1.1.lib/libutee/trace_ext.c
                0x0000000000006be9       0x38 /home/hsk/Desktop/devel/tee-tpm-hyp/optee_os/out/arm/export-ta_arm32/lib/libutee.a(trace_ext.o)
                                          0x2 (size before relaxing)
 .rodata.lib/libutee/tee_api.c
                0x0000000000006be9        0xb /home/hsk/Desktop/devel/tee-tpm-hyp/optee_os/out/arm/export-ta_arm32/lib/libutee.a(tee_api.o)
 .rodata.str1.1.lib/libutee/tee_api.c
                0x0000000000006bf4       0x11 /home/hsk/Desktop/devel/tee-tpm-hyp/optee_os/out/arm/export-ta_arm32/lib/libutee.a(tee_api.o)
 .rodata.lib/libutee/tee_api_objects.c
                0x0000000000006c05       0x10 /home/hsk/Desktop/devel/tee-tpm-hyp/optee_os/out/arm/export-ta_arm32/lib/libutee.a(tee_api_objects.o)
 .rodata.str1.1.lib/libutee/tee_api_objects.c
                0x0000000000006c15       0x10 /home/hsk/Desktop/devel/tee-tpm-hyp/optee_os/out/arm/export-ta_arm32/lib/libutee.a(tee_api_objects.o)
 .rodata.lib/libutee/tee_api_arith_mpi.c
                0x0000000000006c25      0x143 /home/hsk/Desktop/devel/tee-tpm-hyp/optee_os/out/arm/export-ta_arm32/lib/libutee.a(tee_api_arith_mpi.o)
 .rodata.str1.1.lib/libutee/tee_api_arith_mpi.c
                0x0000000000006d68       0xb7 /home/hsk/Desktop/devel/tee-tpm-hyp/optee_os/out/arm/export-ta_arm32/lib/libutee.a(tee_api_arith_mpi.o)
 .rodata.str1.1.lib/libmbedtls/mbedtls/library/bignum.c
                0x0000000000006e1f      0x45d /home/hsk/Desktop/devel/tee-tpm-hyp/optee_os/out/arm/export-ta_arm32/lib/libmbedtls.a(bignum.o)
 .rodata.lib/libutils/isoc/bget_malloc.c
                0x000000000000727c       0x8a /home/hsk/Desktop/devel/tee-tpm-hyp/optee_os/out/arm/export-ta_arm32/lib/libutils.a(bget_malloc.o)
 .rodata.str1.1.lib/libutils/isoc/bget_malloc.c
                0x0000000000007306      0x408 /home/hsk/Desktop/devel/tee-tpm-hyp/optee_os/out/arm/export-ta_arm32/lib/libutils.a(bget_malloc.o)
                                        0x411 (size before relaxing)
 .rodata.lib/libutils/ext/mempool.c
                0x000000000000770e       0x21 /home/hsk/Desktop/devel/tee-tpm-hyp/optee_os/out/arm/export-ta_arm32/lib/libutils.a(mempool.o)
 .rodata.str1.1.lib/libutils/ext/mempool.c
                0x000000000000772f       0x77 /home/hsk/Desktop/devel/tee-tpm-hyp/optee_os/out/arm/export-ta_arm32/lib/libutils.a(mempool.o)
 .rodata.str1.1.lib/libutee/assert.c
                0x00000000000077a6       0x27 /home/hsk/Desktop/devel/tee-tpm-hyp/optee_os/out/arm/export-ta_arm32/lib/libutee.a(assert.o)

.ARM.extab      0x00000000000077d0       0xf0
 .ARM.extab     0x00000000000077d0        0x0 ./secure_storage_ta.o
 .ARM.extab     0x00000000000077d0        0x0 ./user_ta_header.o
 .ARM.extab     0x00000000000077d0        0xc /home/hsk/Desktop/devel/tee-tpm-hyp/optee_os/out/arm/export-ta_arm32/lib/libutils.a(trace.o)
 .ARM.extab     0x00000000000077dc        0x0 /home/hsk/Desktop/devel/tee-tpm-hyp/optee_os/out/arm/export-ta_arm32/lib/libutils.a(aeabi_unwind.o)
 .ARM.extab     0x00000000000077dc        0xc /home/hsk/Desktop/devel/tee-tpm-hyp/optee_os/out/arm/export-ta_arm32/lib/libutils.a(snprintk.o)
 .ARM.extab     0x00000000000077e8        0x0 /home/hsk/Desktop/devel/tee-tpm-hyp/optee_os/out/arm/export-ta_arm32/lib/libutils.a(memchr.o)
 .ARM.extab     0x00000000000077e8        0x0 /home/hsk/Desktop/devel/tee-tpm-hyp/optee_os/out/arm/export-ta_arm32/lib/libutils.a(strlen.o)
 .ARM.extab     0x00000000000077e8        0x0 /home/hsk/Desktop/devel/tee-tpm-hyp/optee_os/out/arm/export-ta_arm32/lib/libutils.a(arm32_aeabi_ldivmod.o)
 .ARM.extab     0x00000000000077e8        0xc /home/hsk/Desktop/devel/tee-tpm-hyp/optee_os/out/arm/export-ta_arm32/lib/libutee.a(trace_ext.o)
 .ARM.extab     0x00000000000077f4       0x24 /home/hsk/Desktop/devel/tee-tpm-hyp/optee_os/out/arm/export-ta_arm32/lib/libutee.a(tee_api.o)
 .ARM.extab     0x0000000000007818       0x30 /home/hsk/Desktop/devel/tee-tpm-hyp/optee_os/out/arm/export-ta_arm32/lib/libutee.a(tee_api_objects.o)
 .ARM.extab     0x0000000000007848        0x0 /home/hsk/Desktop/devel/tee-tpm-hyp/optee_os/out/arm/export-ta_arm32/lib/libutee.a(tee_api_panic.o)
 .ARM.extab     0x0000000000007848        0x0 /home/hsk/Desktop/devel/tee-tpm-hyp/optee_os/out/arm/export-ta_arm32/lib/libutee.a(user_ta_entry.o)
 .ARM.extab     0x0000000000007848       0x24 /home/hsk/Desktop/devel/tee-tpm-hyp/optee_os/out/arm/export-ta_arm32/lib/libutee.a(tee_api_arith_mpi.o)
 .ARM.extab     0x000000000000786c       0x24 /home/hsk/Desktop/devel/tee-tpm-hyp/optee_os/out/arm/export-ta_arm32/lib/libmbedtls.a(bignum.o)
 .ARM.extab     0x0000000000007890       0x18 /home/hsk/Desktop/devel/tee-tpm-hyp/optee_os/out/arm/export-ta_arm32/lib/libutils.a(bget_malloc.o)
 .ARM.extab     0x00000000000078a8        0xc /home/hsk/Desktop/devel/tee-tpm-hyp/optee_os/out/arm/export-ta_arm32/lib/libutils.a(snprintf.o)
 .ARM.extab     0x00000000000078b4        0x0 /home/hsk/Desktop/devel/tee-tpm-hyp/optee_os/out/arm/export-ta_arm32/lib/libutils.a(memcmp.o)
 .ARM.extab     0x00000000000078b4        0x0 /home/hsk/Desktop/devel/tee-tpm-hyp/optee_os/out/arm/export-ta_arm32/lib/libutils.a(memcpy.o)
 .ARM.extab     0x00000000000078b4        0x0 /home/hsk/Desktop/devel/tee-tpm-hyp/optee_os/out/arm/export-ta_arm32/lib/libutils.a(memmove.o)
 .ARM.extab     0x00000000000078b4        0x0 /home/hsk/Desktop/devel/tee-tpm-hyp/optee_os/out/arm/export-ta_arm32/lib/libutils.a(memset.o)
 .ARM.extab     0x00000000000078b4        0x0 /home/hsk/Desktop/devel/tee-tpm-hyp/optee_os/out/arm/export-ta_arm32/lib/libutils.a(mempool.o)
 .ARM.extab     0x00000000000078b4        0xc /home/hsk/Desktop/devel/tee-tpm-hyp/optee_os/out/arm/export-ta_arm32/lib/libutee.a(assert.o)

.gnu.version_d  0x00000000000078c0        0x0
 .gnu.version_d
                0x00000000000078c0        0x0 ./secure_storage_ta.o

.gnu.version    0x00000000000078c0        0x0
 .gnu.version   0x00000000000078c0        0x0 ./secure_storage_ta.o

.gnu.version_r  0x00000000000078c0        0x0
 .gnu.version_r
                0x00000000000078c0        0x0 ./secure_storage_ta.o

.ARM.extab.text.__aeabi_ldivmod
                0x00000000000078c0        0xc
 .ARM.extab.text.__aeabi_ldivmod
                0x00000000000078c0        0xc /home/hsk/Desktop/devel/tee-tpm-hyp/optee_os/out/arm/export-ta_arm32/lib/libutils.a(arm32_aeabi_ldivmod_a32.o)

.ARM.extab.text.__aeabi_uldivmod
                0x00000000000078cc        0xc
 .ARM.extab.text.__aeabi_uldivmod
                0x00000000000078cc        0xc /home/hsk/Desktop/devel/tee-tpm-hyp/optee_os/out/arm/export-ta_arm32/lib/libutils.a(arm32_aeabi_ldivmod_a32.o)

.ARM.extab.text.utee_panic
                0x00000000000078d8        0xc
 .ARM.extab.text.utee_panic
                0x00000000000078d8        0xc /home/hsk/Desktop/devel/tee-tpm-hyp/optee_os/out/arm/export-ta_arm32/lib/libutee.a(utee_syscalls_a32.o)

.ARM.extab.text.utee_return
                0x00000000000078e4        0x0
 .ARM.extab.text.utee_return
                0x00000000000078e4        0x0 /home/hsk/Desktop/devel/tee-tpm-hyp/optee_os/out/arm/export-ta_arm32/lib/libutee.a(utee_syscalls_a32.o)

.ARM.extab.text.utee_log
                0x00000000000078e4        0x0
 .ARM.extab.text.utee_log
                0x00000000000078e4        0x0 /home/hsk/Desktop/devel/tee-tpm-hyp/optee_os/out/arm/export-ta_arm32/lib/libutee.a(utee_syscalls_a32.o)

.ARM.extab.text.__utee_panic
                0x00000000000078e4        0x0
 .ARM.extab.text.__utee_panic
                0x00000000000078e4        0x0 /home/hsk/Desktop/devel/tee-tpm-hyp/optee_os/out/arm/export-ta_arm32/lib/libutee.a(utee_syscalls_a32.o)

.ARM.extab.text.utee_get_property
                0x00000000000078e4        0x0
 .ARM.extab.text.utee_get_property
                0x00000000000078e4        0x0 /home/hsk/Desktop/devel/tee-tpm-hyp/optee_os/out/arm/export-ta_arm32/lib/libutee.a(utee_syscalls_a32.o)

.ARM.extab.text.utee_get_property_name_to_index
                0x00000000000078e4        0x0
 .ARM.extab.text.utee_get_property_name_to_index
                0x00000000000078e4        0x0 /home/hsk/Desktop/devel/tee-tpm-hyp/optee_os/out/arm/export-ta_arm32/lib/libutee.a(utee_syscalls_a32.o)

.ARM.extab.text.utee_open_ta_session
                0x00000000000078e4        0x0
 .ARM.extab.text.utee_open_ta_session
                0x00000000000078e4        0x0 /home/hsk/Desktop/devel/tee-tpm-hyp/optee_os/out/arm/export-ta_arm32/lib/libutee.a(utee_syscalls_a32.o)

.ARM.extab.text.utee_close_ta_session
                0x00000000000078e4        0x0
 .ARM.extab.text.utee_close_ta_session
                0x00000000000078e4        0x0 /home/hsk/Desktop/devel/tee-tpm-hyp/optee_os/out/arm/export-ta_arm32/lib/libutee.a(utee_syscalls_a32.o)

.ARM.extab.text.utee_invoke_ta_command
                0x00000000000078e4        0x0
 .ARM.extab.text.utee_invoke_ta_command
                0x00000000000078e4        0x0 /home/hsk/Desktop/devel/tee-tpm-hyp/optee_os/out/arm/export-ta_arm32/lib/libutee.a(utee_syscalls_a32.o)

.ARM.extab.text.utee_get_cancellation_flag
                0x00000000000078e4        0x0
 .ARM.extab.text.utee_get_cancellation_flag
                0x00000000000078e4        0x0 /home/hsk/Desktop/devel/tee-tpm-hyp/optee_os/out/arm/export-ta_arm32/lib/libutee.a(utee_syscalls_a32.o)

.ARM.extab.text.utee_check_access_rights
                0x00000000000078e4        0x0
 .ARM.extab.text.utee_check_access_rights
                0x00000000000078e4        0x0 /home/hsk/Desktop/devel/tee-tpm-hyp/optee_os/out/arm/export-ta_arm32/lib/libutee.a(utee_syscalls_a32.o)

.ARM.extab.text.utee_unmask_cancellation
                0x00000000000078e4        0x0
 .ARM.extab.text.utee_unmask_cancellation
                0x00000000000078e4        0x0 /home/hsk/Desktop/devel/tee-tpm-hyp/optee_os/out/arm/export-ta_arm32/lib/libutee.a(utee_syscalls_a32.o)

.ARM.extab.text.utee_mask_cancellation
                0x00000000000078e4        0x0
 .ARM.extab.text.utee_mask_cancellation
                0x00000000000078e4        0x0 /home/hsk/Desktop/devel/tee-tpm-hyp/optee_os/out/arm/export-ta_arm32/lib/libutee.a(utee_syscalls_a32.o)

.ARM.extab.text.utee_wait
                0x00000000000078e4        0x0
 .ARM.extab.text.utee_wait
                0x00000000000078e4        0x0 /home/hsk/Desktop/devel/tee-tpm-hyp/optee_os/out/arm/export-ta_arm32/lib/libutee.a(utee_syscalls_a32.o)

.ARM.extab.text.utee_get_time
                0x00000000000078e4        0x0
 .ARM.extab.text.utee_get_time
                0x00000000000078e4        0x0 /home/hsk/Desktop/devel/tee-tpm-hyp/optee_os/out/arm/export-ta_arm32/lib/libutee.a(utee_syscalls_a32.o)

.ARM.extab.text.utee_set_ta_time
                0x00000000000078e4        0x0
 .ARM.extab.text.utee_set_ta_time
                0x00000000000078e4        0x0 /home/hsk/Desktop/devel/tee-tpm-hyp/optee_os/out/arm/export-ta_arm32/lib/libutee.a(utee_syscalls_a32.o)

.ARM.extab.text.utee_cryp_state_alloc
                0x00000000000078e4        0x0
 .ARM.extab.text.utee_cryp_state_alloc
                0x00000000000078e4        0x0 /home/hsk/Desktop/devel/tee-tpm-hyp/optee_os/out/arm/export-ta_arm32/lib/libutee.a(utee_syscalls_a32.o)

.ARM.extab.text.utee_cryp_state_copy
                0x00000000000078e4        0x0
 .ARM.extab.text.utee_cryp_state_copy
                0x00000000000078e4        0x0 /home/hsk/Desktop/devel/tee-tpm-hyp/optee_os/out/arm/export-ta_arm32/lib/libutee.a(utee_syscalls_a32.o)

.ARM.extab.text.utee_cryp_state_free
                0x00000000000078e4        0x0
 .ARM.extab.text.utee_cryp_state_free
                0x00000000000078e4        0x0 /home/hsk/Desktop/devel/tee-tpm-hyp/optee_os/out/arm/export-ta_arm32/lib/libutee.a(utee_syscalls_a32.o)

.ARM.extab.text.utee_hash_init
                0x00000000000078e4        0x0
 .ARM.extab.text.utee_hash_init
                0x00000000000078e4        0x0 /home/hsk/Desktop/devel/tee-tpm-hyp/optee_os/out/arm/export-ta_arm32/lib/libutee.a(utee_syscalls_a32.o)

.ARM.extab.text.utee_hash_update
                0x00000000000078e4        0x0
 .ARM.extab.text.utee_hash_update
                0x00000000000078e4        0x0 /home/hsk/Desktop/devel/tee-tpm-hyp/optee_os/out/arm/export-ta_arm32/lib/libutee.a(utee_syscalls_a32.o)

.ARM.extab.text.utee_hash_final
                0x00000000000078e4        0x0
 .ARM.extab.text.utee_hash_final
                0x00000000000078e4        0x0 /home/hsk/Desktop/devel/tee-tpm-hyp/optee_os/out/arm/export-ta_arm32/lib/libutee.a(utee_syscalls_a32.o)

.ARM.extab.text.utee_cipher_init
                0x00000000000078e4        0x0
 .ARM.extab.text.utee_cipher_init
                0x00000000000078e4        0x0 /home/hsk/Desktop/devel/tee-tpm-hyp/optee_os/out/arm/export-ta_arm32/lib/libutee.a(utee_syscalls_a32.o)

.ARM.extab.text.utee_cipher_update
                0x00000000000078e4        0x0
 .ARM.extab.text.utee_cipher_update
                0x00000000000078e4        0x0 /home/hsk/Desktop/devel/tee-tpm-hyp/optee_os/out/arm/export-ta_arm32/lib/libutee.a(utee_syscalls_a32.o)

.ARM.extab.text.utee_cipher_final
                0x00000000000078e4        0x0
 .ARM.extab.text.utee_cipher_final
                0x00000000000078e4        0x0 /home/hsk/Desktop/devel/tee-tpm-hyp/optee_os/out/arm/export-ta_arm32/lib/libutee.a(utee_syscalls_a32.o)

.ARM.extab.text.utee_cryp_obj_get_info
                0x00000000000078e4        0x0
 .ARM.extab.text.utee_cryp_obj_get_info
                0x00000000000078e4        0x0 /home/hsk/Desktop/devel/tee-tpm-hyp/optee_os/out/arm/export-ta_arm32/lib/libutee.a(utee_syscalls_a32.o)

.ARM.extab.text.utee_cryp_obj_restrict_usage
                0x00000000000078e4        0x0
 .ARM.extab.text.utee_cryp_obj_restrict_usage
                0x00000000000078e4        0x0 /home/hsk/Desktop/devel/tee-tpm-hyp/optee_os/out/arm/export-ta_arm32/lib/libutee.a(utee_syscalls_a32.o)

.ARM.extab.text.utee_cryp_obj_get_attr
                0x00000000000078e4        0x0
 .ARM.extab.text.utee_cryp_obj_get_attr
                0x00000000000078e4        0x0 /home/hsk/Desktop/devel/tee-tpm-hyp/optee_os/out/arm/export-ta_arm32/lib/libutee.a(utee_syscalls_a32.o)

.ARM.extab.text.utee_cryp_obj_alloc
                0x00000000000078e4        0x0
 .ARM.extab.text.utee_cryp_obj_alloc
                0x00000000000078e4        0x0 /home/hsk/Desktop/devel/tee-tpm-hyp/optee_os/out/arm/export-ta_arm32/lib/libutee.a(utee_syscalls_a32.o)

.ARM.extab.text.utee_cryp_obj_close
                0x00000000000078e4        0x0
 .ARM.extab.text.utee_cryp_obj_close
                0x00000000000078e4        0x0 /home/hsk/Desktop/devel/tee-tpm-hyp/optee_os/out/arm/export-ta_arm32/lib/libutee.a(utee_syscalls_a32.o)

.ARM.extab.text.utee_cryp_obj_reset
                0x00000000000078e4        0x0
 .ARM.extab.text.utee_cryp_obj_reset
                0x00000000000078e4        0x0 /home/hsk/Desktop/devel/tee-tpm-hyp/optee_os/out/arm/export-ta_arm32/lib/libutee.a(utee_syscalls_a32.o)

.ARM.extab.text.utee_cryp_obj_populate
                0x00000000000078e4        0x0
 .ARM.extab.text.utee_cryp_obj_populate
                0x00000000000078e4        0x0 /home/hsk/Desktop/devel/tee-tpm-hyp/optee_os/out/arm/export-ta_arm32/lib/libutee.a(utee_syscalls_a32.o)

.ARM.extab.text.utee_cryp_obj_copy
                0x00000000000078e4        0x0
 .ARM.extab.text.utee_cryp_obj_copy
                0x00000000000078e4        0x0 /home/hsk/Desktop/devel/tee-tpm-hyp/optee_os/out/arm/export-ta_arm32/lib/libutee.a(utee_syscalls_a32.o)

.ARM.extab.text.utee_cryp_derive_key
                0x00000000000078e4        0x0
 .ARM.extab.text.utee_cryp_derive_key
                0x00000000000078e4        0x0 /home/hsk/Desktop/devel/tee-tpm-hyp/optee_os/out/arm/export-ta_arm32/lib/libutee.a(utee_syscalls_a32.o)

.ARM.extab.text.utee_cryp_random_number_generate
                0x00000000000078e4        0x0
 .ARM.extab.text.utee_cryp_random_number_generate
                0x00000000000078e4        0x0 /home/hsk/Desktop/devel/tee-tpm-hyp/optee_os/out/arm/export-ta_arm32/lib/libutee.a(utee_syscalls_a32.o)

.ARM.extab.text.utee_authenc_init
                0x00000000000078e4        0x0
 .ARM.extab.text.utee_authenc_init
                0x00000000000078e4        0x0 /home/hsk/Desktop/devel/tee-tpm-hyp/optee_os/out/arm/export-ta_arm32/lib/libutee.a(utee_syscalls_a32.o)

.ARM.extab.text.utee_authenc_update_aad
                0x00000000000078e4        0x0
 .ARM.extab.text.utee_authenc_update_aad
                0x00000000000078e4        0x0 /home/hsk/Desktop/devel/tee-tpm-hyp/optee_os/out/arm/export-ta_arm32/lib/libutee.a(utee_syscalls_a32.o)

.ARM.extab.text.utee_authenc_update_payload
                0x00000000000078e4        0x0
 .ARM.extab.text.utee_authenc_update_payload
                0x00000000000078e4        0x0 /home/hsk/Desktop/devel/tee-tpm-hyp/optee_os/out/arm/export-ta_arm32/lib/libutee.a(utee_syscalls_a32.o)

.ARM.extab.text.utee_authenc_enc_final
                0x00000000000078e4        0x0
 .ARM.extab.text.utee_authenc_enc_final
                0x00000000000078e4        0x0 /home/hsk/Desktop/devel/tee-tpm-hyp/optee_os/out/arm/export-ta_arm32/lib/libutee.a(utee_syscalls_a32.o)

.ARM.extab.text.utee_authenc_dec_final
                0x00000000000078e4        0x0
 .ARM.extab.text.utee_authenc_dec_final
                0x00000000000078e4        0x0 /home/hsk/Desktop/devel/tee-tpm-hyp/optee_os/out/arm/export-ta_arm32/lib/libutee.a(utee_syscalls_a32.o)

.ARM.extab.text.utee_asymm_operate
                0x00000000000078e4        0x0
 .ARM.extab.text.utee_asymm_operate
                0x00000000000078e4        0x0 /home/hsk/Desktop/devel/tee-tpm-hyp/optee_os/out/arm/export-ta_arm32/lib/libutee.a(utee_syscalls_a32.o)

.ARM.extab.text.utee_asymm_verify
                0x00000000000078e4        0x0
 .ARM.extab.text.utee_asymm_verify
                0x00000000000078e4        0x0 /home/hsk/Desktop/devel/tee-tpm-hyp/optee_os/out/arm/export-ta_arm32/lib/libutee.a(utee_syscalls_a32.o)

.ARM.extab.text.utee_storage_obj_open
                0x00000000000078e4        0x0
 .ARM.extab.text.utee_storage_obj_open
                0x00000000000078e4        0x0 /home/hsk/Desktop/devel/tee-tpm-hyp/optee_os/out/arm/export-ta_arm32/lib/libutee.a(utee_syscalls_a32.o)

.ARM.extab.text.utee_storage_obj_create
                0x00000000000078e4        0x0
 .ARM.extab.text.utee_storage_obj_create
                0x00000000000078e4        0x0 /home/hsk/Desktop/devel/tee-tpm-hyp/optee_os/out/arm/export-ta_arm32/lib/libutee.a(utee_syscalls_a32.o)

.ARM.extab.text.utee_storage_obj_del
                0x00000000000078e4        0x0
 .ARM.extab.text.utee_storage_obj_del
                0x00000000000078e4        0x0 /home/hsk/Desktop/devel/tee-tpm-hyp/optee_os/out/arm/export-ta_arm32/lib/libutee.a(utee_syscalls_a32.o)

.ARM.extab.text.utee_storage_obj_rename
                0x00000000000078e4        0x0
 .ARM.extab.text.utee_storage_obj_rename
                0x00000000000078e4        0x0 /home/hsk/Desktop/devel/tee-tpm-hyp/optee_os/out/arm/export-ta_arm32/lib/libutee.a(utee_syscalls_a32.o)

.ARM.extab.text.utee_storage_alloc_enum
                0x00000000000078e4        0x0
 .ARM.extab.text.utee_storage_alloc_enum
                0x00000000000078e4        0x0 /home/hsk/Desktop/devel/tee-tpm-hyp/optee_os/out/arm/export-ta_arm32/lib/libutee.a(utee_syscalls_a32.o)

.ARM.extab.text.utee_storage_free_enum
                0x00000000000078e4        0x0
 .ARM.extab.text.utee_storage_free_enum
                0x00000000000078e4        0x0 /home/hsk/Desktop/devel/tee-tpm-hyp/optee_os/out/arm/export-ta_arm32/lib/libutee.a(utee_syscalls_a32.o)

.ARM.extab.text.utee_storage_reset_enum
                0x00000000000078e4        0x0
 .ARM.extab.text.utee_storage_reset_enum
                0x00000000000078e4        0x0 /home/hsk/Desktop/devel/tee-tpm-hyp/optee_os/out/arm/export-ta_arm32/lib/libutee.a(utee_syscalls_a32.o)

.ARM.extab.text.utee_storage_start_enum
                0x00000000000078e4        0x0
 .ARM.extab.text.utee_storage_start_enum
                0x00000000000078e4        0x0 /home/hsk/Desktop/devel/tee-tpm-hyp/optee_os/out/arm/export-ta_arm32/lib/libutee.a(utee_syscalls_a32.o)

.ARM.extab.text.utee_storage_next_enum
                0x00000000000078e4        0x0
 .ARM.extab.text.utee_storage_next_enum
                0x00000000000078e4        0x0 /home/hsk/Desktop/devel/tee-tpm-hyp/optee_os/out/arm/export-ta_arm32/lib/libutee.a(utee_syscalls_a32.o)

.ARM.extab.text.utee_storage_obj_read
                0x00000000000078e4        0x0
 .ARM.extab.text.utee_storage_obj_read
                0x00000000000078e4        0x0 /home/hsk/Desktop/devel/tee-tpm-hyp/optee_os/out/arm/export-ta_arm32/lib/libutee.a(utee_syscalls_a32.o)

.ARM.extab.text.utee_storage_obj_write
                0x00000000000078e4        0x0
 .ARM.extab.text.utee_storage_obj_write
                0x00000000000078e4        0x0 /home/hsk/Desktop/devel/tee-tpm-hyp/optee_os/out/arm/export-ta_arm32/lib/libutee.a(utee_syscalls_a32.o)

.ARM.extab.text.utee_storage_obj_trunc
                0x00000000000078e4        0x0
 .ARM.extab.text.utee_storage_obj_trunc
                0x00000000000078e4        0x0 /home/hsk/Desktop/devel/tee-tpm-hyp/optee_os/out/arm/export-ta_arm32/lib/libutee.a(utee_syscalls_a32.o)

.ARM.extab.text.utee_storage_obj_seek
                0x00000000000078e4        0x0
 .ARM.extab.text.utee_storage_obj_seek
                0x00000000000078e4        0x0 /home/hsk/Desktop/devel/tee-tpm-hyp/optee_os/out/arm/export-ta_arm32/lib/libutee.a(utee_syscalls_a32.o)

.ARM.extab.text.utee_cryp_obj_generate_key
                0x00000000000078e4        0x0
 .ARM.extab.text.utee_cryp_obj_generate_key
                0x00000000000078e4        0x0 /home/hsk/Desktop/devel/tee-tpm-hyp/optee_os/out/arm/export-ta_arm32/lib/libutee.a(utee_syscalls_a32.o)

.ARM.extab.text.utee_cache_operation
                0x00000000000078e4        0x0
 .ARM.extab.text.utee_cache_operation
                0x00000000000078e4        0x0 /home/hsk/Desktop/devel/tee-tpm-hyp/optee_os/out/arm/export-ta_arm32/lib/libutee.a(utee_syscalls_a32.o)

.ARM.extab.text.unlikely
                0x00000000000078e4        0xc
 .ARM.extab.text.unlikely
                0x00000000000078e4        0xc /home/hsk/Desktop/devel/tee-tpm-hyp/optee_os/out/arm/export-ta_arm32/lib/libutee.a(tee_api_arith_mpi.o)

.ARM.exidx      0x00000000000078f0      0x560
 *(SORT(.ARM.exidx*) SORT(.gnu.linkonce.armexidx.*))
 .ARM.exidx     0x00000000000078f0       0x10 ./secure_storage_ta.o
                                         0x28 (size before relaxing)
 .ARM.exidx     0x0000000000007df8        0x8 ./user_ta_header.o
 .ARM.exidx     0x0000000000007900       0x20 /home/hsk/Desktop/devel/tee-tpm-hyp/optee_os/out/arm/export-ta_arm32/lib/libutils.a(trace.o)
                                         0x28 (size before relaxing)
 .ARM.exidx     0x0000000000007e00        0x0 /home/hsk/Desktop/devel/tee-tpm-hyp/optee_os/out/arm/export-ta_arm32/lib/libutils.a(aeabi_unwind.o)
                                         0x18 (size before relaxing)
 .ARM.exidx     0x0000000000007920       0x18 /home/hsk/Desktop/devel/tee-tpm-hyp/optee_os/out/arm/export-ta_arm32/lib/libutils.a(snprintk.o)
 .ARM.exidx     0x0000000000007e00        0x8 /home/hsk/Desktop/devel/tee-tpm-hyp/optee_os/out/arm/export-ta_arm32/lib/libutils.a(memchr.o)
 .ARM.exidx     0x0000000000007e08        0x8 /home/hsk/Desktop/devel/tee-tpm-hyp/optee_os/out/arm/export-ta_arm32/lib/libutils.a(strlen.o)
 .ARM.exidx.text.__aeabi_ldivmod
                0x0000000000007938        0x8 /home/hsk/Desktop/devel/tee-tpm-hyp/optee_os/out/arm/export-ta_arm32/lib/libutils.a(arm32_aeabi_ldivmod_a32.o)
 .ARM.exidx.text.__aeabi_uldivmod
                0x0000000000007940        0x8 /home/hsk/Desktop/devel/tee-tpm-hyp/optee_os/out/arm/export-ta_arm32/lib/libutils.a(arm32_aeabi_ldivmod_a32.o)
 .ARM.exidx     0x0000000000007e10        0x8 /home/hsk/Desktop/devel/tee-tpm-hyp/optee_os/out/arm/export-ta_arm32/lib/libutils.a(arm32_aeabi_ldivmod.o)
                                         0x10 (size before relaxing)
 .ARM.exidx     0x0000000000007948       0x28 /home/hsk/Desktop/devel/tee-tpm-hyp/optee_os/out/arm/export-ta_arm32/lib/libutee.a(trace_ext.o)
 .ARM.exidx     0x0000000000007970       0x68 /home/hsk/Desktop/devel/tee-tpm-hyp/optee_os/out/arm/export-ta_arm32/lib/libutee.a(tee_api.o)
                                         0xc8 (size before relaxing)
 .ARM.exidx     0x00000000000079d8       0xd0 /home/hsk/Desktop/devel/tee-tpm-hyp/optee_os/out/arm/export-ta_arm32/lib/libutee.a(tee_api_objects.o)
                                         0xf8 (size before relaxing)
 .ARM.exidx     0x0000000000007e18        0x8 /home/hsk/Desktop/devel/tee-tpm-hyp/optee_os/out/arm/export-ta_arm32/lib/libutee.a(tee_api_panic.o)
 .ARM.exidx     0x0000000000007aa8       0x18 /home/hsk/Desktop/devel/tee-tpm-hyp/optee_os/out/arm/export-ta_arm32/lib/libutee.a(user_ta_entry.o)
 .ARM.exidx.text.utee_panic
                0x0000000000007ac0        0x8 /home/hsk/Desktop/devel/tee-tpm-hyp/optee_os/out/arm/export-ta_arm32/lib/libutee.a(utee_syscalls_a32.o)
 .ARM.exidx.text.utee_return
                0x0000000000007ac8        0x8 /home/hsk/Desktop/devel/tee-tpm-hyp/optee_os/out/arm/export-ta_arm32/lib/libutee.a(utee_syscalls_a32.o)
 .ARM.exidx.text.utee_log
                0x0000000000007ad0        0x0 /home/hsk/Desktop/devel/tee-tpm-hyp/optee_os/out/arm/export-ta_arm32/lib/libutee.a(utee_syscalls_a32.o)
                                          0x8 (size before relaxing)
 .ARM.exidx.text.__utee_panic
                0x0000000000007ad0        0x0 /home/hsk/Desktop/devel/tee-tpm-hyp/optee_os/out/arm/export-ta_arm32/lib/libutee.a(utee_syscalls_a32.o)
                                          0x8 (size before relaxing)
 .ARM.exidx.text.utee_get_property
                0x0000000000007ad0        0x0 /home/hsk/Desktop/devel/tee-tpm-hyp/optee_os/out/arm/export-ta_arm32/lib/libutee.a(utee_syscalls_a32.o)
                                          0x8 (size before relaxing)
 .ARM.exidx.text.utee_get_property_name_to_index
                0x0000000000007ad0        0x0 /home/hsk/Desktop/devel/tee-tpm-hyp/optee_os/out/arm/export-ta_arm32/lib/libutee.a(utee_syscalls_a32.o)
                                          0x8 (size before relaxing)
 .ARM.exidx.text.utee_open_ta_session
                0x0000000000007ad0        0x0 /home/hsk/Desktop/devel/tee-tpm-hyp/optee_os/out/arm/export-ta_arm32/lib/libutee.a(utee_syscalls_a32.o)
                                          0x8 (size before relaxing)
 .ARM.exidx.text.utee_close_ta_session
                0x0000000000007ad0        0x0 /home/hsk/Desktop/devel/tee-tpm-hyp/optee_os/out/arm/export-ta_arm32/lib/libutee.a(utee_syscalls_a32.o)
                                          0x8 (size before relaxing)
 .ARM.exidx.text.utee_invoke_ta_command
                0x0000000000007ad0        0x0 /home/hsk/Desktop/devel/tee-tpm-hyp/optee_os/out/arm/export-ta_arm32/lib/libutee.a(utee_syscalls_a32.o)
                                          0x8 (size before relaxing)
 .ARM.exidx.text.utee_get_cancellation_flag
                0x0000000000007ad0        0x0 /home/hsk/Desktop/devel/tee-tpm-hyp/optee_os/out/arm/export-ta_arm32/lib/libutee.a(utee_syscalls_a32.o)
                                          0x8 (size before relaxing)
 .ARM.exidx.text.utee_check_access_rights
                0x0000000000007ad0        0x0 /home/hsk/Desktop/devel/tee-tpm-hyp/optee_os/out/arm/export-ta_arm32/lib/libutee.a(utee_syscalls_a32.o)
                                          0x8 (size before relaxing)
 .ARM.exidx.text.utee_unmask_cancellation
                0x0000000000007ad0        0x0 /home/hsk/Desktop/devel/tee-tpm-hyp/optee_os/out/arm/export-ta_arm32/lib/libutee.a(utee_syscalls_a32.o)
                                          0x8 (size before relaxing)
 .ARM.exidx.text.utee_mask_cancellation
                0x0000000000007ad0        0x0 /home/hsk/Desktop/devel/tee-tpm-hyp/optee_os/out/arm/export-ta_arm32/lib/libutee.a(utee_syscalls_a32.o)
                                          0x8 (size before relaxing)
 .ARM.exidx.text.utee_wait
                0x0000000000007ad0        0x0 /home/hsk/Desktop/devel/tee-tpm-hyp/optee_os/out/arm/export-ta_arm32/lib/libutee.a(utee_syscalls_a32.o)
                                          0x8 (size before relaxing)
 .ARM.exidx.text.utee_get_time
                0x0000000000007ad0        0x0 /home/hsk/Desktop/devel/tee-tpm-hyp/optee_os/out/arm/export-ta_arm32/lib/libutee.a(utee_syscalls_a32.o)
                                          0x8 (size before relaxing)
 .ARM.exidx.text.utee_set_ta_time
                0x0000000000007ad0        0x0 /home/hsk/Desktop/devel/tee-tpm-hyp/optee_os/out/arm/export-ta_arm32/lib/libutee.a(utee_syscalls_a32.o)
                                          0x8 (size before relaxing)
 .ARM.exidx.text.utee_cryp_state_alloc
                0x0000000000007ad0        0x0 /home/hsk/Desktop/devel/tee-tpm-hyp/optee_os/out/arm/export-ta_arm32/lib/libutee.a(utee_syscalls_a32.o)
                                          0x8 (size before relaxing)
 .ARM.exidx.text.utee_cryp_state_copy
                0x0000000000007ad0        0x0 /home/hsk/Desktop/devel/tee-tpm-hyp/optee_os/out/arm/export-ta_arm32/lib/libutee.a(utee_syscalls_a32.o)
                                          0x8 (size before relaxing)
 .ARM.exidx.text.utee_cryp_state_free
                0x0000000000007ad0        0x0 /home/hsk/Desktop/devel/tee-tpm-hyp/optee_os/out/arm/export-ta_arm32/lib/libutee.a(utee_syscalls_a32.o)
                                          0x8 (size before relaxing)
 .ARM.exidx.text.utee_hash_init
                0x0000000000007ad0        0x0 /home/hsk/Desktop/devel/tee-tpm-hyp/optee_os/out/arm/export-ta_arm32/lib/libutee.a(utee_syscalls_a32.o)
                                          0x8 (size before relaxing)
 .ARM.exidx.text.utee_hash_update
                0x0000000000007ad0        0x0 /home/hsk/Desktop/devel/tee-tpm-hyp/optee_os/out/arm/export-ta_arm32/lib/libutee.a(utee_syscalls_a32.o)
                                          0x8 (size before relaxing)
 .ARM.exidx.text.utee_hash_final
                0x0000000000007ad0        0x0 /home/hsk/Desktop/devel/tee-tpm-hyp/optee_os/out/arm/export-ta_arm32/lib/libutee.a(utee_syscalls_a32.o)
                                          0x8 (size before relaxing)
 .ARM.exidx.text.utee_cipher_init
                0x0000000000007ad0        0x0 /home/hsk/Desktop/devel/tee-tpm-hyp/optee_os/out/arm/export-ta_arm32/lib/libutee.a(utee_syscalls_a32.o)
                                          0x8 (size before relaxing)
 .ARM.exidx.text.utee_cipher_update
                0x0000000000007ad0        0x0 /home/hsk/Desktop/devel/tee-tpm-hyp/optee_os/out/arm/export-ta_arm32/lib/libutee.a(utee_syscalls_a32.o)
                                          0x8 (size before relaxing)
 .ARM.exidx.text.utee_cipher_final
                0x0000000000007ad0        0x0 /home/hsk/Desktop/devel/tee-tpm-hyp/optee_os/out/arm/export-ta_arm32/lib/libutee.a(utee_syscalls_a32.o)
                                          0x8 (size before relaxing)
 .ARM.exidx.text.utee_cryp_obj_get_info
                0x0000000000007ad0        0x0 /home/hsk/Desktop/devel/tee-tpm-hyp/optee_os/out/arm/export-ta_arm32/lib/libutee.a(utee_syscalls_a32.o)
                                          0x8 (size before relaxing)
 .ARM.exidx.text.utee_cryp_obj_restrict_usage
                0x0000000000007ad0        0x0 /home/hsk/Desktop/devel/tee-tpm-hyp/optee_os/out/arm/export-ta_arm32/lib/libutee.a(utee_syscalls_a32.o)
                                          0x8 (size before relaxing)
 .ARM.exidx.text.utee_cryp_obj_get_attr
                0x0000000000007ad0        0x0 /home/hsk/Desktop/devel/tee-tpm-hyp/optee_os/out/arm/export-ta_arm32/lib/libutee.a(utee_syscalls_a32.o)
                                          0x8 (size before relaxing)
 .ARM.exidx.text.utee_cryp_obj_alloc
                0x0000000000007ad0        0x0 /home/hsk/Desktop/devel/tee-tpm-hyp/optee_os/out/arm/export-ta_arm32/lib/libutee.a(utee_syscalls_a32.o)
                                          0x8 (size before relaxing)
 .ARM.exidx.text.utee_cryp_obj_close
                0x0000000000007ad0        0x0 /home/hsk/Desktop/devel/tee-tpm-hyp/optee_os/out/arm/export-ta_arm32/lib/libutee.a(utee_syscalls_a32.o)
                                          0x8 (size before relaxing)
 .ARM.exidx.text.utee_cryp_obj_reset
                0x0000000000007ad0        0x0 /home/hsk/Desktop/devel/tee-tpm-hyp/optee_os/out/arm/export-ta_arm32/lib/libutee.a(utee_syscalls_a32.o)
                                          0x8 (size before relaxing)
 .ARM.exidx.text.utee_cryp_obj_populate
                0x0000000000007ad0        0x0 /home/hsk/Desktop/devel/tee-tpm-hyp/optee_os/out/arm/export-ta_arm32/lib/libutee.a(utee_syscalls_a32.o)
                                          0x8 (size before relaxing)
 .ARM.exidx.text.utee_cryp_obj_copy
                0x0000000000007ad0        0x0 /home/hsk/Desktop/devel/tee-tpm-hyp/optee_os/out/arm/export-ta_arm32/lib/libutee.a(utee_syscalls_a32.o)
                                          0x8 (size before relaxing)
 .ARM.exidx.text.utee_cryp_derive_key
                0x0000000000007ad0        0x0 /home/hsk/Desktop/devel/tee-tpm-hyp/optee_os/out/arm/export-ta_arm32/lib/libutee.a(utee_syscalls_a32.o)
                                          0x8 (size before relaxing)
 .ARM.exidx.text.utee_cryp_random_number_generate
                0x0000000000007ad0        0x0 /home/hsk/Desktop/devel/tee-tpm-hyp/optee_os/out/arm/export-ta_arm32/lib/libutee.a(utee_syscalls_a32.o)
                                          0x8 (size before relaxing)
 .ARM.exidx.text.utee_authenc_init
                0x0000000000007ad0        0x0 /home/hsk/Desktop/devel/tee-tpm-hyp/optee_os/out/arm/export-ta_arm32/lib/libutee.a(utee_syscalls_a32.o)
                                          0x8 (size before relaxing)
 .ARM.exidx.text.utee_authenc_update_aad
                0x0000000000007ad0        0x0 /home/hsk/Desktop/devel/tee-tpm-hyp/optee_os/out/arm/export-ta_arm32/lib/libutee.a(utee_syscalls_a32.o)
                                          0x8 (size before relaxing)
 .ARM.exidx.text.utee_authenc_update_payload
                0x0000000000007ad0        0x0 /home/hsk/Desktop/devel/tee-tpm-hyp/optee_os/out/arm/export-ta_arm32/lib/libutee.a(utee_syscalls_a32.o)
                                          0x8 (size before relaxing)
 .ARM.exidx.text.utee_authenc_enc_final
                0x0000000000007ad0        0x0 /home/hsk/Desktop/devel/tee-tpm-hyp/optee_os/out/arm/export-ta_arm32/lib/libutee.a(utee_syscalls_a32.o)
                                          0x8 (size before relaxing)
 .ARM.exidx.text.utee_authenc_dec_final
                0x0000000000007ad0        0x0 /home/hsk/Desktop/devel/tee-tpm-hyp/optee_os/out/arm/export-ta_arm32/lib/libutee.a(utee_syscalls_a32.o)
                                          0x8 (size before relaxing)
 .ARM.exidx.text.utee_asymm_operate
                0x0000000000007ad0        0x0 /home/hsk/Desktop/devel/tee-tpm-hyp/optee_os/out/arm/export-ta_arm32/lib/libutee.a(utee_syscalls_a32.o)
                                          0x8 (size before relaxing)
 .ARM.exidx.text.utee_asymm_verify
                0x0000000000007ad0        0x0 /home/hsk/Desktop/devel/tee-tpm-hyp/optee_os/out/arm/export-ta_arm32/lib/libutee.a(utee_syscalls_a32.o)
                                          0x8 (size before relaxing)
 .ARM.exidx.text.utee_storage_obj_open
                0x0000000000007ad0        0x0 /home/hsk/Desktop/devel/tee-tpm-hyp/optee_os/out/arm/export-ta_arm32/lib/libutee.a(utee_syscalls_a32.o)
                                          0x8 (size before relaxing)
 .ARM.exidx.text.utee_storage_obj_create
                0x0000000000007ad0        0x0 /home/hsk/Desktop/devel/tee-tpm-hyp/optee_os/out/arm/export-ta_arm32/lib/libutee.a(utee_syscalls_a32.o)
                                          0x8 (size before relaxing)
 .ARM.exidx.text.utee_storage_obj_del
                0x0000000000007ad0        0x0 /home/hsk/Desktop/devel/tee-tpm-hyp/optee_os/out/arm/export-ta_arm32/lib/libutee.a(utee_syscalls_a32.o)
                                          0x8 (size before relaxing)
 .ARM.exidx.text.utee_storage_obj_rename
                0x0000000000007ad0        0x0 /home/hsk/Desktop/devel/tee-tpm-hyp/optee_os/out/arm/export-ta_arm32/lib/libutee.a(utee_syscalls_a32.o)
                                          0x8 (size before relaxing)
 .ARM.exidx.text.utee_storage_alloc_enum
                0x0000000000007ad0        0x0 /home/hsk/Desktop/devel/tee-tpm-hyp/optee_os/out/arm/export-ta_arm32/lib/libutee.a(utee_syscalls_a32.o)
                                          0x8 (size before relaxing)
 .ARM.exidx.text.utee_storage_free_enum
                0x0000000000007ad0        0x0 /home/hsk/Desktop/devel/tee-tpm-hyp/optee_os/out/arm/export-ta_arm32/lib/libutee.a(utee_syscalls_a32.o)
                                          0x8 (size before relaxing)
 .ARM.exidx.text.utee_storage_reset_enum
                0x0000000000007ad0        0x0 /home/hsk/Desktop/devel/tee-tpm-hyp/optee_os/out/arm/export-ta_arm32/lib/libutee.a(utee_syscalls_a32.o)
                                          0x8 (size before relaxing)
 .ARM.exidx.text.utee_storage_start_enum
                0x0000000000007ad0        0x0 /home/hsk/Desktop/devel/tee-tpm-hyp/optee_os/out/arm/export-ta_arm32/lib/libutee.a(utee_syscalls_a32.o)
                                          0x8 (size before relaxing)
 .ARM.exidx.text.utee_storage_next_enum
                0x0000000000007ad0        0x0 /home/hsk/Desktop/devel/tee-tpm-hyp/optee_os/out/arm/export-ta_arm32/lib/libutee.a(utee_syscalls_a32.o)
                                          0x8 (size before relaxing)
 .ARM.exidx.text.utee_storage_obj_read
                0x0000000000007ad0        0x0 /home/hsk/Desktop/devel/tee-tpm-hyp/optee_os/out/arm/export-ta_arm32/lib/libutee.a(utee_syscalls_a32.o)
                                          0x8 (size before relaxing)
 .ARM.exidx.text.utee_storage_obj_write
                0x0000000000007ad0        0x0 /home/hsk/Desktop/devel/tee-tpm-hyp/optee_os/out/arm/export-ta_arm32/lib/libutee.a(utee_syscalls_a32.o)
                                          0x8 (size before relaxing)
 .ARM.exidx.text.utee_storage_obj_trunc
                0x0000000000007ad0        0x0 /home/hsk/Desktop/devel/tee-tpm-hyp/optee_os/out/arm/export-ta_arm32/lib/libutee.a(utee_syscalls_a32.o)
                                          0x8 (size before relaxing)
 .ARM.exidx.text.utee_storage_obj_seek
                0x0000000000007ad0        0x0 /home/hsk/Desktop/devel/tee-tpm-hyp/optee_os/out/arm/export-ta_arm32/lib/libutee.a(utee_syscalls_a32.o)
                                          0x8 (size before relaxing)
 .ARM.exidx.text.utee_cryp_obj_generate_key
                0x0000000000007ad0        0x0 /home/hsk/Desktop/devel/tee-tpm-hyp/optee_os/out/arm/export-ta_arm32/lib/libutee.a(utee_syscalls_a32.o)
                                          0x8 (size before relaxing)
 .ARM.exidx.text.utee_cache_operation
                0x0000000000007ad0        0x8 /home/hsk/Desktop/devel/tee-tpm-hyp/optee_os/out/arm/export-ta_arm32/lib/libutee.a(utee_syscalls_a32.o)
 .ARM.exidx.text.unlikely
                0x0000000000007bc8        0x8 /home/hsk/Desktop/devel/tee-tpm-hyp/optee_os/out/arm/export-ta_arm32/lib/libutee.a(tee_api_arith_mpi.o)
 .ARM.exidx     0x0000000000007ad8       0xf0 /home/hsk/Desktop/devel/tee-tpm-hyp/optee_os/out/arm/export-ta_arm32/lib/libutee.a(tee_api_arith_mpi.o)
                                        0x150 (size before relaxing)
 .ARM.exidx     0x0000000000007bd0      0x168 /home/hsk/Desktop/devel/tee-tpm-hyp/optee_os/out/arm/export-ta_arm32/lib/libmbedtls.a(bignum.o)
                                        0x1b0 (size before relaxing)
 .ARM.exidx     0x0000000000007d38       0x90 /home/hsk/Desktop/devel/tee-tpm-hyp/optee_os/out/arm/export-ta_arm32/lib/libutils.a(bget_malloc.o)
 .ARM.exidx     0x0000000000007e20       0x10 /home/hsk/Desktop/devel/tee-tpm-hyp/optee_os/out/arm/export-ta_arm32/lib/libutils.a(snprintf.o)
 .ARM.exidx     0x0000000000007e30        0x8 /home/hsk/Desktop/devel/tee-tpm-hyp/optee_os/out/arm/export-ta_arm32/lib/libutils.a(memcmp.o)
 .ARM.exidx     0x0000000000007e38        0x8 /home/hsk/Desktop/devel/tee-tpm-hyp/optee_os/out/arm/export-ta_arm32/lib/libutils.a(memcpy.o)
 .ARM.exidx     0x0000000000007e40        0x0 /home/hsk/Desktop/devel/tee-tpm-hyp/optee_os/out/arm/export-ta_arm32/lib/libutils.a(memmove.o)
                                          0x8 (size before relaxing)
 .ARM.exidx     0x0000000000007e40       0x10 /home/hsk/Desktop/devel/tee-tpm-hyp/optee_os/out/arm/export-ta_arm32/lib/libutils.a(memset.o)
                                          0x8 (size before relaxing)
 .ARM.exidx     0x0000000000007dc8       0x20 /home/hsk/Desktop/devel/tee-tpm-hyp/optee_os/out/arm/export-ta_arm32/lib/libutils.a(mempool.o)
 .ARM.exidx     0x0000000000007de8       0x10 /home/hsk/Desktop/devel/tee-tpm-hyp/optee_os/out/arm/export-ta_arm32/lib/libutee.a(assert.o)

.ctors
 *(SORT(.ctors))

.dtors
 *(SORT(.dtors))

.got            0x0000000000007e50       0x34
 *(SORT(.got.plt))
 .got.plt       0x0000000000007e50        0xc ./secure_storage_ta.o
                0x0000000000007e50                _GLOBAL_OFFSET_TABLE_
 *(SORT(.got))
 .got           0x0000000000007e5c       0x28 ./secure_storage_ta.o

.rel.text
 *(SORT(.rel.text))
 *(SORT(.rel.gnu.linkonce.t*))

.rela.text
 *(SORT(.rela.text))
 *(SORT(.rela.gnu.linkonce.t*))

.rel.data
 *(SORT(.rel.data))
 *(SORT(.rel.gnu.linkonce.d*))

.rela.data
 *(SORT(.rela.data))
 *(SORT(.rela.gnu.linkonce.d*))

.rel.rodata
 *(SORT(.rel.rodata))
 *(SORT(.rel.gnu.linkonce.r*))

.rela.rodata
 *(SORT(.rela.rodata))
 *(SORT(.rela.gnu.linkonce.r*))

.rel.dyn        0x0000000000007e84       0xb8
 *(SORT(.rel.dyn))
 .rel.data.rel.ro
                0x0000000000007e84        0x0 ./secure_storage_ta.o
 .rel.iplt      0x0000000000007e84        0x0 ./secure_storage_ta.o
 .rel.data.rel.ro.local
                0x0000000000007e84       0x90 ./secure_storage_ta.o
 .rel.ta_head   0x0000000000007f14        0x8 ./secure_storage_ta.o
 .rel.data.rel  0x0000000000007f1c        0x8 ./secure_storage_ta.o
 .rel.data.rel.local
                0x0000000000007f24       0x18 ./secure_storage_ta.o

.rel.got        0x0000000000007f3c       0x50
 *(SORT(.rel.got))
 .rel.got       0x0000000000007f3c       0x50 ./secure_storage_ta.o

.rela.got
 *(SORT(.rela.got))

.rel.ctors
 *(SORT(.rel.ctors))

.rela.ctors
 *(SORT(.rela.ctors))

.rel.dtors
 *(SORT(.rel.dtors))

.rela.dtors
 *(SORT(.rela.dtors))

.rel.init
 *(SORT(.rel.init))

.rela.init
 *(SORT(.rela.init))

.rel.fini
 *(SORT(.rel.fini))

.rela.fini
 *(SORT(.rela.fini))

.rel.bss        0x0000000000007f8c        0x0
 *(SORT(.rel.bss))
 .rel.bss       0x0000000000007f8c        0x0 ./secure_storage_ta.o

.rela.bss
 *(SORT(.rela.bss))

.rel.plt        0x0000000000007f8c        0x0
 *(SORT(.rel.plt))
 .rel.plt       0x0000000000007f8c        0x0 ./secure_storage_ta.o

.rela.plt
 *(SORT(.rela.plt))

.dynamic        0x0000000000007f8c       0x80
 *(SORT(.dynamic))
 .dynamic       0x0000000000007f8c       0x80 ./secure_storage_ta.o
                0x0000000000007f8c                _DYNAMIC

.dynsym         0x000000000000800c       0xd0
 *(SORT(.dynsym))
 .dynsym        0x000000000000800c       0xd0 ./secure_storage_ta.o

.dynstr         0x00000000000080dc       0x9f
 *(SORT(.dynstr))
 .dynstr        0x00000000000080dc       0x9f ./secure_storage_ta.o

.hash           0x000000000000817c       0x48
 *(SORT(.hash))
 .hash          0x000000000000817c       0x48 ./secure_storage_ta.o
                0x0000000000009000                . = ALIGN (0x1000)

.data           0x0000000000009000       0x98
 *(SORT(.data) SORT(.data.*) SORT(.gnu.linkonce.d.*))
 .data          0x0000000000009000        0x4 ./user_ta_header.o
                0x0000000000009000                trace_level
 .data.rel.ro.local
                0x0000000000009004       0x6c ./user_ta_header.o
                0x0000000000009004                ta_props
 .data.rel      0x0000000000009070        0x4 /home/hsk/Desktop/devel/tee-tpm-hyp/optee_os/out/arm/export-ta_arm32/lib/libutee.a(user_ta_entry.o)
                0x0000000000009070                _ref__utee_mcount
 .data.rel.local
                0x0000000000009074        0x8 /home/hsk/Desktop/devel/tee-tpm-hyp/optee_os/out/arm/export-ta_arm32/lib/libutee.a(user_ta_entry.o)
 .data.rel.local
                0x000000000000907c       0x1c /home/hsk/Desktop/devel/tee-tpm-hyp/optee_os/out/arm/export-ta_arm32/lib/libutils.a(bget_malloc.o)
 .data          0x0000000000009098        0x0 ./secure_storage_ta.o
 .data.rel.ro   0x0000000000009098        0x0 ./secure_storage_ta.o
 .data          0x0000000000009098        0x0 /home/hsk/Desktop/devel/tee-tpm-hyp/optee_os/out/arm/export-ta_arm32/lib/libutils.a(trace.o)
 .data          0x0000000000009098        0x0 /home/hsk/Desktop/devel/tee-tpm-hyp/optee_os/out/arm/export-ta_arm32/lib/libutils.a(aeabi_unwind.o)
 .data          0x0000000000009098        0x0 /home/hsk/Desktop/devel/tee-tpm-hyp/optee_os/out/arm/export-ta_arm32/lib/libutils.a(snprintk.o)
 .data          0x0000000000009098        0x0 /home/hsk/Desktop/devel/tee-tpm-hyp/optee_os/out/arm/export-ta_arm32/lib/libutils.a(memchr.o)
 .data          0x0000000000009098        0x0 /home/hsk/Desktop/devel/tee-tpm-hyp/optee_os/out/arm/export-ta_arm32/lib/libutils.a(strlen.o)
 .data          0x0000000000009098        0x0 /home/hsk/Desktop/devel/tee-tpm-hyp/optee_os/out/arm/export-ta_arm32/lib/libutils.a(arm32_aeabi_ldivmod_a32.o)
 .data          0x0000000000009098        0x0 /home/hsk/Desktop/devel/tee-tpm-hyp/optee_os/out/arm/export-ta_arm32/lib/libutils.a(arm32_aeabi_ldivmod.o)
 .data          0x0000000000009098        0x0 /home/hsk/Desktop/devel/tee-tpm-hyp/optee_os/out/arm/export-ta_arm32/lib/libutee.a(trace_ext.o)
 .data          0x0000000000009098        0x0 /home/hsk/Desktop/devel/tee-tpm-hyp/optee_os/out/arm/export-ta_arm32/lib/libutee.a(tee_api.o)
 .data          0x0000000000009098        0x0 /home/hsk/Desktop/devel/tee-tpm-hyp/optee_os/out/arm/export-ta_arm32/lib/libutee.a(tee_api_objects.o)
 .data          0x0000000000009098        0x0 /home/hsk/Desktop/devel/tee-tpm-hyp/optee_os/out/arm/export-ta_arm32/lib/libutee.a(tee_api_panic.o)
 .data          0x0000000000009098        0x0 /home/hsk/Desktop/devel/tee-tpm-hyp/optee_os/out/arm/export-ta_arm32/lib/libutee.a(user_ta_entry.o)
 .data          0x0000000000009098        0x0 /home/hsk/Desktop/devel/tee-tpm-hyp/optee_os/out/arm/export-ta_arm32/lib/libutee.a(utee_syscalls_a32.o)
 .data          0x0000000000009098        0x0 /home/hsk/Desktop/devel/tee-tpm-hyp/optee_os/out/arm/export-ta_arm32/lib/libutee.a(gprof_a32.o)
 .data          0x0000000000009098        0x0 /home/hsk/Desktop/devel/tee-tpm-hyp/optee_os/out/arm/export-ta_arm32/lib/libutee.a(tee_api_arith_mpi.o)
 .data          0x0000000000009098        0x0 /home/hsk/Desktop/devel/tee-tpm-hyp/optee_os/out/arm/export-ta_arm32/lib/libmbedtls.a(bignum.o)
 .data          0x0000000000009098        0x0 /home/hsk/Desktop/devel/tee-tpm-hyp/optee_os/out/arm/export-ta_arm32/lib/libutils.a(bget_malloc.o)
 .data          0x0000000000009098        0x0 /home/hsk/Desktop/devel/tee-tpm-hyp/optee_os/out/arm/export-ta_arm32/lib/libutils.a(snprintf.o)
 .data          0x0000000000009098        0x0 /home/hsk/Desktop/devel/tee-tpm-hyp/optee_os/out/arm/export-ta_arm32/lib/libutils.a(memcmp.o)
 .data          0x0000000000009098        0x0 /home/hsk/Desktop/devel/tee-tpm-hyp/optee_os/out/arm/export-ta_arm32/lib/libutils.a(memcpy.o)
 .data          0x0000000000009098        0x0 /home/hsk/Desktop/devel/tee-tpm-hyp/optee_os/out/arm/export-ta_arm32/lib/libutils.a(memmove.o)
 .data          0x0000000000009098        0x0 /home/hsk/Desktop/devel/tee-tpm-hyp/optee_os/out/arm/export-ta_arm32/lib/libutils.a(memset.o)
 .data          0x0000000000009098        0x0 /home/hsk/Desktop/devel/tee-tpm-hyp/optee_os/out/arm/export-ta_arm32/lib/libutils.a(mempool.o)
 .data          0x0000000000009098        0x0 /home/hsk/Desktop/devel/tee-tpm-hyp/optee_os/out/arm/export-ta_arm32/lib/libutee.a(assert.o)

.igot.plt       0x0000000000009098        0x0
 .igot.plt      0x0000000000009098        0x0 ./secure_storage_ta.o

.bss            0x0000000000009098     0xa070
 *(SORT(.bss) SORT(.bss.*) SORT(.gnu.linkonce.b.*) SORT(COMMON))
 .bss           0x0000000000009098        0x4 /home/hsk/Desktop/devel/tee-tpm-hyp/optee_os/out/arm/export-ta_arm32/lib/libutee.a(tee_api.o)
 .bss           0x000000000000909c       0x28 /home/hsk/Desktop/devel/tee-tpm-hyp/optee_os/out/arm/export-ta_arm32/lib/libutee.a(user_ta_entry.o)
                0x00000000000090a0                ta_param_types
                0x00000000000090a4                ta_params
 .bss           0x00000000000090c4     0x2000 /home/hsk/Desktop/devel/tee-tpm-hyp/optee_os/out/arm/export-ta_arm32/lib/libutee.a(tee_api_arith_mpi.o)
 .bss           0x000000000000b0c4        0x4 /home/hsk/Desktop/devel/tee-tpm-hyp/optee_os/out/arm/export-ta_arm32/lib/libmbedtls.a(bignum.o)
                0x000000000000b0c4                mbedtls_mpi_mempool
 .bss           0x000000000000b0c8       0x40 /home/hsk/Desktop/devel/tee-tpm-hyp/optee_os/out/arm/export-ta_arm32/lib/libutils.a(bget_malloc.o)
 .bss           0x000000000000b108        0x0 ./secure_storage_ta.o
 .bss           0x000000000000b108     0x8000 ./user_ta_header.o
                0x000000000000b108                ta_heap
 .bss           0x0000000000013108        0x0 /home/hsk/Desktop/devel/tee-tpm-hyp/optee_os/out/arm/export-ta_arm32/lib/libutils.a(trace.o)
 .bss           0x0000000000013108        0x0 /home/hsk/Desktop/devel/tee-tpm-hyp/optee_os/out/arm/export-ta_arm32/lib/libutils.a(aeabi_unwind.o)
 .bss           0x0000000000013108        0x0 /home/hsk/Desktop/devel/tee-tpm-hyp/optee_os/out/arm/export-ta_arm32/lib/libutils.a(snprintk.o)
 .bss           0x0000000000013108        0x0 /home/hsk/Desktop/devel/tee-tpm-hyp/optee_os/out/arm/export-ta_arm32/lib/libutils.a(memchr.o)
 .bss           0x0000000000013108        0x0 /home/hsk/Desktop/devel/tee-tpm-hyp/optee_os/out/arm/export-ta_arm32/lib/libutils.a(strlen.o)
 .bss           0x0000000000013108        0x0 /home/hsk/Desktop/devel/tee-tpm-hyp/optee_os/out/arm/export-ta_arm32/lib/libutils.a(arm32_aeabi_ldivmod_a32.o)
 .bss           0x0000000000013108        0x0 /home/hsk/Desktop/devel/tee-tpm-hyp/optee_os/out/arm/export-ta_arm32/lib/libutils.a(arm32_aeabi_ldivmod.o)
 .bss           0x0000000000013108        0x0 /home/hsk/Desktop/devel/tee-tpm-hyp/optee_os/out/arm/export-ta_arm32/lib/libutee.a(trace_ext.o)
 .bss           0x0000000000013108        0x0 /home/hsk/Desktop/devel/tee-tpm-hyp/optee_os/out/arm/export-ta_arm32/lib/libutee.a(tee_api_objects.o)
 .bss           0x0000000000013108        0x0 /home/hsk/Desktop/devel/tee-tpm-hyp/optee_os/out/arm/export-ta_arm32/lib/libutee.a(tee_api_panic.o)
 .bss           0x0000000000013108        0x0 /home/hsk/Desktop/devel/tee-tpm-hyp/optee_os/out/arm/export-ta_arm32/lib/libutee.a(utee_syscalls_a32.o)
 .bss           0x0000000000013108        0x0 /home/hsk/Desktop/devel/tee-tpm-hyp/optee_os/out/arm/export-ta_arm32/lib/libutee.a(gprof_a32.o)
 .bss           0x0000000000013108        0x0 /home/hsk/Desktop/devel/tee-tpm-hyp/optee_os/out/arm/export-ta_arm32/lib/libutils.a(snprintf.o)
 .bss           0x0000000000013108        0x0 /home/hsk/Desktop/devel/tee-tpm-hyp/optee_os/out/arm/export-ta_arm32/lib/libutils.a(memcmp.o)
 .bss           0x0000000000013108        0x0 /home/hsk/Desktop/devel/tee-tpm-hyp/optee_os/out/arm/export-ta_arm32/lib/libutils.a(memcpy.o)
 .bss           0x0000000000013108        0x0 /home/hsk/Desktop/devel/tee-tpm-hyp/optee_os/out/arm/export-ta_arm32/lib/libutils.a(memmove.o)
 .bss           0x0000000000013108        0x0 /home/hsk/Desktop/devel/tee-tpm-hyp/optee_os/out/arm/export-ta_arm32/lib/libutils.a(memset.o)
 .bss           0x0000000000013108        0x0 /home/hsk/Desktop/devel/tee-tpm-hyp/optee_os/out/arm/export-ta_arm32/lib/libutils.a(mempool.o)
 .bss           0x0000000000013108        0x0 /home/hsk/Desktop/devel/tee-tpm-hyp/optee_os/out/arm/export-ta_arm32/lib/libutee.a(assert.o)
                0x0000000000013108                . = ALIGN (0x8)
                0x0000000000013108                __gprof_buf_start = .
                0x0000000000013108                . = (. + DEFINED (__gnu_mcount_nc)?(((__text_end - __text_start) * 0x88) / 0x64):0x0)
                0x0000000000013108                __gprof_buf_end = .

.dynbss         0x0000000000013108        0x0
 .dynbss        0x0000000000013108        0x0 ./secure_storage_ta.o

/DISCARD/
 *(SORT(.interp))
LOAD ./secure_storage_ta.o
LOAD ./user_ta_header.o
START GROUP
LOAD /home/hsk/Desktop/devel/tee-tpm-hyp/optee_os/out/arm/export-ta_arm32/lib/libutils.a
LOAD /home/hsk/Desktop/devel/tee-tpm-hyp/optee_os/out/arm/export-ta_arm32/lib/libutee.a
LOAD /home/hsk/Desktop/devel/tee-tpm-hyp/optee_os/out/arm/export-ta_arm32/lib/libmbedtls.a
END GROUP
OUTPUT(f4e750bb-1437-4fbf-8785-8d3580c34994.elf elf32-littlearm)

.debug_info     0x0000000000000000     0xf311
 .debug_info    0x0000000000000000      0x903 ./secure_storage_ta.o
 .debug_info    0x0000000000000903      0x37d ./user_ta_header.o
 .debug_info    0x0000000000000c80      0x688 /home/hsk/Desktop/devel/tee-tpm-hyp/optee_os/out/arm/export-ta_arm32/lib/libutils.a(trace.o)
 .debug_info    0x0000000000001308       0x4f /home/hsk/Desktop/devel/tee-tpm-hyp/optee_os/out/arm/export-ta_arm32/lib/libutils.a(aeabi_unwind.o)
 .debug_info    0x0000000000001357      0x690 /home/hsk/Desktop/devel/tee-tpm-hyp/optee_os/out/arm/export-ta_arm32/lib/libutils.a(snprintk.o)
 .debug_info    0x00000000000019e7       0xbd /home/hsk/Desktop/devel/tee-tpm-hyp/optee_os/out/arm/export-ta_arm32/lib/libutils.a(memchr.o)
 .debug_info    0x0000000000001aa4       0x8d /home/hsk/Desktop/devel/tee-tpm-hyp/optee_os/out/arm/export-ta_arm32/lib/libutils.a(strlen.o)
 .debug_info    0x0000000000001b31       0x86 /home/hsk/Desktop/devel/tee-tpm-hyp/optee_os/out/arm/export-ta_arm32/lib/libutils.a(arm32_aeabi_ldivmod_a32.o)
 .debug_info    0x0000000000001bb7      0x2d3 /home/hsk/Desktop/devel/tee-tpm-hyp/optee_os/out/arm/export-ta_arm32/lib/libutils.a(arm32_aeabi_ldivmod.o)
 .debug_info    0x0000000000001e8a      0x2ba /home/hsk/Desktop/devel/tee-tpm-hyp/optee_os/out/arm/export-ta_arm32/lib/libutee.a(trace_ext.o)
 .debug_info    0x0000000000002144      0xe9d /home/hsk/Desktop/devel/tee-tpm-hyp/optee_os/out/arm/export-ta_arm32/lib/libutee.a(tee_api.o)
 .debug_info    0x0000000000002fe1     0x1732 /home/hsk/Desktop/devel/tee-tpm-hyp/optee_os/out/arm/export-ta_arm32/lib/libutee.a(tee_api_objects.o)
 .debug_info    0x0000000000004713      0x100 /home/hsk/Desktop/devel/tee-tpm-hyp/optee_os/out/arm/export-ta_arm32/lib/libutee.a(tee_api_panic.o)
 .debug_info    0x0000000000004813      0xab8 /home/hsk/Desktop/devel/tee-tpm-hyp/optee_os/out/arm/export-ta_arm32/lib/libutee.a(user_ta_entry.o)
 .debug_info    0x00000000000052cb       0x7a /home/hsk/Desktop/devel/tee-tpm-hyp/optee_os/out/arm/export-ta_arm32/lib/libutee.a(utee_syscalls_a32.o)
 .debug_info    0x0000000000005345       0x7c /home/hsk/Desktop/devel/tee-tpm-hyp/optee_os/out/arm/export-ta_arm32/lib/libutee.a(gprof_a32.o)
 .debug_info    0x00000000000053c1     0x355c /home/hsk/Desktop/devel/tee-tpm-hyp/optee_os/out/arm/export-ta_arm32/lib/libutee.a(tee_api_arith_mpi.o)
 .debug_info    0x000000000000891d     0x451c /home/hsk/Desktop/devel/tee-tpm-hyp/optee_os/out/arm/export-ta_arm32/lib/libmbedtls.a(bignum.o)
 .debug_info    0x000000000000ce39     0x1aac /home/hsk/Desktop/devel/tee-tpm-hyp/optee_os/out/arm/export-ta_arm32/lib/libutils.a(bget_malloc.o)
 .debug_info    0x000000000000e8e5      0x19b /home/hsk/Desktop/devel/tee-tpm-hyp/optee_os/out/arm/export-ta_arm32/lib/libutils.a(snprintf.o)
 .debug_info    0x000000000000ea80       0xb4 /home/hsk/Desktop/devel/tee-tpm-hyp/optee_os/out/arm/export-ta_arm32/lib/libutils.a(memcmp.o)
 .debug_info    0x000000000000eb34       0xc9 /home/hsk/Desktop/devel/tee-tpm-hyp/optee_os/out/arm/export-ta_arm32/lib/libutils.a(memcpy.o)
 .debug_info    0x000000000000ebfd       0xc7 /home/hsk/Desktop/devel/tee-tpm-hyp/optee_os/out/arm/export-ta_arm32/lib/libutils.a(memmove.o)
 .debug_info    0x000000000000ecc4       0x9c /home/hsk/Desktop/devel/tee-tpm-hyp/optee_os/out/arm/export-ta_arm32/lib/libutils.a(memset.o)
 .debug_info    0x000000000000ed60      0x42f /home/hsk/Desktop/devel/tee-tpm-hyp/optee_os/out/arm/export-ta_arm32/lib/libutils.a(mempool.o)
 .debug_info    0x000000000000f18f      0x182 /home/hsk/Desktop/devel/tee-tpm-hyp/optee_os/out/arm/export-ta_arm32/lib/libutee.a(assert.o)

.debug_abbrev   0x0000000000000000     0x2967
 .debug_abbrev  0x0000000000000000      0x24b ./secure_storage_ta.o
 .debug_abbrev  0x000000000000024b      0x13e ./user_ta_header.o
 .debug_abbrev  0x0000000000000389      0x277 /home/hsk/Desktop/devel/tee-tpm-hyp/optee_os/out/arm/export-ta_arm32/lib/libutils.a(trace.o)
 .debug_abbrev  0x0000000000000600       0x47 /home/hsk/Desktop/devel/tee-tpm-hyp/optee_os/out/arm/export-ta_arm32/lib/libutils.a(aeabi_unwind.o)
 .debug_abbrev  0x0000000000000647      0x273 /home/hsk/Desktop/devel/tee-tpm-hyp/optee_os/out/arm/export-ta_arm32/lib/libutils.a(snprintk.o)
 .debug_abbrev  0x00000000000008ba       0xae /home/hsk/Desktop/devel/tee-tpm-hyp/optee_os/out/arm/export-ta_arm32/lib/libutils.a(memchr.o)
 .debug_abbrev  0x0000000000000968       0x84 /home/hsk/Desktop/devel/tee-tpm-hyp/optee_os/out/arm/export-ta_arm32/lib/libutils.a(strlen.o)
 .debug_abbrev  0x00000000000009ec       0x12 /home/hsk/Desktop/devel/tee-tpm-hyp/optee_os/out/arm/export-ta_arm32/lib/libutils.a(arm32_aeabi_ldivmod_a32.o)
 .debug_abbrev  0x00000000000009fe      0x131 /home/hsk/Desktop/devel/tee-tpm-hyp/optee_os/out/arm/export-ta_arm32/lib/libutils.a(arm32_aeabi_ldivmod.o)
 .debug_abbrev  0x0000000000000b2f      0x183 /home/hsk/Desktop/devel/tee-tpm-hyp/optee_os/out/arm/export-ta_arm32/lib/libutee.a(trace_ext.o)
 .debug_abbrev  0x0000000000000cb2      0x2b6 /home/hsk/Desktop/devel/tee-tpm-hyp/optee_os/out/arm/export-ta_arm32/lib/libutee.a(tee_api.o)
 .debug_abbrev  0x0000000000000f68      0x2cb /home/hsk/Desktop/devel/tee-tpm-hyp/optee_os/out/arm/export-ta_arm32/lib/libutee.a(tee_api_objects.o)
 .debug_abbrev  0x0000000000001233       0xb4 /home/hsk/Desktop/devel/tee-tpm-hyp/optee_os/out/arm/export-ta_arm32/lib/libutee.a(tee_api_panic.o)
 .debug_abbrev  0x00000000000012e7      0x2eb /home/hsk/Desktop/devel/tee-tpm-hyp/optee_os/out/arm/export-ta_arm32/lib/libutee.a(user_ta_entry.o)
 .debug_abbrev  0x00000000000015d2       0x12 /home/hsk/Desktop/devel/tee-tpm-hyp/optee_os/out/arm/export-ta_arm32/lib/libutee.a(utee_syscalls_a32.o)
 .debug_abbrev  0x00000000000015e4       0x14 /home/hsk/Desktop/devel/tee-tpm-hyp/optee_os/out/arm/export-ta_arm32/lib/libutee.a(gprof_a32.o)
 .debug_abbrev  0x00000000000015f8      0x4c5 /home/hsk/Desktop/devel/tee-tpm-hyp/optee_os/out/arm/export-ta_arm32/lib/libutee.a(tee_api_arith_mpi.o)
 .debug_abbrev  0x0000000000001abd      0x49d /home/hsk/Desktop/devel/tee-tpm-hyp/optee_os/out/arm/export-ta_arm32/lib/libmbedtls.a(bignum.o)
 .debug_abbrev  0x0000000000001f5a      0x418 /home/hsk/Desktop/devel/tee-tpm-hyp/optee_os/out/arm/export-ta_arm32/lib/libutils.a(bget_malloc.o)
 .debug_abbrev  0x0000000000002372      0x101 /home/hsk/Desktop/devel/tee-tpm-hyp/optee_os/out/arm/export-ta_arm32/lib/libutils.a(snprintf.o)